interactions:
- request:
    body: null
    headers:
      User-Agent: [Subliminal/1.1]
    method: GET
    uri: https://api.italiansubs.net/api/rest/shows/search?q=The+Big+Bang&apikey=d86ad6ec041b334fac1e512174ee04d5
  response:
    body: {string: !!python/unicode '<?xml version="1.0" encoding="utf-8"?>

        <root><data><shows><show><id>399</id><name>The Big Bang Theory</name></show></shows><page>1</page><pages>1</pages><count>1</count><next/></data><status>success</status></root>

        '}
    headers:
      alternate-protocol: ['443:npn-spdy/3.1']
      cache-control: ['no-store, no-cache, must-revalidate, post-check=0, pre-check=0']
      connection: [keep-alive]
      content-type: [text/xml;charset=utf-8]
      date: ['Sun, 06 Mar 2016 19:55:59 GMT']
      expires: ['Thu, 19 Nov 1981 08:52:00 GMT']
      pragma: [no-cache]
      server: [nginx/1.8.0]
      set-cookie: [PHPSESSID=cd46b47e6aec91192cd28d30431ca48f; path=/]
      x-powered-by: [PHP/5.6.16]
    status: {code: 200, message: OK}
- request:
    body: null
    headers:
      User-Agent: [Subliminal/1.1]
    method: GET
    uri: https://api.italiansubs.net/api/rest/shows/search?q=The+Big+Bang&apikey=d86ad6ec041b334fac1e512174ee04d5
  response:
    body: {string: !!python/unicode '<?xml version="1.0" encoding="utf-8"?>

        <root><data><shows><show><id>399</id><name>The Big Bang Theory</name></show></shows><page>1</page><pages>1</pages><count>1</count><next/></data><status>success</status></root>

        '}
    headers:
      alternate-protocol: ['443:npn-spdy/3.1']
      cache-control: ['no-store, no-cache, must-revalidate, post-check=0, pre-check=0']
      connection: [keep-alive]
      content-type: [text/xml;charset=utf-8]
      date: ['Mon, 07 Mar 2016 08:31:18 GMT']
      expires: ['Thu, 19 Nov 1981 08:52:00 GMT']
      pragma: [no-cache]
      server: [nginx/1.8.0]
      set-cookie: [PHPSESSID=bb51a0dbb21dbc270d58d7456a1e789f; path=/]
      x-powered-by: [PHP/5.6.16]
    status: {code: 200, message: OK}
- request:
    body: null
    headers:
      User-Agent: [Subliminal/1.1]
    method: GET
    uri: https://api.italiansubs.net/api/rest/shows/search?q=The+Big+Bang&apikey=d86ad6ec041b334fac1e512174ee04d5
  response:
    body: {string: !!python/unicode '<?xml version="1.0" encoding="utf-8"?>

        <root><data><shows><show><id>399</id><name>The Big Bang Theory</name></show></shows><page>1</page><pages>1</pages><count>1</count><next/></data><status>success</status></root>

        '}
    headers:
      alternate-protocol: ['443:npn-spdy/3.1']
      cache-control: ['no-store, no-cache, must-revalidate, post-check=0, pre-check=0']
      connection: [keep-alive]
      content-type: [text/xml;charset=utf-8]
      date: ['Mon, 07 Mar 2016 08:32:01 GMT']
      expires: ['Thu, 19 Nov 1981 08:52:00 GMT']
      pragma: [no-cache]
      server: [nginx/1.8.0]
      set-cookie: [PHPSESSID=17d0e239967078768e070af6e08b0194; path=/]
      x-powered-by: [PHP/5.6.16]
    status: {code: 200, message: OK}
- request:
    body: null
    headers:
      User-Agent: [Subliminal/1.1]
    method: GET
    uri: https://api.italiansubs.net/api/rest/shows/search?q=The+Big+Bang&apikey=d86ad6ec041b334fac1e512174ee04d5
  response:
    body: {string: !!python/unicode '<?xml version="1.0" encoding="utf-8"?>

        <root><data><shows><show><id>399</id><name>The Big Bang Theory</name></show></shows><page>1</page><pages>1</pages><count>1</count><next/></data><status>success</status></root>

        '}
    headers:
      alternate-protocol: ['443:npn-spdy/3.1']
      cache-control: ['no-store, no-cache, must-revalidate, post-check=0, pre-check=0']
      connection: [keep-alive]
      content-type: [text/xml;charset=utf-8]
      date: ['Mon, 07 Mar 2016 08:33:14 GMT']
      expires: ['Thu, 19 Nov 1981 08:52:00 GMT']
      pragma: [no-cache]
      server: [nginx/1.8.0]
      set-cookie: [PHPSESSID=23126656b3ae447385da73fc96694598; path=/]
      x-powered-by: [PHP/5.6.16]
    status: {code: 200, message: OK}
version: 1
