interactions:
- request:
    body: null
    headers:
      Accept-Encoding:
      - gzip, deflate, br, zstd
      Connection:
      - keep-alive
      User-Agent:
      - Subliminal/2.1
      accept:
      - application/json
    method: GET
    uri: https://api.gestdown.info/shows/external/tvdb/80379
  response:
    body:
      string: '{"shows":[{"id":"91eb9278-8cf5-4ddd-9111-7f60b15958cb","name":"The
        Big Bang Theory","nbSeasons":12,"seasons":[1,2,3,4,5,6,7,8,9,10,11,12],"tvDbId":80379,"tmdbId":1418,"slug":"the-big-bang-theory"}]}'
    headers:
      Age:
      - '110'
      CF-Cache-Status:
      - HIT
      CF-RAY:
      - 88ba5f3f1c4a5bd5-LIS
      Cache-Control:
      - public, max-age=14400
      Connection:
      - keep-alive
      Content-Encoding:
      - br
      Content-Type:
      - application/json; charset=utf-8
      Date:
      - Wed, 29 May 2024 23:47:52 GMT
      Last-Modified:
      - Thu, 23 May 2024 00:34:46 GMT
      NEL:
      - '{"success_fraction":0,"report_to":"cf-nel","max_age":604800}'
      Report-To:
      - '{"endpoints":[{"url":"https:\/\/a.nel.cloudflare.com\/report\/v4?s=%2BTY8PyPAgmLEtazIW3oLO2OL527cdIxNX1UYO03u9LCymbFREpzBeIpC0KSTg1plVFjdKohpusgTR59TTzZn6t0njsjyW01whWVCisoQvtKrsw7HETP%2FqIVRYdCEVDAmiDvt3Q%3D%3D"}],"group":"cf-nel","max_age":604800}'
      Server:
      - cloudflare
      Strict-Transport-Security:
      - max-age=15552000; includeSubDomains; preload
      Transfer-Encoding:
      - chunked
      X-Content-Type-Options:
      - nosniff
      alt-svc:
      - h3=":443"; ma=86400
      vary:
      - Accept-Encoding
    status:
      code: 200
      message: OK
- request:
    body: null
    headers:
      Accept-Encoding:
      - gzip, deflate, br, zstd
      Connection:
      - keep-alive
      User-Agent:
      - Subliminal/2.1
      accept:
      - application/json
    method: GET
    uri: https://api.gestdown.info/subtitles/get/91eb9278-8cf5-4ddd-9111-7f60b15958cb/7/5/deu
  response:
    body:
      string: '{"matchingSubtitles":[{"subtitleId":"712de981-a7cc-4ce0-842c-0da9a06d1472","version":"LOL","completed":true,"hearingImpaired":false,"corrected":true,"hd":true,"downloadUri":"/subtitles/download/712de981-a7cc-4ce0-842c-0da9a06d1472","language":"German","discovered":"2022-05-30T14:51:00.621711Z","downloadCount":72}],"episode":{"season":7,"number":5,"title":"The
        Workplace Proximity","show":"The Big Bang Theory","discovered":"2022-05-30T14:51:00.621694Z"}}'
    headers:
      CF-Cache-Status:
      - EXPIRED
      CF-RAY:
      - 88ba5f3f4af35bea-LIS
      Cache-Control:
      - public, max-age=7200
      Connection:
      - keep-alive
      Content-Encoding:
      - br
      Content-Type:
      - application/json; charset=utf-8
      Date:
      - Wed, 29 May 2024 23:47:52 GMT
      Last-Modified:
      - Wed, 29 May 2024 19:47:28 GMT
      NEL:
      - '{"success_fraction":0,"report_to":"cf-nel","max_age":604800}'
      Report-To:
      - '{"endpoints":[{"url":"https:\/\/a.nel.cloudflare.com\/report\/v4?s=MpR7RvMb9k5jOK6rB%2BrzRqsNGgtlbSt%2Bhc3ujrvfbipd4f4dVkCuUctR4EEoYE936mwaDlXbu54rH7yIcxnF9XTZCbUgGRmT1WjWbkMxgIuS2oFumyXe1N%2Bb%2BxmL7dy9GG3lLQ%3D%3D"}],"group":"cf-nel","max_age":604800}'
      Server:
      - cloudflare
      Strict-Transport-Security:
      - max-age=15552000; includeSubDomains; preload
      Transfer-Encoding:
      - chunked
      X-Content-Type-Options:
      - nosniff
      alt-svc:
      - h3=":443"; ma=86400
      vary:
      - Accept-Encoding
    status:
      code: 200
      message: OK
- request:
    body: null
    headers:
      Accept-Encoding:
      - gzip, deflate, br, zstd
      Connection:
      - keep-alive
      User-Agent:
      - Subliminal/2.1
      accept:
      - application/json
    method: GET
    uri: https://api.gestdown.info/subtitles/get/91eb9278-8cf5-4ddd-9111-7f60b15958cb/7/5/fra
  response:
    body:
      string: '{"matchingSubtitles":[{"subtitleId":"90fe1369-fa0c-4154-bd04-d3d332dec587","version":"DIMENSION","completed":true,"hearingImpaired":false,"corrected":true,"hd":true,"downloadUri":"/subtitles/download/90fe1369-fa0c-4154-bd04-d3d332dec587","language":"French","discovered":"2022-05-30T14:51:00.621699Z","downloadCount":134}],"episode":{"season":7,"number":5,"title":"The
        Workplace Proximity","show":"The Big Bang Theory","discovered":"2022-05-30T14:51:00.621694Z"}}'
    headers:
      Age:
      - '210'
      CF-Cache-Status:
      - HIT
      CF-RAY:
      - 88ba5f3fff635bec-LIS
      Cache-Control:
      - public, max-age=7200
      Connection:
      - keep-alive
      Content-Encoding:
      - br
      Content-Type:
      - application/json; charset=utf-8
      Date:
      - Wed, 29 May 2024 23:47:52 GMT
      Last-Modified:
      - Wed, 29 May 2024 19:47:28 GMT
      NEL:
      - '{"success_fraction":0,"report_to":"cf-nel","max_age":604800}'
      Report-To:
      - '{"endpoints":[{"url":"https:\/\/a.nel.cloudflare.com\/report\/v4?s=IAx4aW0HGK2J37sxjPaZXJa6GeP6dpLY1netWTbvM5V%2FIt%2Fw6uRFk7SBrfQD8MVMDttJnaGy4Z1UWRnQ0t20kuRS7%2FquqGtTOf5pX3hR9tBOG1cXMd9OMCPI%2BnSUkbuHChIbpw%3D%3D"}],"group":"cf-nel","max_age":604800}'
      Server:
      - cloudflare
      Strict-Transport-Security:
      - max-age=15552000; includeSubDomains; preload
      Transfer-Encoding:
      - chunked
      X-Content-Type-Options:
      - nosniff
      alt-svc:
      - h3=":443"; ma=86400
      vary:
      - Accept-Encoding
    status:
      code: 200
      message: OK
version: 1
