interactions:
- request:
    body: qs=Dallas
    headers:
      Accept:
      - '*/*'
      Accept-Encoding:
      - gzip, deflate
      Connection:
      - keep-alive
      Content-Length:
      - '9'
      Content-Type:
      - application/x-www-form-urlencoded
      Referer:
      - https://www.tvsubtitles.net/
      User-Agent:
      - Subliminal/2.2
      X-Requested-With:
      - XMLHttpRequest
    method: POST
    uri: https://www.tvsubtitles.net/search.php
  response:
    body:
      string: "<!DOCTYPE html PUBLIC \"-//W3C//DTD XHTML 1.0 Strict//EN\" \"http://www.w3.org/TR/xhtml1/DTD/xhtml1-strict.dtd\">\n<html
        xmlns=\"http://www.w3.org/1999/xhtml\" xml:lang=\"en\" lang=\"en\">\n<head>\n\n<meta
        name=\"viewport\" content=\"width=device-width; initial-scale=1.0\">\n<meta
        http-equiv=\"content-type\" content=\"text/html; charset=utf-8\" />\n<title>TVsubtitles.net
        - Search</title>\n<link href=\"favicon.ico\" rel=\"shortcut icon\">\n<link
        rel=\"stylesheet\" href=\"style.css\" type=\"text/css\" />\n<link href=\"media-queries.css\"
        rel=\"stylesheet\" type=\"text/css\">\n\n</head>\n\n\t<body>\n\t<div id=\"content\">\n
        \     <div id=\"header\">\n         <p id=\"top_info\"><noindex><a href=\"http://www.tvsubtitles.net/search.php\"><img
        src=\"images/flag-english.png\" width=\"30\" height=\"16\" alt=\"english\"
        border=0 hspace=2></a>\n         <a href=\"https://es.tvsubtitles.net/search.php\"><img
        src=\"images/flag-spanish.png\" width=\"30\" height=\"16\" alt=\"spanish\"
        border=0 hspace=2></a>\n         <a href=\"https://fr.tvsubtitles.net/search.php\"><img
        src=\"images/flag-french.png\" width=\"30\" height=\"16\" alt=\"french\" border=0
        hspace=2></a>\n         <a href=\"https://www.tvsubtitles.ru/search.php\"><img
        src=\"images/flag-russian.png\" width=\"30\" height=\"16\" alt=\"russian\"
        border=0 hspace=2></a><br />\n         <a><img src=\"images/flag-none.png\"
        width=\"30\" height=\"16\" alt=\"ukrainian\" border=0 hspace=2></a>\n         <a
        href=\"https://ua.tvsubtitles.net/search.php\"><img src=\"images/flag-ukrainian.png\"
        width=\"30\" height=\"16\" alt=\"ukrainian\" border=0 hspace=2></a>\n         <a
        href=\"https://hu.tvsubtitles.net/search.php\"><img src=\"images/flag-hungarian.png\"
        width=\"30\" height=\"16\" alt=\"hungarian\" border=0 hspace=2></a>\n         <a
        href=\"https://gr.tvsubtitles.net/search.php\"><img src=\"images/flag-greek.png\"
        width=\"30\" height=\"16\" alt=\"greek\" border=0 hspace=2></a><br />\n         <a
        href=\"http://www.moviesubtitles.org\" class=\"othersite\">Movie subtitles</a></noindex></p><div
        id=\"logo\">\n            <a href=\"/\" title=\"Download latest TV Show and
        TV Series subtitles\">TVsubtitles<span class=\"title\">.net</span></a>\n            <p>Download
        latest TV Show and TV Series subtitles</p>\n         </div><div style=\"float:left\"></div></div><div
        id=\"tabs\">\n         <ul>\n            <li><a  href=\"/\" accesskey=\"m\">Home</a></li><li><a
        \ href=\"/tvshows.html\" accesskey=\"v\">TV Shows</a></li><li><a  href=\"/new.html\"
        accesskey=\"r\">New</a></li><li><a class=\"current\" href=\"/top.html\" accesskey=\"i\">Top</a></li><li><a
        \ href=\"/add.html\" accesskey=\"d\">Add</a></li><li><a  href=\"/feedback.html\"
        accesskey=\"a\">Feedback</a></li><li><a  href=\"http://www.msubs.net/\" accesskey=\"a\">Movies</a></li>\n
        \        </ul>\n\t<span style=\"position: relative; left: -790px;top:67px;\"
        class=\"selecto\">Show subtitles <select size=\"1\" name=\"setlang\" style=\"font:
        0.95em Tahoma, Arial, sans-serif;\" onchange=\"javascript: window.location
        = 'setlang.php?page=/search.php&setlang1=' + this.value;\">\n\t<option value=\"all\">all</option><option
        value=\"en\" >english</option><option value=\"es\" >spanish</option><option
        value=\"fr\" >french</option><option value=\"de\" >german</option><option
        value=\"br\" >portuguese(br)</option><option value=\"ru\" >russian</option><option
        value=\"ua\" >ukrainian</option><option value=\"it\" >italian</option><option
        value=\"gr\" >greek</option><option value=\"ar\" >arabic</option><option value=\"hu\"
        >hungarian</option><option value=\"pl\" >polish</option><option value=\"tr\"
        >turkish</option><option value=\"nl\" >dutch </option><option value=\"pt\"
        >portuguese</option><option value=\"sv\" >swedish</option><option value=\"da\"
        >danish</option><option value=\"fi\" >finnish</option><option value=\"ko\"
        >korean</option><option value=\"cn\" >chinese</option><option value=\"jp\"
        >japanese</option><option value=\"bg\" >bulgarian</option><option value=\"cz\"
        >czech</option><option value=\"ro\" >romanian</option></select><img src=\"images/spacer.gif\"
        width=\"18\" height=\"12\" alt=\"\" border=\"0\" style=\"margin:2px 5px;\"
        align=\"top\">\n</span>\n         <div id=\"search\">\n            <form method=\"post\"
        action=\"search.php\">\n               <p><input type=\"text\" name=\"qs\"
        class=\"search\" value=\"\" /> <input type=\"submit\" value=\"Search\" class=\"button\"
        /></p>\n            </form>\n         </div>\n      </div><div style=\"clear:both\"
        class=\"littlevspace\"></div>\n      <div class=\"left\">\n<div class=\"left_articles\">\n
        \           <div style=\"background: #fff url(images/search.png) no-repeat;
        width: 48px; height:55px; padding: 0 0 0 9px; float: left;\"></div>\n            <h2>Search</h2>\n
        \           <p class=\"description\">Search results</p><p><ul style=\"margin-left:2em\"><li
        style=\"font-size: 120%; font-weight:bold; margin:10px 0\"><div  style=\"\"><a
        href=\"/tvshow-646.html\">Dallas (1978-1991)</a>&nbsp;&nbsp;&nbsp;<img src=\"images/flags/br.gif\"
        width=\"18\" height=\"12\" alt=\"br\" border=0 align=absmiddle>&nbsp;<img
        src=\"images/flags/en.gif\" width=\"18\" height=\"12\" alt=\"en\" border=0
        align=absmiddle>&nbsp;<img src=\"images/flags/fr.gif\" width=\"18\" height=\"12\"
        alt=\"fr\" border=0 align=absmiddle>&nbsp;<img src=\"images/flags/hu.gif\"
        width=\"18\" height=\"12\" alt=\"hu\" border=0 align=absmiddle>&nbsp;<img
        src=\"images/flags/ro.gif\" width=\"18\" height=\"12\" alt=\"ro\" border=0
        align=absmiddle>&nbsp;<img src=\"images/flags/ru.gif\" width=\"18\" height=\"12\"
        alt=\"ru\" border=0 align=absmiddle>&nbsp;</div></li><li style=\"font-size:
        120%; font-weight:bold; margin:10px 0\"><div  style=\"\"><a href=\"/tvshow-1127.html\">Dallas
        2012 (2012-2014)</a>&nbsp;&nbsp;&nbsp;<img src=\"images/flags/bg.gif\" width=\"18\"
        height=\"12\" alt=\"bg\" border=0 align=absmiddle>&nbsp;<img src=\"images/flags/br.gif\"
        width=\"18\" height=\"12\" alt=\"br\" border=0 align=absmiddle>&nbsp;<img
        src=\"images/flags/en.gif\" width=\"18\" height=\"12\" alt=\"en\" border=0
        align=absmiddle>&nbsp;<img src=\"images/flags/fr.gif\" width=\"18\" height=\"12\"
        alt=\"fr\" border=0 align=absmiddle>&nbsp;<img src=\"images/flags/hu.gif\"
        width=\"18\" height=\"12\" alt=\"hu\" border=0 align=absmiddle>&nbsp;<img
        src=\"images/flags/pt.gif\" width=\"18\" height=\"12\" alt=\"pt\" border=0
        align=absmiddle>&nbsp;<img src=\"images/flags/ro.gif\" width=\"18\" height=\"12\"
        alt=\"ro\" border=0 align=absmiddle>&nbsp;</div></li></ul><br></div>\n</div>\n<div
        id=\"right\"><div style=\"width:300px; height: 250px;\"><script async=\"async\"
        data-cfasync=\"false\" src=\"//acquaintedpostman.com/984bb3acd60a61f2e29a4c2e9694e6ff/invoke.js\"></script>\n<div
        id=\"container-984bb3acd60a61f2e29a4c2e9694e6ff\"></div></div>\n\n<div align=\"center\"
        style=\"font-size:10px; overflow:hidden\"></div><div class=\"boxtop\"></div>\n
        \        \t<div class=\"box\">\n            <p><img src=\"images/statistics.png\"
        alt=\"Site statistics\" title=\"Site statistics\" class=\"image\" />\n            <b>Site
        statistics</b><br /><table cellspacing=0 cellpadding=0><tr><td align=right>Total
        subtitles:</td><td> 294799</td></tr><tr><td align=right>TV Shows:</td><td>
        2299</td></tr><tr><td align=right>TV Episodes:</td><td> 79784</td></tr><tr><td
        align=right>Downloads:</td><td> 495 742 327</td></tr></table><p style=\"margin-top:0.5em\"><b>Amount
        subtitles in languages:</b></p>\n<table cellspacing=0 cellpadding=0 width=100%
        style=\"margin-top:0.5em\"><td class=\"stat\"><img src=\"images/flags/en.gif\"
        width=\"18\" height=\"12\" alt=\"english\" title=\"english\" border=0> - 68
        121</td><td class=\"stat\"><img src=\"images/flags/fr.gif\" width=\"18\" height=\"12\"
        alt=\"french\" title=\"french\" border=0> - 39 058</td><td class=\"stat\"><img
        src=\"images/flags/gr.gif\" width=\"18\" height=\"12\" alt=\"greek\" title=\"greek\"
        border=0> - 35 942</td></tr>\n<tr><td class=\"stat\"><img src=\"images/flags/pt.gif\"
        width=\"18\" height=\"12\" alt=\"portuguese\" title=\"portuguese\" border=0>
        - 26 925</td><td class=\"stat\"><img src=\"images/flags/hu.gif\" width=\"18\"
        height=\"12\" alt=\"hungarian\" title=\"hungarian\" border=0> - 19 241</td><td
        class=\"stat\"><img src=\"images/flags/br.gif\" width=\"18\" height=\"12\"
        alt=\"portuguese(br)\" title=\"portuguese(br)\" border=0> - 17 332</td></tr>\n<tr><td
        class=\"stat\"><img src=\"images/flags/ru.gif\" width=\"18\" height=\"12\"
        alt=\"russian\" title=\"russian\" border=0> - 15 506</td><td class=\"stat\"><img
        src=\"images/flags/es.gif\" width=\"18\" height=\"12\" alt=\"spanish\" title=\"spanish\"
        border=0> - 14 346</td><td class=\"stat\"><img src=\"images/flags/ro.gif\"
        width=\"18\" height=\"12\" alt=\"romanian\" title=\"romanian\" border=0> -
        13 092</td></tr>\n<tr><td class=\"stat\"><img src=\"images/flags/pl.gif\"
        width=\"18\" height=\"12\" alt=\"polish\" title=\"polish\" border=0> - 12
        766</td><td class=\"stat\"><img src=\"images/flags/it.gif\" width=\"18\" height=\"12\"
        alt=\"italian\" title=\"italian\" border=0> - 7 224</td><td class=\"stat\"><img
        src=\"images/flags/bg.gif\" width=\"18\" height=\"12\" alt=\"bulgarian\" title=\"bulgarian\"
        border=0> - 5 701</td></tr>\n<tr><td class=\"stat\"><img src=\"images/flags/nl.gif\"
        width=\"18\" height=\"12\" alt=\"dutch \" title=\"dutch \" border=0> - 5 234</td><td
        class=\"stat\"><img src=\"images/flags/tr.gif\" width=\"18\" height=\"12\"
        alt=\"turkish\" title=\"turkish\" border=0> - 5 113</td><td class=\"stat\"><img
        src=\"images/flags/de.gif\" width=\"18\" height=\"12\" alt=\"german\" title=\"german\"
        border=0> - 3 754</td></tr>\n<tr><td class=\"stat\"><img src=\"images/flags/ar.gif\"
        width=\"18\" height=\"12\" alt=\"arabic\" title=\"arabic\" border=0> - 2 196</td><td
        class=\"stat\"><img src=\"images/flags/ua.gif\" width=\"18\" height=\"12\"
        alt=\"ukrainian\" title=\"ukrainian\" border=0> - 1 114</td><td class=\"stat\"><img
        src=\"images/flags/cz.gif\" width=\"18\" height=\"12\" alt=\"czech\" title=\"czech\"
        border=0> - 685</td></tr>\n<tr></tr></table></p><p style=\"margin-top:0.5em\"><b>Downloads:</b></p>\n<table
        cellspacing=0 cellpadding=0 width=90% style=\"margin-top:0.5em\"><td class=\"stat\"><img
        src=\"images/flags/en.gif\" width=\"18\" height=\"12\" alt=\"english\" title=\"english\"
        border=0> - 186.9 mil</td><td class=\"stat\"><img src=\"images/flags/fr.gif\"
        width=\"18\" height=\"12\" alt=\"french\" title=\"french\" border=0> - 118.6
        mil</td><td class=\"stat\"><img src=\"images/flags/gr.gif\" width=\"18\" height=\"12\"
        alt=\"greek\" title=\"greek\" border=0> - 55.57 mil</td></tr><tr><td class=\"stat\"><img
        src=\"images/flags/ru.gif\" width=\"18\" height=\"12\" alt=\"russian\" title=\"russian\"
        border=0> - 19.07 mil</td><td class=\"stat\"><img src=\"images/flags/br.gif\"
        width=\"18\" height=\"12\" alt=\"portuguese(br)\" title=\"portuguese(br)\"
        border=0> - 17.56 mil</td><td class=\"stat\"><img src=\"images/flags/es.gif\"
        width=\"18\" height=\"12\" alt=\"spanish\" title=\"spanish\" border=0> - 15.09
        mil</td></tr><tr><td class=\"stat\"><img src=\"images/flags/pt.gif\" width=\"18\"
        height=\"12\" alt=\"portuguese\" title=\"portuguese\" border=0> - 14.09 mil</td><td
        class=\"stat\"><img src=\"images/flags/hu.gif\" width=\"18\" height=\"12\"
        alt=\"hungarian\" title=\"hungarian\" border=0> - 13.67 mil</td><td class=\"stat\"><img
        src=\"images/flags/pl.gif\" width=\"18\" height=\"12\" alt=\"polish\" title=\"polish\"
        border=0> - 9.13 mil</td></tr><tr><td class=\"stat\"><img src=\"images/flags/it.gif\"
        width=\"18\" height=\"12\" alt=\"italian\" title=\"italian\" border=0> - 7.95
        mil</td><td class=\"stat\"><img src=\"images/flags/ro.gif\" width=\"18\" height=\"12\"
        alt=\"romanian\" title=\"romanian\" border=0> - 7.71 mil</td><td class=\"stat\"><img
        src=\"images/flags/bg.gif\" width=\"18\" height=\"12\" alt=\"bulgarian\" title=\"bulgarian\"
        border=0> - 5.13 mil</td></tr><tr><td class=\"stat\"><img src=\"images/flags/nl.gif\"
        width=\"18\" height=\"12\" alt=\"dutch \" title=\"dutch \" border=0> - 4.98
        mil</td><td class=\"stat\"><img src=\"images/flags/tr.gif\" width=\"18\" height=\"12\"
        alt=\"turkish\" title=\"turkish\" border=0> - 4.8 mil</td><td class=\"stat\"><img
        src=\"images/flags/de.gif\" width=\"18\" height=\"12\" alt=\"german\" title=\"german\"
        border=0> - 4.75 mil</td></tr><tr><td class=\"stat\"><img src=\"images/flags/ua.gif\"
        width=\"18\" height=\"12\" alt=\"ukrainian\" title=\"ukrainian\" border=0>
        - 4.54 mil</td><td class=\"stat\"><img src=\"images/flags/ar.gif\" width=\"18\"
        height=\"12\" alt=\"arabic\" title=\"arabic\" border=0> - 2.06 mil</td><td
        class=\"stat\"><img src=\"images/flags/cz.gif\" width=\"18\" height=\"12\"
        alt=\"czech\" title=\"czech\" border=0> - 1.37 mil</td></tr><tr></tr></table></p>\n
        \        </div><center><!--LiveInternet counter--><script type=\"text/javascript\"><!--\ndocument.write(\"<img
        \ style='border:0' src='https://counter.yadro.ru/hit?t14.5;r\"+\nescape(document.referrer)+((typeof(screen)==\"undefined\")?\"\":\n\";s\"+screen.width+\"*\"+screen.height+\"*\"+(screen.colorDepth?\nscreen.colorDepth:screen.pixelDepth))+\";u\"+escape(document.URL)+\n\";h\"+escape(document.title.substring(0,80))+\";\"+Math.random()+\n\"'
        alt='' title='' \"+\n\"border=0 width=88 height=31>\")//--></script><!--/LiveInternet-->\n</center></div>\n<div
        class=\"footer\"><div style=\"font-size:10px; line-height:10px; color:#C0C0C0;
        height:10px; overflow:hidden \"><a href=\"http://www.rusdoc.ru/articles/10892/\">Toyota
        Prius Consumption screen\n</a></div>&copy; Copyright 2025 TVsubtitles.net.<br
        /> Page generation 0.007 seconds.\n      </div>\n   </div>\n\t</body>\n\t</html>\n"
    headers:
      Cache-Control:
      - no-cache
      Connection:
      - Keep-Alive
      Content-Type:
      - text/html; charset=utf-8
      Date:
      - Thu, 13 Feb 2025 23:30:09 GMT
      Keep-Alive:
      - timeout=5, max=100
      Server:
      - Apache/2.4.6 (CentOS) OpenSSL/1.0.2k-fips mod_fcgid/2.3.9 PHP/5.3.29
      Set-Cookie:
      - visited=1; expires=Fri, 14-Feb-2025 11:30:09 GMT
      Strict-Transport-Security:
      - max-age=31536000; preload
      Transfer-Encoding:
      - chunked
      X-Powered-By:
      - PHP/5.3.29
    status:
      code: 200
      message: OK
- request:
    body: null
    headers:
      Accept:
      - '*/*'
      Accept-Encoding:
      - gzip, deflate
      Connection:
      - keep-alive
      Cookie:
      - visited=1
      Referer:
      - https://www.tvsubtitles.net/
      User-Agent:
      - Subliminal/2.2
      X-Requested-With:
      - XMLHttpRequest
    method: GET
    uri: https://www.tvsubtitles.net/tvshow-646-1.html
  response:
    body:
      string: "<!DOCTYPE html PUBLIC \"-//W3C//DTD XHTML 1.0 Strict//EN\" \"http://www.w3.org/TR/xhtml1/DTD/xhtml1-strict.dtd\">\n<html
        xmlns=\"http://www.w3.org/1999/xhtml\" xml:lang=\"en\" lang=\"en\">\n<head>\n\n<meta
        name=\"viewport\" content=\"width=device-width; initial-scale=1.0\">\n<meta
        http-equiv=\"content-type\" content=\"text/html; charset=utf-8\" />\n<title>TVsubtitles.net
        - Subtitles \"Dallas\" season 1</title>\n<link href=\"favicon.ico\" rel=\"shortcut
        icon\">\n<link rel=\"stylesheet\" href=\"style.css\" type=\"text/css\" />\n<link
        href=\"media-queries.css\" rel=\"stylesheet\" type=\"text/css\">\n\n</head>\n\n\t<body>\n\t<div
        id=\"content\">\n      <div id=\"header\">\n         <p id=\"top_info\"><noindex><a
        href=\"http://www.tvsubtitles.net/tvshow-646-1.html\"><img src=\"images/flag-english.png\"
        width=\"30\" height=\"16\" alt=\"english\" border=0 hspace=2></a>\n         <a
        href=\"https://es.tvsubtitles.net/tvshow-646-1.html\"><img src=\"images/flag-spanish.png\"
        width=\"30\" height=\"16\" alt=\"spanish\" border=0 hspace=2></a>\n         <a
        href=\"https://fr.tvsubtitles.net/tvshow-646-1.html\"><img src=\"images/flag-french.png\"
        width=\"30\" height=\"16\" alt=\"french\" border=0 hspace=2></a>\n         <a
        href=\"https://www.tvsubtitles.ru/tvshow-646-1.html\"><img src=\"images/flag-russian.png\"
        width=\"30\" height=\"16\" alt=\"russian\" border=0 hspace=2></a><br />\n
        \        <a><img src=\"images/flag-none.png\" width=\"30\" height=\"16\" alt=\"ukrainian\"
        border=0 hspace=2></a>\n         <a href=\"https://ua.tvsubtitles.net/tvshow-646-1.html\"><img
        src=\"images/flag-ukrainian.png\" width=\"30\" height=\"16\" alt=\"ukrainian\"
        border=0 hspace=2></a>\n         <a href=\"https://hu.tvsubtitles.net/tvshow-646-1.html\"><img
        src=\"images/flag-hungarian.png\" width=\"30\" height=\"16\" alt=\"hungarian\"
        border=0 hspace=2></a>\n         <a href=\"https://gr.tvsubtitles.net/tvshow-646-1.html\"><img
        src=\"images/flag-greek.png\" width=\"30\" height=\"16\" alt=\"greek\" border=0
        hspace=2></a><br />\n         <a href=\"http://www.moviesubtitles.org\" class=\"othersite\">Movie
        subtitles</a></noindex></p><div id=\"logo\">\n            <a href=\"/\" title=\"Download
        latest TV Show and TV Series subtitles\">TVsubtitles<span class=\"title\">.net</span></a>\n
        \           <p>Download latest TV Show and TV Series subtitles</p>\n         </div><div
        style=\"float:left\"></div></div><div id=\"tabs\">\n         <ul>\n            <li><a
        \ href=\"/\" accesskey=\"m\">Home</a></li><li><a class=\"current\" href=\"/tvshows.html\"
        accesskey=\"v\">TV Shows</a></li><li><a  href=\"/new.html\" accesskey=\"r\">New</a></li><li><a
        \ href=\"/top.html\" accesskey=\"i\">Top</a></li><li><a  href=\"/add.html\"
        accesskey=\"d\">Add</a></li><li><a  href=\"/feedback.html\" accesskey=\"a\">Feedback</a></li><li><a
        \ href=\"http://www.msubs.net/\" accesskey=\"a\">Movies</a></li>\n         </ul>\n\t<span
        style=\"position: relative; left: -790px;top:67px;\" class=\"selecto\">Show
        subtitles <select size=\"1\" name=\"setlang\" style=\"font: 0.95em Tahoma,
        Arial, sans-serif;\" onchange=\"javascript: window.location = 'setlang.php?page=/tvshow-646-1.html&setlang1='
        + this.value;\">\n\t<option value=\"all\">all</option><option value=\"en\"
        >english</option><option value=\"es\" >spanish</option><option value=\"fr\"
        >french</option><option value=\"de\" >german</option><option value=\"br\"
        >portuguese(br)</option><option value=\"ru\" >russian</option><option value=\"ua\"
        >ukrainian</option><option value=\"it\" >italian</option><option value=\"gr\"
        >greek</option><option value=\"ar\" >arabic</option><option value=\"hu\" >hungarian</option><option
        value=\"pl\" >polish</option><option value=\"tr\" >turkish</option><option
        value=\"nl\" >dutch </option><option value=\"pt\" >portuguese</option><option
        value=\"sv\" >swedish</option><option value=\"da\" >danish</option><option
        value=\"fi\" >finnish</option><option value=\"ko\" >korean</option><option
        value=\"cn\" >chinese</option><option value=\"jp\" >japanese</option><option
        value=\"bg\" >bulgarian</option><option value=\"cz\" >czech</option><option
        value=\"ro\" >romanian</option></select><img src=\"images/spacer.gif\" width=\"18\"
        height=\"12\" alt=\"\" border=\"0\" style=\"margin:2px 5px;\" align=\"top\">\n</span>\n
        \        <div id=\"search\">\n            <form method=\"post\" action=\"search.php\">\n
        \              <p><input type=\"text\" name=\"qs\" class=\"search\" value=\"\"
        /> <input type=\"submit\" value=\"Search\" class=\"button\" /></p>\n            </form>\n
        \        </div>\n      </div><div style=\"clear:both\" class=\"littlevspace\"></div>\n
        \     <div class=\"left\">\n<div class=\"left_articles\">\n<div style=\"float:right;
        margin: 10px 0;\"><script type=\"text/javascript\" src=\"https://apis.google.com/js/plusone.js\"></script>\n<g:plusone></g:plusone></div>\n\n
        \     <img src=\"images/tvshows/646.jpg\" class=\"thumbnail1\" width=\"80\"
        alt=\"\"/>\n            <h2>Dallas</h2>\n            <p class=\"description\"><a
        href=\"tvshow-646-14.html\"><b>Season 14</b></a> | <a href=\"tvshow-646-13.html\"><b>Season
        13</b></a> | <a href=\"tvshow-646-12.html\"><b>Season 12</b></a> | <a href=\"tvshow-646-11.html\"><b>Season
        11</b></a> | <a href=\"tvshow-646-10.html\"><b>Season 10</b></a> | <a href=\"tvshow-646-9.html\"><b>Season
        9</b></a> | <a href=\"tvshow-646-8.html\"><b>Season 8</b></a> | <a href=\"tvshow-646-7.html\"><b>Season
        7</b></a> | <a href=\"tvshow-646-6.html\"><b>Season 6</b></a> | <a href=\"tvshow-646-5.html\"><b>Season
        5</b></a> | <a href=\"tvshow-646-4.html\"><b>Season 4</b></a> | <a href=\"tvshow-646-3.html\"><b>Season
        3</b></a> | <a href=\"tvshow-646-2.html\"><b>Season 2</b></a> | <font color=\"#3BAE09\"><b>Season
        1</b></font>      </p><div class=\"banner468\">\n<script type=\"text/javascript\">\n\tatOptions
        = {\n\t\t'key' : 'caa12b12d4ccfbb85a3dfc1b650ae647',\n\t\t'format' : 'iframe',\n\t\t'height'
        : 60,\n\t\t'width' : 468,\n\t\t'params' : {}\n\t};\n</script>\n<script type=\"text/javascript\"
        src=\"//cognatesyringe.com/caa12b12d4ccfbb85a3dfc1b650ae647/invoke.js\"></script>\n</div><br
        clear=all><table style=\"text-align: left;\" border=\"0 px\" cellspacing=\"0\"
        \ cellpadding=\"3\" width=700 class=\"tableauto\">\n   <tr>\n   <td style=\"background-color:
        rgb(255, 244, 230); \"  class=\"td1\" width=100%>\n   <table cellspacing=\"0\"
        cellpadding=\"0\" bgcolor=\"#79B048\" border=\"0\" id=\"table4\" align=\"center\"
        width=100%>\n   <tr>\n      <td>\n         <table cellspacing=\"1\" cellpadding=\"2\"
        width=\"100%\" border=\"0\" id=\"table5\">\n<tr align=\"middle\"><th bgcolor=\"#111111\"
        width=\"8%\"><b>#</b></th> \n<th bgcolor=\"#111111\" width=\"40%\"><b>Episode</b></th>
        \n<th bgcolor=\"#111111\" width=\"7%\"><b>Amount</b></th> \n<th bgcolor=\"#111111\"
        width=\"45%\"><b>Subtitles</b></th> \n</tr>\n<tr align=\"middle\" bgcolor=\"#ffffff\">\n<td>1x05</td>\n<td
        align=left style=\"padding: 0 4px;\"><a href=\"episode-24929.html\"><b>Barbecue</b></a></td>\n<td>2</td>\n<td><nobr><a
        href=\"subtitle-166964.html\"><img src=\"images/flags/en.gif\" width=\"18\"
        height=\"12\" alt=\"en\" border=0></a>&nbsp;<img src=\"images/flags/blank.gif\"
        width=\"18\" height=\"12\" alt=\"\" border=0>&nbsp;<a href=\"subtitle-166965.html\"><img
        src=\"images/flags/br.gif\" width=\"18\" height=\"12\" alt=\"br\" border=0></a>&nbsp;<img
        src=\"images/flags/blank.gif\" width=\"18\" height=\"12\" alt=\"\" border=0>&nbsp;</nobr></td>\n</tr>\n<tr
        align=\"middle\" bgcolor=\"#ffffff\">\n<td>1x04</td>\n<td align=left style=\"padding:
        0 4px;\"><a href=\"episode-24928.html\"><b>Winds of Vengeance</b></a></td>\n<td>2</td>\n<td><nobr><a
        href=\"subtitle-124930.html\"><img src=\"images/flags/en.gif\" width=\"18\"
        height=\"12\" alt=\"en\" border=0></a>&nbsp;<img src=\"images/flags/blank.gif\"
        width=\"18\" height=\"12\" alt=\"\" border=0>&nbsp;<a href=\"subtitle-167067.html\"><img
        src=\"images/flags/br.gif\" width=\"18\" height=\"12\" alt=\"br\" border=0></a>&nbsp;<img
        src=\"images/flags/blank.gif\" width=\"18\" height=\"12\" alt=\"\" border=0>&nbsp;</nobr></td>\n</tr>\n<tr
        align=\"middle\" bgcolor=\"#ffffff\">\n<td>1x03</td>\n<td align=left style=\"padding:
        0 4px;\"><a href=\"episode-24927.html\"><b>Spy in the House</b></a></td>\n<td>2</td>\n<td><nobr><a
        href=\"subtitle-124753.html\"><img src=\"images/flags/en.gif\" width=\"18\"
        height=\"12\" alt=\"en\" border=0></a>&nbsp;<img src=\"images/flags/blank.gif\"
        width=\"18\" height=\"12\" alt=\"\" border=0>&nbsp;<a href=\"subtitle-167064.html\"><img
        src=\"images/flags/br.gif\" width=\"18\" height=\"12\" alt=\"br\" border=0></a>&nbsp;<img
        src=\"images/flags/blank.gif\" width=\"18\" height=\"12\" alt=\"\" border=0>&nbsp;</nobr></td>\n</tr>\n<tr
        align=\"middle\" bgcolor=\"#ffffff\">\n<td>1x02</td>\n<td align=left style=\"padding:
        0 4px;\"><a href=\"episode-24926.html\"><b>Lessons</b></a></td>\n<td>2</td>\n<td><nobr><a
        href=\"subtitle-124752.html\"><img src=\"images/flags/en.gif\" width=\"18\"
        height=\"12\" alt=\"en\" border=0></a>&nbsp;<img src=\"images/flags/blank.gif\"
        width=\"18\" height=\"12\" alt=\"\" border=0>&nbsp;<a href=\"subtitle-167034.html\"><img
        src=\"images/flags/br.gif\" width=\"18\" height=\"12\" alt=\"br\" border=0></a>&nbsp;<img
        src=\"images/flags/blank.gif\" width=\"18\" height=\"12\" alt=\"\" border=0>&nbsp;</nobr></td>\n</tr>\n<tr
        align=\"middle\" bgcolor=\"#ffffff\">\n<td>1x01</td>\n<td align=left style=\"padding:
        0 4px;\"><a href=\"episode-24841.html\"><b>Digger's Daughter</b></a></td>\n<td>4</td>\n<td><nobr><a
        href=\"subtitle-110875.html\"><img src=\"images/flags/en.gif\" width=\"18\"
        height=\"12\" alt=\"en\" border=0></a>&nbsp;<a href=\"subtitle-222226.html\"><img
        src=\"images/flags/fr.gif\" width=\"18\" height=\"12\" alt=\"fr\" border=0></a>&nbsp;<a
        href=\"subtitle-167004.html\"><img src=\"images/flags/br.gif\" width=\"18\"
        height=\"12\" alt=\"br\" border=0></a>&nbsp;<a href=\"subtitle-117105.html\"><img
        src=\"images/flags/ru.gif\" width=\"18\" height=\"12\" alt=\"ru\" border=0></a>&nbsp;</nobr></td>\n</tr>\n<tr
        align=\"middle\" bgcolor=\"#ffffff\">\n</tr>\n<tr align=\"middle\" bgcolor=\"#ffffff\">\n<td></td>\n<td
        align=left style=\"padding: 0 4px;\"><a href=\"episode-646-1.html\"><b>All
        episodes</b></a></td>\n<td>4</td>\n<td><nobr><a href=\"subtitle-646-1-en.html\"><img
        src=\"images/flags/en.gif\" width=\"18\" height=\"12\" alt=\"en\" border=0></a>&nbsp;<a
        href=\"subtitle-646-1-fr.html\"><img src=\"images/flags/fr.gif\" width=\"18\"
        height=\"12\" alt=\"fr\" border=0></a>&nbsp;<a href=\"subtitle-646-1-br.html\"><img
        src=\"images/flags/br.gif\" width=\"18\" height=\"12\" alt=\"br\" border=0></a>&nbsp;<a
        href=\"subtitle-646-1-ru.html\"><img src=\"images/flags/ru.gif\" width=\"18\"
        height=\"12\" alt=\"ru\" border=0></a>&nbsp;</nobr></td>\n</tr>\n</table>\n
        \     </td>\n   </tr>\n   </table>\n   </td>\n   </tr>\n   </table>\n</div>\n<div
        style=\"max-height:270px; overflow:hidden;\"><script async=\"async\" data-cfasync=\"false\"
        src=\"//cognatesyringe.com/d6d539be7f6db36621d3abc4aec9e6cf/invoke.js\"></script>\n<div
        id=\"container-d6d539be7f6db36621d3abc4aec9e6cf\"></div></div></div>\n<div
        id=\"right\"><div style=\"width:300px; height: 250px;\"><script async=\"async\"
        data-cfasync=\"false\" src=\"//acquaintedpostman.com/984bb3acd60a61f2e29a4c2e9694e6ff/invoke.js\"></script>\n<div
        id=\"container-984bb3acd60a61f2e29a4c2e9694e6ff\"></div></div>\n\n<div align=\"center\"
        style=\"font-size:10px; overflow:hidden\"><script type=\"text/javascript\">\n<!--\nvar
        _acic={dataProvider:10};(function(){var e=document.createElement(\"script\");e.type=\"text/javascript\";e.async=true;e.src=\"https://www.acint.net/aci.js\";var
        t=document.getElementsByTagName(\"script\")[0];t.parentNode.insertBefore(e,t)})()\n//-->\n</script></div><div
        class=\"boxtop\"></div>\n         \t<div class=\"box\">\n            <p><img
        src=\"images/statistics.png\" alt=\"Site statistics\" title=\"Site statistics\"
        class=\"image\" />\n            <b>Site statistics</b><br /><table cellspacing=0
        cellpadding=0><tr><td align=right>Total subtitles:</td><td> 294799</td></tr><tr><td
        align=right>TV Shows:</td><td> 2299</td></tr><tr><td align=right>TV Episodes:</td><td>
        79784</td></tr><tr><td align=right>Downloads:</td><td> 495 742 327</td></tr></table><p
        style=\"margin-top:0.5em\"><b>Amount subtitles in languages:</b></p>\n<table
        cellspacing=0 cellpadding=0 width=100% style=\"margin-top:0.5em\"><td class=\"stat\"><img
        src=\"images/flags/en.gif\" width=\"18\" height=\"12\" alt=\"english\" title=\"english\"
        border=0> - 68 121</td><td class=\"stat\"><img src=\"images/flags/fr.gif\"
        width=\"18\" height=\"12\" alt=\"french\" title=\"french\" border=0> - 39
        058</td><td class=\"stat\"><img src=\"images/flags/gr.gif\" width=\"18\" height=\"12\"
        alt=\"greek\" title=\"greek\" border=0> - 35 942</td></tr>\n<tr><td class=\"stat\"><img
        src=\"images/flags/pt.gif\" width=\"18\" height=\"12\" alt=\"portuguese\"
        title=\"portuguese\" border=0> - 26 925</td><td class=\"stat\"><img src=\"images/flags/hu.gif\"
        width=\"18\" height=\"12\" alt=\"hungarian\" title=\"hungarian\" border=0>
        - 19 241</td><td class=\"stat\"><img src=\"images/flags/br.gif\" width=\"18\"
        height=\"12\" alt=\"portuguese(br)\" title=\"portuguese(br)\" border=0> -
        17 332</td></tr>\n<tr><td class=\"stat\"><img src=\"images/flags/ru.gif\"
        width=\"18\" height=\"12\" alt=\"russian\" title=\"russian\" border=0> - 15
        506</td><td class=\"stat\"><img src=\"images/flags/es.gif\" width=\"18\" height=\"12\"
        alt=\"spanish\" title=\"spanish\" border=0> - 14 346</td><td class=\"stat\"><img
        src=\"images/flags/ro.gif\" width=\"18\" height=\"12\" alt=\"romanian\" title=\"romanian\"
        border=0> - 13 092</td></tr>\n<tr><td class=\"stat\"><img src=\"images/flags/pl.gif\"
        width=\"18\" height=\"12\" alt=\"polish\" title=\"polish\" border=0> - 12
        766</td><td class=\"stat\"><img src=\"images/flags/it.gif\" width=\"18\" height=\"12\"
        alt=\"italian\" title=\"italian\" border=0> - 7 224</td><td class=\"stat\"><img
        src=\"images/flags/bg.gif\" width=\"18\" height=\"12\" alt=\"bulgarian\" title=\"bulgarian\"
        border=0> - 5 701</td></tr>\n<tr><td class=\"stat\"><img src=\"images/flags/nl.gif\"
        width=\"18\" height=\"12\" alt=\"dutch \" title=\"dutch \" border=0> - 5 234</td><td
        class=\"stat\"><img src=\"images/flags/tr.gif\" width=\"18\" height=\"12\"
        alt=\"turkish\" title=\"turkish\" border=0> - 5 113</td><td class=\"stat\"><img
        src=\"images/flags/de.gif\" width=\"18\" height=\"12\" alt=\"german\" title=\"german\"
        border=0> - 3 754</td></tr>\n<tr><td class=\"stat\"><img src=\"images/flags/ar.gif\"
        width=\"18\" height=\"12\" alt=\"arabic\" title=\"arabic\" border=0> - 2 196</td><td
        class=\"stat\"><img src=\"images/flags/ua.gif\" width=\"18\" height=\"12\"
        alt=\"ukrainian\" title=\"ukrainian\" border=0> - 1 114</td><td class=\"stat\"><img
        src=\"images/flags/cz.gif\" width=\"18\" height=\"12\" alt=\"czech\" title=\"czech\"
        border=0> - 685</td></tr>\n<tr></tr></table></p><p style=\"margin-top:0.5em\"><b>Downloads:</b></p>\n<table
        cellspacing=0 cellpadding=0 width=90% style=\"margin-top:0.5em\"><td class=\"stat\"><img
        src=\"images/flags/en.gif\" width=\"18\" height=\"12\" alt=\"english\" title=\"english\"
        border=0> - 186.9 mil</td><td class=\"stat\"><img src=\"images/flags/fr.gif\"
        width=\"18\" height=\"12\" alt=\"french\" title=\"french\" border=0> - 118.6
        mil</td><td class=\"stat\"><img src=\"images/flags/gr.gif\" width=\"18\" height=\"12\"
        alt=\"greek\" title=\"greek\" border=0> - 55.57 mil</td></tr><tr><td class=\"stat\"><img
        src=\"images/flags/ru.gif\" width=\"18\" height=\"12\" alt=\"russian\" title=\"russian\"
        border=0> - 19.07 mil</td><td class=\"stat\"><img src=\"images/flags/br.gif\"
        width=\"18\" height=\"12\" alt=\"portuguese(br)\" title=\"portuguese(br)\"
        border=0> - 17.56 mil</td><td class=\"stat\"><img src=\"images/flags/es.gif\"
        width=\"18\" height=\"12\" alt=\"spanish\" title=\"spanish\" border=0> - 15.09
        mil</td></tr><tr><td class=\"stat\"><img src=\"images/flags/pt.gif\" width=\"18\"
        height=\"12\" alt=\"portuguese\" title=\"portuguese\" border=0> - 14.09 mil</td><td
        class=\"stat\"><img src=\"images/flags/hu.gif\" width=\"18\" height=\"12\"
        alt=\"hungarian\" title=\"hungarian\" border=0> - 13.67 mil</td><td class=\"stat\"><img
        src=\"images/flags/pl.gif\" width=\"18\" height=\"12\" alt=\"polish\" title=\"polish\"
        border=0> - 9.13 mil</td></tr><tr><td class=\"stat\"><img src=\"images/flags/it.gif\"
        width=\"18\" height=\"12\" alt=\"italian\" title=\"italian\" border=0> - 7.95
        mil</td><td class=\"stat\"><img src=\"images/flags/ro.gif\" width=\"18\" height=\"12\"
        alt=\"romanian\" title=\"romanian\" border=0> - 7.71 mil</td><td class=\"stat\"><img
        src=\"images/flags/bg.gif\" width=\"18\" height=\"12\" alt=\"bulgarian\" title=\"bulgarian\"
        border=0> - 5.13 mil</td></tr><tr><td class=\"stat\"><img src=\"images/flags/nl.gif\"
        width=\"18\" height=\"12\" alt=\"dutch \" title=\"dutch \" border=0> - 4.98
        mil</td><td class=\"stat\"><img src=\"images/flags/tr.gif\" width=\"18\" height=\"12\"
        alt=\"turkish\" title=\"turkish\" border=0> - 4.8 mil</td><td class=\"stat\"><img
        src=\"images/flags/de.gif\" width=\"18\" height=\"12\" alt=\"german\" title=\"german\"
        border=0> - 4.75 mil</td></tr><tr><td class=\"stat\"><img src=\"images/flags/ua.gif\"
        width=\"18\" height=\"12\" alt=\"ukrainian\" title=\"ukrainian\" border=0>
        - 4.54 mil</td><td class=\"stat\"><img src=\"images/flags/ar.gif\" width=\"18\"
        height=\"12\" alt=\"arabic\" title=\"arabic\" border=0> - 2.06 mil</td><td
        class=\"stat\"><img src=\"images/flags/cz.gif\" width=\"18\" height=\"12\"
        alt=\"czech\" title=\"czech\" border=0> - 1.37 mil</td></tr><tr></tr></table></p>\n
        \        </div><center><!--LiveInternet counter--><script type=\"text/javascript\"><!--\ndocument.write(\"<img
        \ style='border:0' src='https://counter.yadro.ru/hit?t14.5;r\"+\nescape(document.referrer)+((typeof(screen)==\"undefined\")?\"\":\n\";s\"+screen.width+\"*\"+screen.height+\"*\"+(screen.colorDepth?\nscreen.colorDepth:screen.pixelDepth))+\";u\"+escape(document.URL)+\n\";h\"+escape(document.title.substring(0,80))+\";\"+Math.random()+\n\"'
        alt='' title='' \"+\n\"border=0 width=88 height=31>\")//--></script><!--/LiveInternet-->\n</center></div>\n<div
        class=\"footer\"><div style=\"font-size:10px; line-height:10px; color:#C0C0C0;
        height:10px; overflow:hidden \"><a href=\"https://rl-critic.ru/texts/platonov.html\">Citroen
        C4 Owners Manual\n</a></div>&copy; Copyright 2025 TVsubtitles.net.<br /> Page
        generation 0.008 seconds.\n      </div>\n   </div>\n\t</body>\n\t</html>\n"
    headers:
      Cache-Control:
      - no-cache
      Connection:
      - Keep-Alive
      Content-Type:
      - text/html; charset=utf-8
      Date:
      - Thu, 13 Feb 2025 23:30:09 GMT
      Keep-Alive:
      - timeout=5, max=100
      Server:
      - Apache/2.4.6 (CentOS) OpenSSL/1.0.2k-fips mod_fcgid/2.3.9 PHP/5.3.29
      Set-Cookie:
      - visited=1; expires=Fri, 14-Feb-2025 11:30:09 GMT
      - visited1=1; expires=Fri, 14-Feb-2025 11:30:09 GMT
      Strict-Transport-Security:
      - max-age=31536000; preload
      Transfer-Encoding:
      - chunked
      X-Powered-By:
      - PHP/5.3.29
    status:
      code: 200
      message: OK
- request:
    body: null
    headers:
      Accept:
      - '*/*'
      Accept-Encoding:
      - gzip, deflate
      Connection:
      - keep-alive
      Cookie:
      - visited=1; visited1=1
      Referer:
      - https://www.tvsubtitles.net/
      User-Agent:
      - Subliminal/2.2
      X-Requested-With:
      - XMLHttpRequest
    method: GET
    uri: https://www.tvsubtitles.net/episode-24927.html
  response:
    body:
      string: "<!DOCTYPE html PUBLIC \"-//W3C//DTD XHTML 1.0 Strict//EN\" \"http://www.w3.org/TR/xhtml1/DTD/xhtml1-strict.dtd\">\n<html
        xmlns=\"http://www.w3.org/1999/xhtml\" xml:lang=\"en\" lang=\"en\">\n<head>\n\n<meta
        name=\"viewport\" content=\"width=device-width; initial-scale=1.0\">\n<meta
        http-equiv=\"content-type\" content=\"text/html; charset=utf-8\" />\n<title>TVsubtitles.net
        - Subtitles for Dallas episode 1x03 - \"Dallas\"</title>\n<link href=\"favicon.ico\"
        rel=\"shortcut icon\">\n<link rel=\"stylesheet\" href=\"style.css\" type=\"text/css\"
        />\n<link href=\"media-queries.css\" rel=\"stylesheet\" type=\"text/css\">\n\n</head>\n\n\t<body>\n\t<div
        id=\"content\">\n      <div id=\"header\">\n         <p id=\"top_info\"><noindex><a
        href=\"http://www.tvsubtitles.net/episode-24927.html\"><img src=\"images/flag-english.png\"
        width=\"30\" height=\"16\" alt=\"english\" border=0 hspace=2></a>\n         <a
        href=\"https://es.tvsubtitles.net/episode-24927.html\"><img src=\"images/flag-spanish.png\"
        width=\"30\" height=\"16\" alt=\"spanish\" border=0 hspace=2></a>\n         <a
        href=\"https://fr.tvsubtitles.net/episode-24927.html\"><img src=\"images/flag-french.png\"
        width=\"30\" height=\"16\" alt=\"french\" border=0 hspace=2></a>\n         <a
        href=\"https://www.tvsubtitles.ru/episode-24927.html\"><img src=\"images/flag-russian.png\"
        width=\"30\" height=\"16\" alt=\"russian\" border=0 hspace=2></a><br />\n
        \        <a><img src=\"images/flag-none.png\" width=\"30\" height=\"16\" alt=\"ukrainian\"
        border=0 hspace=2></a>\n         <a href=\"https://ua.tvsubtitles.net/episode-24927.html\"><img
        src=\"images/flag-ukrainian.png\" width=\"30\" height=\"16\" alt=\"ukrainian\"
        border=0 hspace=2></a>\n         <a href=\"https://hu.tvsubtitles.net/episode-24927.html\"><img
        src=\"images/flag-hungarian.png\" width=\"30\" height=\"16\" alt=\"hungarian\"
        border=0 hspace=2></a>\n         <a href=\"https://gr.tvsubtitles.net/episode-24927.html\"><img
        src=\"images/flag-greek.png\" width=\"30\" height=\"16\" alt=\"greek\" border=0
        hspace=2></a><br />\n         <a href=\"http://www.moviesubtitles.org\" class=\"othersite\">Movie
        subtitles</a></noindex></p><div id=\"logo\">\n            <a href=\"/\" title=\"Download
        latest TV Show and TV Series subtitles\">TVsubtitles<span class=\"title\">.net</span></a>\n
        \           <p>Download latest TV Show and TV Series subtitles</p>\n         </div><div
        style=\"float:left\"></div></div><div id=\"tabs\">\n         <ul>\n            <li><a
        \ href=\"/\" accesskey=\"m\">Home</a></li><li><a class=\"current\" href=\"/tvshows.html\"
        accesskey=\"v\">TV Shows</a></li><li><a  href=\"/new.html\" accesskey=\"r\">New</a></li><li><a
        \ href=\"/top.html\" accesskey=\"i\">Top</a></li><li><a  href=\"/add.html\"
        accesskey=\"d\">Add</a></li><li><a  href=\"/feedback.html\" accesskey=\"a\">Feedback</a></li><li><a
        \ href=\"http://www.msubs.net/\" accesskey=\"a\">Movies</a></li>\n         </ul>\n\t<span
        style=\"position: relative; left: -790px;top:67px;\" class=\"selecto\">Show
        subtitles <select size=\"1\" name=\"setlang\" style=\"font: 0.95em Tahoma,
        Arial, sans-serif;\" onchange=\"javascript: window.location = 'setlang.php?page=/episode-24927.html&setlang1='
        + this.value;\">\n\t<option value=\"all\">all</option><option value=\"en\"
        >english</option><option value=\"es\" >spanish</option><option value=\"fr\"
        >french</option><option value=\"de\" >german</option><option value=\"br\"
        >portuguese(br)</option><option value=\"ru\" >russian</option><option value=\"ua\"
        >ukrainian</option><option value=\"it\" >italian</option><option value=\"gr\"
        >greek</option><option value=\"ar\" >arabic</option><option value=\"hu\" >hungarian</option><option
        value=\"pl\" >polish</option><option value=\"tr\" >turkish</option><option
        value=\"nl\" >dutch </option><option value=\"pt\" >portuguese</option><option
        value=\"sv\" >swedish</option><option value=\"da\" >danish</option><option
        value=\"fi\" >finnish</option><option value=\"ko\" >korean</option><option
        value=\"cn\" >chinese</option><option value=\"jp\" >japanese</option><option
        value=\"bg\" >bulgarian</option><option value=\"cz\" >czech</option><option
        value=\"ro\" >romanian</option></select><img src=\"images/spacer.gif\" width=\"18\"
        height=\"12\" alt=\"\" border=\"0\" style=\"margin:2px 5px;\" align=\"top\">\n</span>\n
        \        <div id=\"search\">\n            <form method=\"post\" action=\"search.php\">\n
        \              <p><input type=\"text\" name=\"qs\" class=\"search\" value=\"\"
        /> <input type=\"submit\" value=\"Search\" class=\"button\" /></p>\n            </form>\n
        \        </div>\n      </div><div style=\"clear:both\" class=\"littlevspace\"></div>\n
        \     <div class=\"left\">\n\t\t\t<div class=\"left_articles\">\n\n      <a
        href=\"tvshow-646-1.html\"><img src=\"images/tvshows/646.jpg\" class=\"thumbnail1\"
        width=\"80\" alt=\"Dallas\" title=\"Dallas\"/></a>\n            <h2>Dallas
        1x03</h2>\n            <p class=\"description\">&nbsp;<font color=\"#3BAE09\"><b>Spy
        in the House</b></font> (Season 1 Episode 3)</p><div class=\"banner468\">\n<script
        type=\"text/javascript\">\n\tatOptions = {\n\t\t'key' : 'caa12b12d4ccfbb85a3dfc1b650ae647',\n\t\t'format'
        : 'iframe',\n\t\t'height' : 60,\n\t\t'width' : 468,\n\t\t'params' : {}\n\t};\n</script>\n<script
        type=\"text/javascript\" src=\"//cognatesyringe.com/caa12b12d4ccfbb85a3dfc1b650ae647/invoke.js\"></script>\n</div><br
        clear=all><b>Subtitles for this episode:</b><div style=\"clear:both; padding-top:10px;\"><span
        style=\"color:#666666\"><b>English  subtitles</b></span></div>\n<a href=\"/subtitle-124753.html\"><div
        title=\"Download English subtitles\"  class=\"subtitlen\" >\n<div style=\"float:right;
        margin:0 2px;\"><span style=\"color:black; font-weight:bold\"><span style=\"color:red\">0</span>/<span
        style=\"color:green\">0</span></span></div>\n    <h5 style=\"width:600px;\"><img
        src=\"images/flags/en.gif\" width=\"18\" height=\"12\" alt=\"\" border=0 hspace=4
        align=absmiddle>Dallas 1x03 </h5>\n    <p style=\"width:110px; margin-left:50px\"
        alt=\"rip\" title=\"rip\"><img src=\"images/rip.gif\" width=\"16\" height=\"16\"
        alt=\"rip\" title=\"rip\" border=0 hspace=4 align=\"absmiddle\">\n\t</p>\n\t<p
        style=\"width:110px;\" alt=\"release\" title=\"release\"><img src=\"images/release.gif\"
        width=\"16\" height=\"16\" alt=\"release\" title=\"release\" border=0 hspace=4
        align=\"absmiddle\">\n\t</p>\n    <p style=\"width:70px;line-height: 10px;margin-right:40px;\\
        alt=\"uploaded\" title=\"uploaded\"><img src=\"images/time.png\" width=\"16\"
        height=\"16\" alt=\"uploaded\" title=\"uploaded\" border=0 vspace=4 hspace=4
        align=\"left\">\n\t<small style=\"margin:0; padding:0; display:inline; line-height:
        10px;\">20.04.10 16:16:11</small></p>\n\t<p style=\"width:120px; line-height:
        10px;\" alt=\"author\" title=\"author\"><nobr><img src=\"images/user.png\"
        width=\"16\" height=\"16\" alt=\"author\" title=\"author\" border=0 hspace=2
        align=\"absmiddle\">\n\t<small style=\"margin:0; padding:0; display:inline;
        line-height: 10px;\">&nbsp;</small></nobr></p>\n\t<p style=\"width:100px;\"
        alt=\"downloaded\" title=\"downloaded\"><img src=\"images/downloads.png\"
        width=\"16\" height=\"16\" alt=\"downloaded\" title=\"downloaded\" border=0
        hspace=4 align=\"absmiddle\">\n\t692</p>\n\t\n</div></a>\n\t\n<div style=\"clear:both;
        padding-top:10px;\"><span style=\"color:#666666\"><b>Portuguese(br)  subtitles</b></span></div>\n<a
        href=\"/subtitle-167064.html\"><div title=\"Download Portuguese(br) subtitles\"
        \ class=\"subtitlen\" >\n<div style=\"float:right; margin:0 2px;\"><span style=\"color:black;
        font-weight:bold\"><span style=\"color:red\">0</span>/<span style=\"color:green\">0</span></span></div>\n
        \   <h5 style=\"width:600px;\"><img src=\"images/flags/br.gif\" width=\"18\"
        height=\"12\" alt=\"\" border=0 hspace=4 align=absmiddle>Dallas 1x03 (DVDRip)</h5>\n
        \   <p style=\"width:110px; margin-left:50px\" alt=\"rip\" title=\"rip\"><img
        src=\"images/rip.gif\" width=\"16\" height=\"16\" alt=\"rip\" title=\"rip\"
        border=0 hspace=4 align=\"absmiddle\">\n\tDVDRip</p>\n\t<p style=\"width:110px;\"
        alt=\"release\" title=\"release\"><img src=\"images/release.gif\" width=\"16\"
        height=\"16\" alt=\"release\" title=\"release\" border=0 hspace=4 align=\"absmiddle\">\n\t</p>\n
        \   <p style=\"width:70px;line-height: 10px;margin-right:40px;\\ alt=\"uploaded\"
        title=\"uploaded\"><img src=\"images/time.png\" width=\"16\" height=\"16\"
        alt=\"uploaded\" title=\"uploaded\" border=0 vspace=4 hspace=4 align=\"left\">\n\t<small
        style=\"margin:0; padding:0; display:inline; line-height: 10px;\">26.03.22
        13:22:29</small></p>\n\t<p style=\"width:120px; line-height: 10px;\" alt=\"author\"
        title=\"author\"><nobr><img src=\"images/user.png\" width=\"16\" height=\"16\"
        alt=\"author\" title=\"author\" border=0 hspace=2 align=\"absmiddle\">\n\t<small
        style=\"margin:0; padding:0; display:inline; line-height: 10px;\">&nbsp;</small></nobr></p>\n\t<p
        style=\"width:100px;\" alt=\"downloaded\" title=\"downloaded\"><img src=\"images/downloads.png\"
        width=\"16\" height=\"16\" alt=\"downloaded\" title=\"downloaded\" border=0
        hspace=4 align=\"absmiddle\">\n\t26</p>\n\t\n</div></a>\n\t\n<br clear=all><a
        href=\"tvshow-646-1.html\">Back to <b>Dallas</b></a></div>\n<div style=\"max-height:270px;
        overflow:hidden;\"><script async=\"async\" data-cfasync=\"false\" src=\"//cognatesyringe.com/d6d539be7f6db36621d3abc4aec9e6cf/invoke.js\"></script>\n<div
        id=\"container-d6d539be7f6db36621d3abc4aec9e6cf\"></div></div></div>\n<div
        id=\"right\"><div style=\"width:300px; height: 250px;\"><script async=\"async\"
        data-cfasync=\"false\" src=\"//acquaintedpostman.com/984bb3acd60a61f2e29a4c2e9694e6ff/invoke.js\"></script>\n<div
        id=\"container-984bb3acd60a61f2e29a4c2e9694e6ff\"></div></div>\n\n<div align=\"center\"
        style=\"font-size:10px; overflow:hidden\"></div><div class=\"boxtop\"></div>\n
        \        \t<div class=\"box\">\n            <p><img src=\"images/statistics.png\"
        alt=\"Site statistics\" title=\"Site statistics\" class=\"image\" />\n            <b>Site
        statistics</b><br /><table cellspacing=0 cellpadding=0><tr><td align=right>Total
        subtitles:</td><td> 294799</td></tr><tr><td align=right>TV Shows:</td><td>
        2299</td></tr><tr><td align=right>TV Episodes:</td><td> 79784</td></tr><tr><td
        align=right>Downloads:</td><td> 495 742 327</td></tr></table><p style=\"margin-top:0.5em\"><b>Amount
        subtitles in languages:</b></p>\n<table cellspacing=0 cellpadding=0 width=100%
        style=\"margin-top:0.5em\"><td class=\"stat\"><img src=\"images/flags/en.gif\"
        width=\"18\" height=\"12\" alt=\"english\" title=\"english\" border=0> - 68
        121</td><td class=\"stat\"><img src=\"images/flags/fr.gif\" width=\"18\" height=\"12\"
        alt=\"french\" title=\"french\" border=0> - 39 058</td><td class=\"stat\"><img
        src=\"images/flags/gr.gif\" width=\"18\" height=\"12\" alt=\"greek\" title=\"greek\"
        border=0> - 35 942</td></tr>\n<tr><td class=\"stat\"><img src=\"images/flags/pt.gif\"
        width=\"18\" height=\"12\" alt=\"portuguese\" title=\"portuguese\" border=0>
        - 26 925</td><td class=\"stat\"><img src=\"images/flags/hu.gif\" width=\"18\"
        height=\"12\" alt=\"hungarian\" title=\"hungarian\" border=0> - 19 241</td><td
        class=\"stat\"><img src=\"images/flags/br.gif\" width=\"18\" height=\"12\"
        alt=\"portuguese(br)\" title=\"portuguese(br)\" border=0> - 17 332</td></tr>\n<tr><td
        class=\"stat\"><img src=\"images/flags/ru.gif\" width=\"18\" height=\"12\"
        alt=\"russian\" title=\"russian\" border=0> - 15 506</td><td class=\"stat\"><img
        src=\"images/flags/es.gif\" width=\"18\" height=\"12\" alt=\"spanish\" title=\"spanish\"
        border=0> - 14 346</td><td class=\"stat\"><img src=\"images/flags/ro.gif\"
        width=\"18\" height=\"12\" alt=\"romanian\" title=\"romanian\" border=0> -
        13 092</td></tr>\n<tr><td class=\"stat\"><img src=\"images/flags/pl.gif\"
        width=\"18\" height=\"12\" alt=\"polish\" title=\"polish\" border=0> - 12
        766</td><td class=\"stat\"><img src=\"images/flags/it.gif\" width=\"18\" height=\"12\"
        alt=\"italian\" title=\"italian\" border=0> - 7 224</td><td class=\"stat\"><img
        src=\"images/flags/bg.gif\" width=\"18\" height=\"12\" alt=\"bulgarian\" title=\"bulgarian\"
        border=0> - 5 701</td></tr>\n<tr><td class=\"stat\"><img src=\"images/flags/nl.gif\"
        width=\"18\" height=\"12\" alt=\"dutch \" title=\"dutch \" border=0> - 5 234</td><td
        class=\"stat\"><img src=\"images/flags/tr.gif\" width=\"18\" height=\"12\"
        alt=\"turkish\" title=\"turkish\" border=0> - 5 113</td><td class=\"stat\"><img
        src=\"images/flags/de.gif\" width=\"18\" height=\"12\" alt=\"german\" title=\"german\"
        border=0> - 3 754</td></tr>\n<tr><td class=\"stat\"><img src=\"images/flags/ar.gif\"
        width=\"18\" height=\"12\" alt=\"arabic\" title=\"arabic\" border=0> - 2 196</td><td
        class=\"stat\"><img src=\"images/flags/ua.gif\" width=\"18\" height=\"12\"
        alt=\"ukrainian\" title=\"ukrainian\" border=0> - 1 114</td><td class=\"stat\"><img
        src=\"images/flags/cz.gif\" width=\"18\" height=\"12\" alt=\"czech\" title=\"czech\"
        border=0> - 685</td></tr>\n<tr></tr></table></p><p style=\"margin-top:0.5em\"><b>Downloads:</b></p>\n<table
        cellspacing=0 cellpadding=0 width=90% style=\"margin-top:0.5em\"><td class=\"stat\"><img
        src=\"images/flags/en.gif\" width=\"18\" height=\"12\" alt=\"english\" title=\"english\"
        border=0> - 186.9 mil</td><td class=\"stat\"><img src=\"images/flags/fr.gif\"
        width=\"18\" height=\"12\" alt=\"french\" title=\"french\" border=0> - 118.6
        mil</td><td class=\"stat\"><img src=\"images/flags/gr.gif\" width=\"18\" height=\"12\"
        alt=\"greek\" title=\"greek\" border=0> - 55.57 mil</td></tr><tr><td class=\"stat\"><img
        src=\"images/flags/ru.gif\" width=\"18\" height=\"12\" alt=\"russian\" title=\"russian\"
        border=0> - 19.07 mil</td><td class=\"stat\"><img src=\"images/flags/br.gif\"
        width=\"18\" height=\"12\" alt=\"portuguese(br)\" title=\"portuguese(br)\"
        border=0> - 17.56 mil</td><td class=\"stat\"><img src=\"images/flags/es.gif\"
        width=\"18\" height=\"12\" alt=\"spanish\" title=\"spanish\" border=0> - 15.09
        mil</td></tr><tr><td class=\"stat\"><img src=\"images/flags/pt.gif\" width=\"18\"
        height=\"12\" alt=\"portuguese\" title=\"portuguese\" border=0> - 14.09 mil</td><td
        class=\"stat\"><img src=\"images/flags/hu.gif\" width=\"18\" height=\"12\"
        alt=\"hungarian\" title=\"hungarian\" border=0> - 13.67 mil</td><td class=\"stat\"><img
        src=\"images/flags/pl.gif\" width=\"18\" height=\"12\" alt=\"polish\" title=\"polish\"
        border=0> - 9.13 mil</td></tr><tr><td class=\"stat\"><img src=\"images/flags/it.gif\"
        width=\"18\" height=\"12\" alt=\"italian\" title=\"italian\" border=0> - 7.95
        mil</td><td class=\"stat\"><img src=\"images/flags/ro.gif\" width=\"18\" height=\"12\"
        alt=\"romanian\" title=\"romanian\" border=0> - 7.71 mil</td><td class=\"stat\"><img
        src=\"images/flags/bg.gif\" width=\"18\" height=\"12\" alt=\"bulgarian\" title=\"bulgarian\"
        border=0> - 5.13 mil</td></tr><tr><td class=\"stat\"><img src=\"images/flags/nl.gif\"
        width=\"18\" height=\"12\" alt=\"dutch \" title=\"dutch \" border=0> - 4.98
        mil</td><td class=\"stat\"><img src=\"images/flags/tr.gif\" width=\"18\" height=\"12\"
        alt=\"turkish\" title=\"turkish\" border=0> - 4.8 mil</td><td class=\"stat\"><img
        src=\"images/flags/de.gif\" width=\"18\" height=\"12\" alt=\"german\" title=\"german\"
        border=0> - 4.75 mil</td></tr><tr><td class=\"stat\"><img src=\"images/flags/ua.gif\"
        width=\"18\" height=\"12\" alt=\"ukrainian\" title=\"ukrainian\" border=0>
        - 4.54 mil</td><td class=\"stat\"><img src=\"images/flags/ar.gif\" width=\"18\"
        height=\"12\" alt=\"arabic\" title=\"arabic\" border=0> - 2.06 mil</td><td
        class=\"stat\"><img src=\"images/flags/cz.gif\" width=\"18\" height=\"12\"
        alt=\"czech\" title=\"czech\" border=0> - 1.37 mil</td></tr><tr></tr></table></p>\n
        \        </div><center><!--LiveInternet counter--><script type=\"text/javascript\"><!--\ndocument.write(\"<img
        \ style='border:0' src='https://counter.yadro.ru/hit?t14.5;r\"+\nescape(document.referrer)+((typeof(screen)==\"undefined\")?\"\":\n\";s\"+screen.width+\"*\"+screen.height+\"*\"+(screen.colorDepth?\nscreen.colorDepth:screen.pixelDepth))+\";u\"+escape(document.URL)+\n\";h\"+escape(document.title.substring(0,80))+\";\"+Math.random()+\n\"'
        alt='' title='' \"+\n\"border=0 width=88 height=31>\")//--></script><!--/LiveInternet-->\n</center></div>\n<div
        class=\"footer\"><div style=\"font-size:10px; line-height:10px; color:#C0C0C0;
        height:10px; overflow:hidden \"><a href=\"https://www.mylot.su/firm/4299\">Citroen
        C4 Electric drive system\n</a></div>&copy; Copyright 2025 TVsubtitles.net.<br
        /> Page generation 0.002 seconds.\n      </div>\n   </div>\n\t</body>\n\t</html>\n"
    headers:
      Cache-Control:
      - no-cache
      Connection:
      - Keep-Alive
      Content-Type:
      - text/html; charset=utf-8
      Date:
      - Thu, 13 Feb 2025 23:30:10 GMT
      Keep-Alive:
      - timeout=5, max=100
      Server:
      - Apache/2.4.6 (CentOS) OpenSSL/1.0.2k-fips mod_fcgid/2.3.9 PHP/5.3.29
      Set-Cookie:
      - visited=1; expires=Fri, 14-Feb-2025 11:30:10 GMT
      - visited1=1; expires=Fri, 14-Feb-2025 11:30:10 GMT
      Strict-Transport-Security:
      - max-age=31536000; preload
      Transfer-Encoding:
      - chunked
      X-Powered-By:
      - PHP/5.3.29
    status:
      code: 200
      message: OK
version: 1
