interactions:
- request:
    body: null
    headers:
      Accept:
      - application/json
      Accept-Encoding:
      - gzip, deflate
      Connection:
      - keep-alive
      User-Agent:
      - Subliminal/2.5
    method: GET
    uri: https://api.subt.is/v1/subtitle/find/file/name/Novocaine.2025.1080p.WEBRip.mkv
  response:
    body:
      string: '{"message":"Subtitle not found for file name"}'
    headers:
      Access-Control-Allow-Origin:
      - '*'
      CF-RAY:
      - 9c1f9ba0efb8634f-EZE
      Connection:
      - keep-alive
      Content-Type:
      - application/json
      Cross-Origin-Opener-Policy:
      - same-origin
      Cross-Origin-Resource-Policy:
      - same-origin
      Date:
      - Thu, 22 Jan 2026 14:05:44 GMT
      Nel:
      - '{"report_to":"cf-nel","success_fraction":0.0,"max_age":604800}'
      Origin-Agent-Cluster:
      - ?1
      Referrer-Policy:
      - no-referrer
      Report-To:
      - '{"group":"cf-nel","max_age":604800,"endpoints":[{"url":"https://a.nel.cloudflare.com/report/v4?s=PfnTlju%2BN9C4dBsUVTKZcdbEYpxIJzvWheX8NcKPO3BCs0at5f2c1S00gCJnM5tDZELVDMIOluuVPZWygu56yVwcqXUEIBk10kTOJOdyc9m0UnPQ"}]}'
      Server:
      - cloudflare
      Strict-Transport-Security:
      - max-age=15552000; includeSubDomains
      Transfer-Encoding:
      - chunked
      Vary:
      - accept-encoding
      X-Content-Type-Options:
      - nosniff
      X-DNS-Prefetch-Control:
      - 'off'
      X-Download-Options:
      - noopen
      X-Frame-Options:
      - SAMEORIGIN
      X-Permitted-Cross-Domain-Policies:
      - none
      X-XSS-Protection:
      - '0'
      content-length:
      - '46'
    status:
      code: 404
      message: Not Found
- request:
    body: null
    headers:
      Accept:
      - application/json
      Accept-Encoding:
      - gzip, deflate
      Connection:
      - keep-alive
      User-Agent:
      - Subliminal/2.5
    method: GET
    uri: https://api.subt.is/v1/subtitle/file/alternative/Novocaine.2025.1080p.WEBRip.mkv
  response:
    body:
      string: "{\"title\":{\"id\":10202,\"slug\":\"novocaine-2025\",\"imdb_id\":\"29603959\",\"queried_times\":2485,\"searched_times\":16,\"type\":\"movie\",\"year\":2025,\"title_name\":\"Novocaine\",\"optimized_logo\":\"https://yelhsmnvfyyjuamxbobs.supabase.co/storage/v1/object/public/images/5fsINfIZOQ3JK3ST9TJaXL8Mg6v-logo.webp\",\"optimized_poster\":\"https://yelhsmnvfyyjuamxbobs.supabase.co/storage/v1/object/public/images/xmMHGz9dVRaMY6rRAlEX4W0Wdhm-poster-lg.webp\",\"optimized_backdrop\":\"https://yelhsmnvfyyjuamxbobs.supabase.co/storage/v1/object/public/images/doI4G4wbGz7uNYYdRa4pSfXWfRr.webp\",\"optimized_backdrop_main\":\"https://yelhsmnvfyyjuamxbobs.supabase.co/storage/v1/object/public/images/1Eu4grfwoQ1EigaZ5KGfPXVHhT0_main.webp\",\"overview\":\"Cuando
        la chica de sus sue\xF1os es secuestrada, un hombre com\xFAn Nate convierte
        su incapacidad de no sentir dolor en una fortaleza inesperada en su lucha
        por recuperarla.\",\"runtime\":110,\"rating\":6.9,\"poster_thumbhash\":\"kQgGFQJiaXaIB3hWqJR4R2RgSHcG\",\"backdrop_thumbhash\":\"jQgKHIKAiViGiHdyiId4hgA4OQ==\",\"youtube_id\":\"-PyOIlJEdqA\",\"certification\":\"R\"},\"release_group\":{\"id\":1732,\"release_group_name\":\"BYNDR\"},\"subtitle_group\":{\"id\":1,\"website\":\"https://subdivx.com\",\"subtitle_group_name\":\"SubDivX\"},\"subtitle\":{\"id\":2607,\"bytes\":6201412253,\"is_valid\":false,\"resolution\":\"1080p\",\"external_id\":\"691728\",\"uploaded_by\":\"indexer-cron\",\"subtitle_link\":\"https://api.subt.is/v1/subtitle/link/2607\",\"queried_times\":1210,\"current_season\":null,\"current_episode\":null,\"title_file_name\":\"Novocaine.2025.1080p.AMZN.WEB-DL.H264.DDP5
        1.Atmos-BYNDR.mkv\",\"subtitle_file_name\":\"Novocaine.2025.1080p.AMZN.WEB-DL.H264.DDP5.1.Atmos-BYNDR.srt\",\"preview\":[{\"id\":\"2\",\"startTime\":\"00:01:25,861\",\"startSeconds\":85.861,\"endTime\":\"00:01:28,583\",\"endSeconds\":88.583,\"text\":\"<i>Y
        amigos,\\nsi algo he aprendido, es esto...</i>\"},{\"id\":\"4\",\"startTime\":\"00:01:28,783\",\"startSeconds\":88.783,\"endTime\":\"00:01:31,182\",\"endSeconds\":91.182,\"text\":\"<i>No
        puedes dejar que tu\\ndiscapacidad te frene.</i>\"},{\"id\":\"5\",\"startTime\":\"00:01:31,382\",\"startSeconds\":91.382,\"endTime\":\"00:01:33,258\",\"endSeconds\":93.258,\"text\":\"<i>Tienes
        que llevarla como\\nuna insignia de honor.</i>\"},{\"id\":\"6\",\"startTime\":\"00:01:33,458\",\"startSeconds\":93.458,\"endTime\":\"00:01:34,634\",\"endSeconds\":94.634,\"text\":\"<i>Tienes
        que salir ah\xED afuera\\ny decir,</i>\"}],\"rip_type\":\"WebDL\"}}"
    headers:
      Access-Control-Allow-Origin:
      - '*'
      CF-RAY:
      - 9c1f9ba2db01da0e-EZE
      Connection:
      - keep-alive
      Content-Type:
      - application/json
      Cross-Origin-Opener-Policy:
      - same-origin
      Cross-Origin-Resource-Policy:
      - same-origin
      Date:
      - Thu, 22 Jan 2026 14:05:44 GMT
      Nel:
      - '{"report_to":"cf-nel","success_fraction":0.0,"max_age":604800}'
      Origin-Agent-Cluster:
      - ?1
      Referrer-Policy:
      - no-referrer
      Report-To:
      - '{"group":"cf-nel","max_age":604800,"endpoints":[{"url":"https://a.nel.cloudflare.com/report/v4?s=Zgi%2FG0fbk4usZDuJIim8N8IAejw%2B%2FSzx%2BSnFyzjJlKnmkVqJ50ldtH20%2BcN%2BXqM3UQQMVVAzGsADZm57lKmuiJ6pWFcKWcluvdwMdUGmNrQ2PzYQ"}]}'
      Server:
      - cloudflare
      Strict-Transport-Security:
      - max-age=15552000; includeSubDomains
      Transfer-Encoding:
      - chunked
      Vary:
      - accept-encoding
      X-Content-Type-Options:
      - nosniff
      X-DNS-Prefetch-Control:
      - 'off'
      X-Download-Options:
      - noopen
      X-Frame-Options:
      - SAMEORIGIN
      X-Permitted-Cross-Domain-Policies:
      - none
      X-XSS-Protection:
      - '0'
      content-length:
      - '2318'
    status:
      code: 200
      message: OK
- request:
    body: null
    headers:
      Accept:
      - application/json
      Accept-Encoding:
      - gzip, deflate
      Connection:
      - keep-alive
      User-Agent:
      - Subliminal/2.5
    method: GET
    uri: https://api.subt.is/v1/subtitle/find/file/name/Novocaine.2025.1080p.WEBRip.mkv
  response:
    body:
      string: '{"message":"Subtitle not found for file name"}'
    headers:
      Access-Control-Allow-Origin:
      - '*'
      CF-RAY:
      - 9c1fa028be106ccb-EZE
      Connection:
      - keep-alive
      Content-Type:
      - application/json
      Cross-Origin-Opener-Policy:
      - same-origin
      Cross-Origin-Resource-Policy:
      - same-origin
      Date:
      - Thu, 22 Jan 2026 14:08:50 GMT
      Nel:
      - '{"report_to":"cf-nel","success_fraction":0.0,"max_age":604800}'
      Origin-Agent-Cluster:
      - ?1
      Referrer-Policy:
      - no-referrer
      Report-To:
      - '{"group":"cf-nel","max_age":604800,"endpoints":[{"url":"https://a.nel.cloudflare.com/report/v4?s=neBC4DObHuuxXYT9LIc%2BNYVLJCaUgSNJhK2DMSV0nUS8H4bGws7XdtSXbUCgM%2FlXzkGHFFI3Mb2amrJA2uvjS50O6g%2BlcQb6k3lf2MThtEiQElMWTv8%3D"}]}'
      Server:
      - cloudflare
      Strict-Transport-Security:
      - max-age=15552000; includeSubDomains
      Transfer-Encoding:
      - chunked
      Vary:
      - accept-encoding
      X-Content-Type-Options:
      - nosniff
      X-DNS-Prefetch-Control:
      - 'off'
      X-Download-Options:
      - noopen
      X-Frame-Options:
      - SAMEORIGIN
      X-Permitted-Cross-Domain-Policies:
      - none
      X-XSS-Protection:
      - '0'
      content-length:
      - '46'
    status:
      code: 404
      message: Not Found
- request:
    body: null
    headers:
      Accept:
      - application/json
      Accept-Encoding:
      - gzip, deflate
      Connection:
      - keep-alive
      User-Agent:
      - Subliminal/2.5
    method: GET
    uri: https://api.subt.is/v1/subtitle/file/alternative/Novocaine.2025.1080p.WEBRip.mkv
  response:
    body:
      string: "{\"title\":{\"id\":10202,\"slug\":\"novocaine-2025\",\"imdb_id\":\"29603959\",\"queried_times\":2486,\"searched_times\":16,\"type\":\"movie\",\"year\":2025,\"title_name\":\"Novocaine\",\"optimized_logo\":\"https://yelhsmnvfyyjuamxbobs.supabase.co/storage/v1/object/public/images/5fsINfIZOQ3JK3ST9TJaXL8Mg6v-logo.webp\",\"optimized_poster\":\"https://yelhsmnvfyyjuamxbobs.supabase.co/storage/v1/object/public/images/xmMHGz9dVRaMY6rRAlEX4W0Wdhm-poster-lg.webp\",\"optimized_backdrop\":\"https://yelhsmnvfyyjuamxbobs.supabase.co/storage/v1/object/public/images/doI4G4wbGz7uNYYdRa4pSfXWfRr.webp\",\"optimized_backdrop_main\":\"https://yelhsmnvfyyjuamxbobs.supabase.co/storage/v1/object/public/images/1Eu4grfwoQ1EigaZ5KGfPXVHhT0_main.webp\",\"overview\":\"Cuando
        la chica de sus sue\xF1os es secuestrada, un hombre com\xFAn Nate convierte
        su incapacidad de no sentir dolor en una fortaleza inesperada en su lucha
        por recuperarla.\",\"runtime\":110,\"rating\":6.9,\"poster_thumbhash\":\"kQgGFQJiaXaIB3hWqJR4R2RgSHcG\",\"backdrop_thumbhash\":\"jQgKHIKAiViGiHdyiId4hgA4OQ==\",\"youtube_id\":\"-PyOIlJEdqA\",\"certification\":\"R\"},\"release_group\":{\"id\":1732,\"release_group_name\":\"BYNDR\"},\"subtitle_group\":{\"id\":1,\"website\":\"https://subdivx.com\",\"subtitle_group_name\":\"SubDivX\"},\"subtitle\":{\"id\":2607,\"bytes\":6201412253,\"is_valid\":false,\"resolution\":\"1080p\",\"external_id\":\"691728\",\"uploaded_by\":\"indexer-cron\",\"subtitle_link\":\"https://api.subt.is/v1/subtitle/link/2607\",\"queried_times\":1210,\"current_season\":null,\"current_episode\":null,\"title_file_name\":\"Novocaine.2025.1080p.AMZN.WEB-DL.H264.DDP5
        1.Atmos-BYNDR.mkv\",\"subtitle_file_name\":\"Novocaine.2025.1080p.AMZN.WEB-DL.H264.DDP5.1.Atmos-BYNDR.srt\",\"preview\":[{\"id\":\"2\",\"startTime\":\"00:01:25,861\",\"startSeconds\":85.861,\"endTime\":\"00:01:28,583\",\"endSeconds\":88.583,\"text\":\"<i>Y
        amigos,\\nsi algo he aprendido, es esto...</i>\"},{\"id\":\"4\",\"startTime\":\"00:01:28,783\",\"startSeconds\":88.783,\"endTime\":\"00:01:31,182\",\"endSeconds\":91.182,\"text\":\"<i>No
        puedes dejar que tu\\ndiscapacidad te frene.</i>\"},{\"id\":\"5\",\"startTime\":\"00:01:31,382\",\"startSeconds\":91.382,\"endTime\":\"00:01:33,258\",\"endSeconds\":93.258,\"text\":\"<i>Tienes
        que llevarla como\\nuna insignia de honor.</i>\"},{\"id\":\"6\",\"startTime\":\"00:01:33,458\",\"startSeconds\":93.458,\"endTime\":\"00:01:34,634\",\"endSeconds\":94.634,\"text\":\"<i>Tienes
        que salir ah\xED afuera\\ny decir,</i>\"}],\"rip_type\":\"WebDL\"}}"
    headers:
      Access-Control-Allow-Origin:
      - '*'
      CF-RAY:
      - 9c1fa02a9d23ccba-EZE
      Connection:
      - keep-alive
      Content-Type:
      - application/json
      Cross-Origin-Opener-Policy:
      - same-origin
      Cross-Origin-Resource-Policy:
      - same-origin
      Date:
      - Thu, 22 Jan 2026 14:08:50 GMT
      Nel:
      - '{"report_to":"cf-nel","success_fraction":0.0,"max_age":604800}'
      Origin-Agent-Cluster:
      - ?1
      Referrer-Policy:
      - no-referrer
      Report-To:
      - '{"group":"cf-nel","max_age":604800,"endpoints":[{"url":"https://a.nel.cloudflare.com/report/v4?s=ja72uxWd3wFtHy4KfSfLnowwlITqJpnXYNNFeKG7FAiWPm0fgbII9SFPOAigwLm5YIF50bZYgagjc0TlvZDMCZH6ylX8Xkozp1KIP4zHU2BjzMNLz2M%3D"}]}'
      Server:
      - cloudflare
      Strict-Transport-Security:
      - max-age=15552000; includeSubDomains
      Transfer-Encoding:
      - chunked
      Vary:
      - accept-encoding
      X-Content-Type-Options:
      - nosniff
      X-DNS-Prefetch-Control:
      - 'off'
      X-Download-Options:
      - noopen
      X-Frame-Options:
      - SAMEORIGIN
      X-Permitted-Cross-Domain-Policies:
      - none
      X-XSS-Protection:
      - '0'
      content-length:
      - '2318'
    status:
      code: 200
      message: OK
- request:
    body: null
    headers:
      Accept:
      - application/json
      Accept-Encoding:
      - gzip, deflate
      Connection:
      - keep-alive
      User-Agent:
      - Subliminal/2.5
    method: GET
    uri: https://api.subt.is/v1/subtitle/find/file/name/Novocaine.2025.1080p.WEBRip.mkv
  response:
    body:
      string: '{"message":"Subtitle not found for file name"}'
    headers:
      Access-Control-Allow-Origin:
      - '*'
      CF-RAY:
      - 9c1fa3eb2b88ca16-EZE
      Connection:
      - keep-alive
      Content-Type:
      - application/json
      Cross-Origin-Opener-Policy:
      - same-origin
      Cross-Origin-Resource-Policy:
      - same-origin
      Date:
      - Thu, 22 Jan 2026 14:11:24 GMT
      Nel:
      - '{"report_to":"cf-nel","success_fraction":0.0,"max_age":604800}'
      Origin-Agent-Cluster:
      - ?1
      Referrer-Policy:
      - no-referrer
      Report-To:
      - '{"group":"cf-nel","max_age":604800,"endpoints":[{"url":"https://a.nel.cloudflare.com/report/v4?s=qiOlH9fxNH7EfKkzLl%2BNygL7s1UkVvmJlaJEx5BKGVLnroUOOj5dVISH8Pee755SS2UZIKrTLVyaLjwzf9Uwm4ltyfLDlVH7NPWrMKLmJxAt9%2BAe6Vw%3D"}]}'
      Server:
      - cloudflare
      Strict-Transport-Security:
      - max-age=15552000; includeSubDomains
      Transfer-Encoding:
      - chunked
      Vary:
      - accept-encoding
      X-Content-Type-Options:
      - nosniff
      X-DNS-Prefetch-Control:
      - 'off'
      X-Download-Options:
      - noopen
      X-Frame-Options:
      - SAMEORIGIN
      X-Permitted-Cross-Domain-Policies:
      - none
      X-XSS-Protection:
      - '0'
      content-length:
      - '46'
    status:
      code: 404
      message: Not Found
- request:
    body: null
    headers:
      Accept:
      - application/json
      Accept-Encoding:
      - gzip, deflate
      Connection:
      - keep-alive
      User-Agent:
      - Subliminal/2.5
    method: GET
    uri: https://api.subt.is/v1/subtitle/file/alternative/Novocaine.2025.1080p.WEBRip.mkv
  response:
    body:
      string: "{\"title\":{\"id\":10202,\"slug\":\"novocaine-2025\",\"imdb_id\":\"29603959\",\"queried_times\":2487,\"searched_times\":16,\"type\":\"movie\",\"year\":2025,\"title_name\":\"Novocaine\",\"optimized_logo\":\"https://yelhsmnvfyyjuamxbobs.supabase.co/storage/v1/object/public/images/5fsINfIZOQ3JK3ST9TJaXL8Mg6v-logo.webp\",\"optimized_poster\":\"https://yelhsmnvfyyjuamxbobs.supabase.co/storage/v1/object/public/images/xmMHGz9dVRaMY6rRAlEX4W0Wdhm-poster-lg.webp\",\"optimized_backdrop\":\"https://yelhsmnvfyyjuamxbobs.supabase.co/storage/v1/object/public/images/doI4G4wbGz7uNYYdRa4pSfXWfRr.webp\",\"optimized_backdrop_main\":\"https://yelhsmnvfyyjuamxbobs.supabase.co/storage/v1/object/public/images/1Eu4grfwoQ1EigaZ5KGfPXVHhT0_main.webp\",\"overview\":\"Cuando
        la chica de sus sue\xF1os es secuestrada, un hombre com\xFAn Nate convierte
        su incapacidad de no sentir dolor en una fortaleza inesperada en su lucha
        por recuperarla.\",\"runtime\":110,\"rating\":6.9,\"poster_thumbhash\":\"kQgGFQJiaXaIB3hWqJR4R2RgSHcG\",\"backdrop_thumbhash\":\"jQgKHIKAiViGiHdyiId4hgA4OQ==\",\"youtube_id\":\"-PyOIlJEdqA\",\"certification\":\"R\"},\"release_group\":{\"id\":1732,\"release_group_name\":\"BYNDR\"},\"subtitle_group\":{\"id\":1,\"website\":\"https://subdivx.com\",\"subtitle_group_name\":\"SubDivX\"},\"subtitle\":{\"id\":2607,\"bytes\":6201412253,\"is_valid\":false,\"resolution\":\"1080p\",\"external_id\":\"691728\",\"uploaded_by\":\"indexer-cron\",\"subtitle_link\":\"https://api.subt.is/v1/subtitle/link/2607\",\"queried_times\":1210,\"current_season\":null,\"current_episode\":null,\"title_file_name\":\"Novocaine.2025.1080p.AMZN.WEB-DL.H264.DDP5
        1.Atmos-BYNDR.mkv\",\"subtitle_file_name\":\"Novocaine.2025.1080p.AMZN.WEB-DL.H264.DDP5.1.Atmos-BYNDR.srt\",\"preview\":[{\"id\":\"2\",\"startTime\":\"00:01:25,861\",\"startSeconds\":85.861,\"endTime\":\"00:01:28,583\",\"endSeconds\":88.583,\"text\":\"<i>Y
        amigos,\\nsi algo he aprendido, es esto...</i>\"},{\"id\":\"4\",\"startTime\":\"00:01:28,783\",\"startSeconds\":88.783,\"endTime\":\"00:01:31,182\",\"endSeconds\":91.182,\"text\":\"<i>No
        puedes dejar que tu\\ndiscapacidad te frene.</i>\"},{\"id\":\"5\",\"startTime\":\"00:01:31,382\",\"startSeconds\":91.382,\"endTime\":\"00:01:33,258\",\"endSeconds\":93.258,\"text\":\"<i>Tienes
        que llevarla como\\nuna insignia de honor.</i>\"},{\"id\":\"6\",\"startTime\":\"00:01:33,458\",\"startSeconds\":93.458,\"endTime\":\"00:01:34,634\",\"endSeconds\":94.634,\"text\":\"<i>Tienes
        que salir ah\xED afuera\\ny decir,</i>\"}],\"rip_type\":\"WebDL\"}}"
    headers:
      Access-Control-Allow-Origin:
      - '*'
      CF-RAY:
      - 9c1fa3ed4c6bf1ca-EZE
      Connection:
      - keep-alive
      Content-Type:
      - application/json
      Cross-Origin-Opener-Policy:
      - same-origin
      Cross-Origin-Resource-Policy:
      - same-origin
      Date:
      - Thu, 22 Jan 2026 14:11:24 GMT
      Nel:
      - '{"report_to":"cf-nel","success_fraction":0.0,"max_age":604800}'
      Origin-Agent-Cluster:
      - ?1
      Referrer-Policy:
      - no-referrer
      Report-To:
      - '{"group":"cf-nel","max_age":604800,"endpoints":[{"url":"https://a.nel.cloudflare.com/report/v4?s=k%2F6HfSGqulvxTX9klF6JHIqn8om9SKhRXnvYrdYJoH4GDOeAUmjn9u4dZBACQE0DUMNCkq6qdjely%2Bkorz1lCaK067ojQ5YxZroQw3w4S2030Sex"}]}'
      Server:
      - cloudflare
      Strict-Transport-Security:
      - max-age=15552000; includeSubDomains
      Transfer-Encoding:
      - chunked
      Vary:
      - accept-encoding
      X-Content-Type-Options:
      - nosniff
      X-DNS-Prefetch-Control:
      - 'off'
      X-Download-Options:
      - noopen
      X-Frame-Options:
      - SAMEORIGIN
      X-Permitted-Cross-Domain-Policies:
      - none
      X-XSS-Protection:
      - '0'
      content-length:
      - '2318'
    status:
      code: 200
      message: OK
- request:
    body: null
    headers:
      Accept:
      - application/json
      Accept-Encoding:
      - gzip, deflate
      Connection:
      - keep-alive
      User-Agent:
      - Subliminal/2.5
    method: GET
    uri: https://api.subt.is/v1/subtitle/find/file/name/Novocaine.2025.1080p.WEBRip.mkv
  response:
    body:
      string: '{"message":"Subtitle not found for file name"}'
    headers:
      Access-Control-Allow-Origin:
      - '*'
      CF-RAY:
      - 9c1fae939a78d841-EZE
      Connection:
      - keep-alive
      Content-Type:
      - application/json
      Cross-Origin-Opener-Policy:
      - same-origin
      Cross-Origin-Resource-Policy:
      - same-origin
      Date:
      - Thu, 22 Jan 2026 14:18:40 GMT
      Nel:
      - '{"report_to":"cf-nel","success_fraction":0.0,"max_age":604800}'
      Origin-Agent-Cluster:
      - ?1
      Referrer-Policy:
      - no-referrer
      Report-To:
      - '{"group":"cf-nel","max_age":604800,"endpoints":[{"url":"https://a.nel.cloudflare.com/report/v4?s=3PH80jaOgwEGO6lQANyj33j0uoVbPJND3%2F59swQRd4hYHrBsE5UT1JLMo5G5OKhyTDnMTUcwA4OIOkKwnoQCUl8UkNYgDt%2F8fYzjsmVdrH4CXpdg2IQ%3D"}]}'
      Server:
      - cloudflare
      Strict-Transport-Security:
      - max-age=15552000; includeSubDomains
      Transfer-Encoding:
      - chunked
      Vary:
      - accept-encoding
      X-Content-Type-Options:
      - nosniff
      X-DNS-Prefetch-Control:
      - 'off'
      X-Download-Options:
      - noopen
      X-Frame-Options:
      - SAMEORIGIN
      X-Permitted-Cross-Domain-Policies:
      - none
      X-XSS-Protection:
      - '0'
      content-length:
      - '46'
    status:
      code: 404
      message: Not Found
- request:
    body: null
    headers:
      Accept:
      - application/json
      Accept-Encoding:
      - gzip, deflate
      Connection:
      - keep-alive
      User-Agent:
      - Subliminal/2.5
    method: GET
    uri: https://api.subt.is/v1/subtitle/file/alternative/Novocaine.2025.1080p.WEBRip.mkv
  response:
    body:
      string: "{\"title\":{\"id\":10202,\"slug\":\"novocaine-2025\",\"imdb_id\":\"29603959\",\"queried_times\":2488,\"searched_times\":16,\"type\":\"movie\",\"year\":2025,\"title_name\":\"Novocaine\",\"optimized_logo\":\"https://yelhsmnvfyyjuamxbobs.supabase.co/storage/v1/object/public/images/5fsINfIZOQ3JK3ST9TJaXL8Mg6v-logo.webp\",\"optimized_poster\":\"https://yelhsmnvfyyjuamxbobs.supabase.co/storage/v1/object/public/images/xmMHGz9dVRaMY6rRAlEX4W0Wdhm-poster-lg.webp\",\"optimized_backdrop\":\"https://yelhsmnvfyyjuamxbobs.supabase.co/storage/v1/object/public/images/doI4G4wbGz7uNYYdRa4pSfXWfRr.webp\",\"optimized_backdrop_main\":\"https://yelhsmnvfyyjuamxbobs.supabase.co/storage/v1/object/public/images/1Eu4grfwoQ1EigaZ5KGfPXVHhT0_main.webp\",\"overview\":\"Cuando
        la chica de sus sue\xF1os es secuestrada, un hombre com\xFAn Nate convierte
        su incapacidad de no sentir dolor en una fortaleza inesperada en su lucha
        por recuperarla.\",\"runtime\":110,\"rating\":6.9,\"poster_thumbhash\":\"kQgGFQJiaXaIB3hWqJR4R2RgSHcG\",\"backdrop_thumbhash\":\"jQgKHIKAiViGiHdyiId4hgA4OQ==\",\"youtube_id\":\"-PyOIlJEdqA\",\"certification\":\"R\"},\"release_group\":{\"id\":1732,\"release_group_name\":\"BYNDR\"},\"subtitle_group\":{\"id\":1,\"website\":\"https://subdivx.com\",\"subtitle_group_name\":\"SubDivX\"},\"subtitle\":{\"id\":2607,\"bytes\":6201412253,\"is_valid\":false,\"resolution\":\"1080p\",\"external_id\":\"691728\",\"uploaded_by\":\"indexer-cron\",\"subtitle_link\":\"https://api.subt.is/v1/subtitle/link/2607\",\"queried_times\":1210,\"current_season\":null,\"current_episode\":null,\"title_file_name\":\"Novocaine.2025.1080p.AMZN.WEB-DL.H264.DDP5
        1.Atmos-BYNDR.mkv\",\"subtitle_file_name\":\"Novocaine.2025.1080p.AMZN.WEB-DL.H264.DDP5.1.Atmos-BYNDR.srt\",\"preview\":[{\"id\":\"2\",\"startTime\":\"00:01:25,861\",\"startSeconds\":85.861,\"endTime\":\"00:01:28,583\",\"endSeconds\":88.583,\"text\":\"<i>Y
        amigos,\\nsi algo he aprendido, es esto...</i>\"},{\"id\":\"4\",\"startTime\":\"00:01:28,783\",\"startSeconds\":88.783,\"endTime\":\"00:01:31,182\",\"endSeconds\":91.182,\"text\":\"<i>No
        puedes dejar que tu\\ndiscapacidad te frene.</i>\"},{\"id\":\"5\",\"startTime\":\"00:01:31,382\",\"startSeconds\":91.382,\"endTime\":\"00:01:33,258\",\"endSeconds\":93.258,\"text\":\"<i>Tienes
        que llevarla como\\nuna insignia de honor.</i>\"},{\"id\":\"6\",\"startTime\":\"00:01:33,458\",\"startSeconds\":93.458,\"endTime\":\"00:01:34,634\",\"endSeconds\":94.634,\"text\":\"<i>Tienes
        que salir ah\xED afuera\\ny decir,</i>\"}],\"rip_type\":\"WebDL\"}}"
    headers:
      Access-Control-Allow-Origin:
      - '*'
      CF-RAY:
      - 9c1fae95bdeca29b-EZE
      Connection:
      - keep-alive
      Content-Type:
      - application/json
      Cross-Origin-Opener-Policy:
      - same-origin
      Cross-Origin-Resource-Policy:
      - same-origin
      Date:
      - Thu, 22 Jan 2026 14:18:41 GMT
      Nel:
      - '{"report_to":"cf-nel","success_fraction":0.0,"max_age":604800}'
      Origin-Agent-Cluster:
      - ?1
      Referrer-Policy:
      - no-referrer
      Report-To:
      - '{"group":"cf-nel","max_age":604800,"endpoints":[{"url":"https://a.nel.cloudflare.com/report/v4?s=moLgqc5yhLg4xeGM1lNaHsOEsIaJdvhOciS%2BoiRrUWPvIduoCqOK%2FfjWquCvvl9JIkvhEHZCPq3deUHAk5gWcr07pUsPK4VonPPZPbHagKeHr9OY"}]}'
      Server:
      - cloudflare
      Strict-Transport-Security:
      - max-age=15552000; includeSubDomains
      Transfer-Encoding:
      - chunked
      Vary:
      - accept-encoding
      X-Content-Type-Options:
      - nosniff
      X-DNS-Prefetch-Control:
      - 'off'
      X-Download-Options:
      - noopen
      X-Frame-Options:
      - SAMEORIGIN
      X-Permitted-Cross-Domain-Policies:
      - none
      X-XSS-Protection:
      - '0'
      content-length:
      - '2318'
    status:
      code: 200
      message: OK
- request:
    body: null
    headers:
      Accept:
      - application/json
      Accept-Encoding:
      - gzip, deflate
      Connection:
      - keep-alive
      User-Agent:
      - Subliminal/2.5
    method: GET
    uri: https://api.subt.is/v1/subtitle/find/file/name/Novocaine.2025.1080p.WEBRip.mkv
  response:
    body:
      string: '{"message":"Subtitle not found for file name"}'
    headers:
      Access-Control-Allow-Origin:
      - '*'
      CF-RAY:
      - 9c1fb21d48dfc80f-EZE
      Connection:
      - keep-alive
      Content-Type:
      - application/json
      Cross-Origin-Opener-Policy:
      - same-origin
      Cross-Origin-Resource-Policy:
      - same-origin
      Date:
      - Thu, 22 Jan 2026 14:21:05 GMT
      Nel:
      - '{"report_to":"cf-nel","success_fraction":0.0,"max_age":604800}'
      Origin-Agent-Cluster:
      - ?1
      Referrer-Policy:
      - no-referrer
      Report-To:
      - '{"group":"cf-nel","max_age":604800,"endpoints":[{"url":"https://a.nel.cloudflare.com/report/v4?s=E2BND3lHctru6Al3I4qaR7dB3%2FlLMe9CKZl0xPrtsVZkFpyH%2FNShysRf4MhWmD2Au56n7%2FgzrytfVKh9DcC8qhLxB7W%2BW1mexJa0SpyOgqitIRyD"}]}'
      Server:
      - cloudflare
      Strict-Transport-Security:
      - max-age=15552000; includeSubDomains
      Transfer-Encoding:
      - chunked
      Vary:
      - accept-encoding
      X-Content-Type-Options:
      - nosniff
      X-DNS-Prefetch-Control:
      - 'off'
      X-Download-Options:
      - noopen
      X-Frame-Options:
      - SAMEORIGIN
      X-Permitted-Cross-Domain-Policies:
      - none
      X-XSS-Protection:
      - '0'
      content-length:
      - '46'
    status:
      code: 404
      message: Not Found
- request:
    body: null
    headers:
      Accept:
      - application/json
      Accept-Encoding:
      - gzip, deflate
      Connection:
      - keep-alive
      User-Agent:
      - Subliminal/2.5
    method: GET
    uri: https://api.subt.is/v1/subtitle/file/alternative/Novocaine.2025.1080p.WEBRip.mkv
  response:
    body:
      string: "{\"title\":{\"id\":10202,\"slug\":\"novocaine-2025\",\"imdb_id\":\"29603959\",\"queried_times\":2489,\"searched_times\":16,\"type\":\"movie\",\"year\":2025,\"title_name\":\"Novocaine\",\"optimized_logo\":\"https://yelhsmnvfyyjuamxbobs.supabase.co/storage/v1/object/public/images/5fsINfIZOQ3JK3ST9TJaXL8Mg6v-logo.webp\",\"optimized_poster\":\"https://yelhsmnvfyyjuamxbobs.supabase.co/storage/v1/object/public/images/xmMHGz9dVRaMY6rRAlEX4W0Wdhm-poster-lg.webp\",\"optimized_backdrop\":\"https://yelhsmnvfyyjuamxbobs.supabase.co/storage/v1/object/public/images/doI4G4wbGz7uNYYdRa4pSfXWfRr.webp\",\"optimized_backdrop_main\":\"https://yelhsmnvfyyjuamxbobs.supabase.co/storage/v1/object/public/images/1Eu4grfwoQ1EigaZ5KGfPXVHhT0_main.webp\",\"overview\":\"Cuando
        la chica de sus sue\xF1os es secuestrada, un hombre com\xFAn Nate convierte
        su incapacidad de no sentir dolor en una fortaleza inesperada en su lucha
        por recuperarla.\",\"runtime\":110,\"rating\":6.9,\"poster_thumbhash\":\"kQgGFQJiaXaIB3hWqJR4R2RgSHcG\",\"backdrop_thumbhash\":\"jQgKHIKAiViGiHdyiId4hgA4OQ==\",\"youtube_id\":\"-PyOIlJEdqA\",\"certification\":\"R\"},\"release_group\":{\"id\":1732,\"release_group_name\":\"BYNDR\"},\"subtitle_group\":{\"id\":1,\"website\":\"https://subdivx.com\",\"subtitle_group_name\":\"SubDivX\"},\"subtitle\":{\"id\":2607,\"bytes\":6201412253,\"is_valid\":false,\"resolution\":\"1080p\",\"external_id\":\"691728\",\"uploaded_by\":\"indexer-cron\",\"subtitle_link\":\"https://api.subt.is/v1/subtitle/link/2607\",\"queried_times\":1210,\"current_season\":null,\"current_episode\":null,\"title_file_name\":\"Novocaine.2025.1080p.AMZN.WEB-DL.H264.DDP5
        1.Atmos-BYNDR.mkv\",\"subtitle_file_name\":\"Novocaine.2025.1080p.AMZN.WEB-DL.H264.DDP5.1.Atmos-BYNDR.srt\",\"preview\":[{\"id\":\"2\",\"startTime\":\"00:01:25,861\",\"startSeconds\":85.861,\"endTime\":\"00:01:28,583\",\"endSeconds\":88.583,\"text\":\"<i>Y
        amigos,\\nsi algo he aprendido, es esto...</i>\"},{\"id\":\"4\",\"startTime\":\"00:01:28,783\",\"startSeconds\":88.783,\"endTime\":\"00:01:31,182\",\"endSeconds\":91.182,\"text\":\"<i>No
        puedes dejar que tu\\ndiscapacidad te frene.</i>\"},{\"id\":\"5\",\"startTime\":\"00:01:31,382\",\"startSeconds\":91.382,\"endTime\":\"00:01:33,258\",\"endSeconds\":93.258,\"text\":\"<i>Tienes
        que llevarla como\\nuna insignia de honor.</i>\"},{\"id\":\"6\",\"startTime\":\"00:01:33,458\",\"startSeconds\":93.458,\"endTime\":\"00:01:34,634\",\"endSeconds\":94.634,\"text\":\"<i>Tienes
        que salir ah\xED afuera\\ny decir,</i>\"}],\"rip_type\":\"WebDL\"}}"
    headers:
      Access-Control-Allow-Origin:
      - '*'
      CF-RAY:
      - 9c1fb21f5daf1fe6-EZE
      Connection:
      - keep-alive
      Content-Type:
      - application/json
      Cross-Origin-Opener-Policy:
      - same-origin
      Cross-Origin-Resource-Policy:
      - same-origin
      Date:
      - Thu, 22 Jan 2026 14:21:05 GMT
      Nel:
      - '{"report_to":"cf-nel","success_fraction":0.0,"max_age":604800}'
      Origin-Agent-Cluster:
      - ?1
      Referrer-Policy:
      - no-referrer
      Report-To:
      - '{"group":"cf-nel","max_age":604800,"endpoints":[{"url":"https://a.nel.cloudflare.com/report/v4?s=rF4TyunFixB%2F9sqDLt7ReLIcqgL6mZhPfb0Rf1SjGlt%2FcM9unmQFZPsREmm%2BFZYvetsorykw9TbMxjgQDt%2BjqYuu19N5y8%2BM%2F93RFKZt4mZz7cb%2B"}]}'
      Server:
      - cloudflare
      Strict-Transport-Security:
      - max-age=15552000; includeSubDomains
      Transfer-Encoding:
      - chunked
      Vary:
      - accept-encoding
      X-Content-Type-Options:
      - nosniff
      X-DNS-Prefetch-Control:
      - 'off'
      X-Download-Options:
      - noopen
      X-Frame-Options:
      - SAMEORIGIN
      X-Permitted-Cross-Domain-Policies:
      - none
      X-XSS-Protection:
      - '0'
      content-length:
      - '2318'
    status:
      code: 200
      message: OK
version: 1
