interactions:
- request:
    body: null
    headers:
      Accept:
      - '*/*'
      Accept-Encoding:
      - gzip, deflate
      Connection:
      - keep-alive
      Referer:
      - https://www.subtitulamos.tv
      User-Agent:
      - Subliminal/2.2
    method: GET
    uri: https://www.subtitulamos.tv/search/query?q=Charmed+%282018%29
  response:
    body:
      string: '[{"show_id":445,"show_name":"Charmed (2018)"}]'
    headers:
      CF-RAY:
      - 91189a8eeead5bd6-LIS
      Cache-Control:
      - no-store, no-cache, must-revalidate
      Connection:
      - keep-alive
      Content-Type:
      - text/html; charset=UTF-8
      Date:
      - Thu, 13 Feb 2025 23:30:00 GMT
      Expires:
      - Thu, 19 Nov 1981 08:52:00 GMT
      NEL:
      - '{"success_fraction":0,"report_to":"cf-nel","max_age":604800}'
      Pragma:
      - no-cache
      Report-To:
      - '{"endpoints":[{"url":"https:\/\/a.nel.cloudflare.com\/report\/v4?s=9kIQ7cN8tER0aaRjWbnc7U7T%2BtsCqBycpLvCqV0foZ0RUUaaJOmQVChZnQ6PsAuev%2FZMJatKdwS4IGJD6KQhTo7h7RXF8bov6GwieQNh3zr7prOJ0Kjb3UV%2BcGsWHui2gBKsDMg2"}],"group":"cf-nel","max_age":604800}'
      Server:
      - cloudflare
      Set-Cookie:
      - PHPSESSID=a4893qp8kbilnv3f2cacu5lebd; path=/; HttpOnly
      Transfer-Encoding:
      - chunked
      X-Powered-By:
      - PHP/7.4.14
      alt-svc:
      - h3=":443"; ma=86400
      cf-cache-status:
      - DYNAMIC
      content-length:
      - '46'
      server-timing:
      - cfL4;desc="?proto=TCP&rtt=2945&min_rtt=2826&rtt_var=1144&sent=4&recv=6&lost=0&retrans=0&sent_bytes=2849&recv_bytes=832&delivery_rate=1024769&cwnd=226&unsent_bytes=0&cid=64be992e5f9c4ef0&ts=148&x=0"
    status:
      code: 200
      message: OK
- request:
    body: null
    headers:
      Accept:
      - '*/*'
      Accept-Encoding:
      - gzip, deflate
      Connection:
      - keep-alive
      Cookie:
      - PHPSESSID=a4893qp8kbilnv3f2cacu5lebd
      Referer:
      - https://www.subtitulamos.tv
      User-Agent:
      - Subliminal/2.2
    method: GET
    uri: https://www.subtitulamos.tv/shows/445
  response:
    body:
      string: ''
    headers:
      CF-RAY:
      - 91189a9029325be0-LIS
      Cache-Control:
      - no-store, no-cache, must-revalidate
      Connection:
      - keep-alive
      Content-Type:
      - text/html; charset=UTF-8
      Date:
      - Thu, 13 Feb 2025 23:30:00 GMT
      Expires:
      - Thu, 19 Nov 1981 08:52:00 GMT
      Location:
      - /episodes/8216
      NEL:
      - '{"success_fraction":0,"report_to":"cf-nel","max_age":604800}'
      Pragma:
      - no-cache
      Report-To:
      - '{"endpoints":[{"url":"https:\/\/a.nel.cloudflare.com\/report\/v4?s=z%2BB%2BhF41XP2e0Q16Y%2BRhjq8HtyvWNWoqtd4rDl5amg77ufvP%2FvKFeN5fEILTb5rQwUunCy2OaG7rhGgtJlQBW8%2BqnT8GtRZODDig5rdw1j3kMjLWQYiSuTCiBaxzxVxgvoGkszf8"}],"group":"cf-nel","max_age":604800}'
      Server:
      - cloudflare
      Transfer-Encoding:
      - chunked
      X-Powered-By:
      - PHP/7.4.14
      alt-svc:
      - h3=":443"; ma=86400
      cf-cache-status:
      - DYNAMIC
      server-timing:
      - cfL4;desc="?proto=TCP&rtt=3870&min_rtt=3347&rtt_var=1629&sent=4&recv=6&lost=0&retrans=0&sent_bytes=2849&recv_bytes=854&delivery_rate=865252&cwnd=247&unsent_bytes=0&cid=ec42726f2231ebbe&ts=170&x=0"
    status:
      code: 302
      message: Found
- request:
    body: null
    headers:
      Accept:
      - '*/*'
      Accept-Encoding:
      - gzip, deflate
      Connection:
      - keep-alive
      Cookie:
      - PHPSESSID=a4893qp8kbilnv3f2cacu5lebd
      Referer:
      - https://www.subtitulamos.tv
      User-Agent:
      - Subliminal/2.2
    method: GET
    uri: https://www.subtitulamos.tv/episodes/8216
  response:
    body:
      string: ''
    headers:
      CF-RAY:
      - 91189a9219a55be2-LIS
      Cache-Control:
      - no-store, no-cache, must-revalidate
      Connection:
      - keep-alive
      Content-Type:
      - text/html; charset=UTF-8
      Date:
      - Thu, 13 Feb 2025 23:30:00 GMT
      Expires:
      - Thu, 19 Nov 1981 08:52:00 GMT
      Location:
      - /episodes/8216/charmed-2018-3x18-i-dreamed-a-dream
      NEL:
      - '{"success_fraction":0,"report_to":"cf-nel","max_age":604800}'
      Pragma:
      - no-cache
      Report-To:
      - '{"endpoints":[{"url":"https:\/\/a.nel.cloudflare.com\/report\/v4?s=QjGEHxiTbloLvztqdoZT9OJXLjq2nzJXue%2Bxa84caXratEIUFe7VOnoXYlpwQbihGcOaNpqlcY6XWQSAlGXhf8nFvZ5p4cXBjO%2B9zFjKYk6S3TFEcgAsJK5yPTXtyS4tVMoLxbyV"}],"group":"cf-nel","max_age":604800}'
      Server:
      - cloudflare
      Transfer-Encoding:
      - chunked
      X-Powered-By:
      - PHP/7.4.14
      alt-svc:
      - h3=":443"; ma=86400
      cf-cache-status:
      - DYNAMIC
      server-timing:
      - cfL4;desc="?proto=TCP&rtt=3019&min_rtt=2969&rtt_var=1214&sent=4&recv=6&lost=0&retrans=0&sent_bytes=2850&recv_bytes=858&delivery_rate=858582&cwnd=183&unsent_bytes=0&cid=e0920c3f4b154985&ts=150&x=0"
    status:
      code: 301
      message: Moved Permanently
- request:
    body: null
    headers:
      Accept:
      - '*/*'
      Accept-Encoding:
      - gzip, deflate
      Connection:
      - keep-alive
      Cookie:
      - PHPSESSID=a4893qp8kbilnv3f2cacu5lebd
      Referer:
      - https://www.subtitulamos.tv
      User-Agent:
      - Subliminal/2.2
    method: GET
    uri: https://www.subtitulamos.tv/episodes/8216/charmed-2018-3x18-i-dreamed-a-dream
  response:
    body:
      string: "<!DOCTYPE html>\n<html>\n<head>\n  <base href=\"https://www.subtitulamos.tv/\">\n\n
        \ <meta http-equiv=\"content-type\" content=\"text/html; charset=utf-8\"/>\n
        \ <meta name=\"viewport\" content=\"width=device-width, initial-scale=1, maximum-scale=1\">\n
        \       <link rel=\"apple-touch-icon\" sizes=\"180x180\" href=\"/apple-touch-icon.png?v=lkvlWOG2Qx\">\n<link
        rel=\"icon\" type=\"image/png\" sizes=\"32x32\" href=\"/favicon-32x32.png?v=lkvlWOG2Qx\">\n<link
        rel=\"icon\" type=\"image/png\" sizes=\"16x16\" href=\"/favicon-16x16.png?v=lkvlWOG2Qx\">\n<link
        rel=\"manifest\" href=\"/site.webmanifest?v=lkvlWOG2Qx\">\n<link rel=\"mask-icon\"
        href=\"/safari-pinned-tab.svg?v=lkvlWOG2Qx\" color=\"#607dcd\">\n<link rel=\"shortcut
        icon\" href=\"/favicon.ico?v=lkvlWOG2Qx\">\n<meta name=\"msapplication-TileColor\"
        content=\"#607dcd\">\n<meta name=\"theme-color\" content=\"#607dcd\">\n  \n
        \ <script type=\"text/javascript\" src=\"js/hotload.js?202502132330\"></script>\n\n
        \ <link rel=\"stylesheet\" href=\"https://cdnjs.cloudflare.com/ajax/libs/font-awesome/5.15.1/css/all.min.css\">\n
        \ <link href=\"https://fonts.googleapis.com/css2?family=Rubik:wght@300;400;500&display=swap\"
        rel=\"stylesheet\">\n  <link href=\"https://fonts.googleapis.com/css2?family=Open+Sans:wght@700\"
        rel=\"stylesheet\">\n      <link href=\"css/episode.33948c0e9a7ae54a4c20.css\"
        rel=\"stylesheet\" type=\"text/css\"/>\n\n\n  <title>\n        Charmed (2018)
        3x18 - I Dreamed a Dream\u2026 - Subtitulamos.tv - Subt\xEDtulos de series\n
        \ </title>\n</head>\n<body>\n  <div id=\"base\" class=\"w-header color-swatch-normal
        font-thickness-normal\">\n        <div id=\"overlay\" class=\"overlay-wrap
        hidden\">\n      <div class=\"overlay-container w-box-shadow bounce-in\">\n
        \       <i id=\"overlay-close\"class=\"fas fa-times close-button\" aria-hidden=\"true\"></i>\n
        \       <div id=\"overlay-content\">\n\n        </div>\n      </div>\n      <div
        id=\"overlay-fade\" class=\"fade-pan\"></div>\n    </div>\n      <nav id=\"control-panel\"
        class=\"no-scroll-bar \">\n        <div id=\"control-panel-top-section\" class=\"control-panel-section\">\n
        \         <a href=\"/\">\n            <div id=\"control-panel-logo-wrap\">\n
        \             <svg id=\"logo-miniature\" height=\"30\" viewBox=\"0 0 720 720\">\n
        \               <path d=\"M500,480C373.919,603.693,144.292,621.974,115.091,623.822A359,359,0,0,1,0,360C0,161.178,161.178,0,360,0A358.39,358.39,0,0,1,576.516,72.38C594.276,124.682,651.193,331.67,500,480ZM456,236H172a32,32,0,0,0,0,64H456A32,32,0,0,0,456,236Zm0,104H172a32,32,0,0,0,0,64H456A32,32,0,0,0,456,340ZM564,504c101.048-137.763,87.982-313.7,81.9-362.757a359.955,359.955,0,0,1-24.222,465.966L664,688l-94.3-35.364A358.341,358.341,0,0,1,360,720a362.772,362.772,0,0,1-54.959-4.17C340.3,698.95,471.256,630.442,564,504Z\"/>\n
        \             </svg>\n              <span class=\"logo-text\">subtitulamos.tv</span>\n
        \           </div>\n          </a>\n          <div id=\"control-panel-search\"
        class=\"search-bar-container\">\n            <button id=\"search-subtitles\"
        title=\"Buscar\"  class=\"text small\"><i id=\"search_subtitles\" class=\"fa
        fa-search\" aria-hidden=\"true\" aria-hidden=\"true\"></i></button>\n            <input
        id=\"search-input\" data-search-bar-target='panel-search-results' type=\"text\"
        class=\"text tiny\" placeholder=\"Busca una serie... Ej.: Westworld\" autocomplete=\"off\"
        />\n            <ul class=\"search-results w-box-shadow hidden\" id='panel-search-results'></ul>\n
        \         </div>\n          <button class=\"control-panel-button search\"
        id='search-icon'>\n            <i class=\"fa fa-search\" aria-hidden=\"true\"></i>\n
        \         </button>\n\n                    <button id=\"login-cp\" class=\"control-panel-button\">\n
        \           <i class=\"fas fa-sign-in-alt\" aria-hidden=\"true\"></i>\n            <span>Iniciar
        sesi\xF3n</span>\n          </button>\n          <button id=\"register-cp\"
        class=\"control-panel-button\">\n            <i class=\"fas fa-user-plus\"
        aria-hidden=\"true\"></i>\n            <span>Registro</span>\n          </button>\n
        \                   <a class=\"control-panel-button\" page=\"/shows\" href='/shows'>\n
        \           <i class=\"fas fa-list-ul\" aria-hidden=\"true\"></i>\n            <span>\xCDndice
        de series</span>\n          </a>\n        </div>\n        <div id=\"control-panel-bottom-section\"
        class=\"control-panel-section\">\n          <button class=\"control-panel-button
        control-panel-minimize-toggle\">\n            <i class=\"fas fa-chevron-circle-left\"
        aria-hidden=\"true\"></i>\n            <i class=\"fas fa-chevron-circle-right\"
        aria-hidden=\"true\"></i>\n            <span>Minimizar</span>\n          </button>\n
        \                 </div>\n\n        <div id=\"control-panel-fade-pan\"></div>\n
        \     </nav>\n        <header>\n      <a href='/'>\n        <div id=\"header-logo-wrap\">\n
        \         <svg id=\"logo-miniature\" height=\"40\" viewBox=\"0 0 720 720\">\n
        \           <path d=\"M500,480C373.919,603.693,144.292,621.974,115.091,623.822A359,359,0,0,1,0,360C0,161.178,161.178,0,360,0A358.39,358.39,0,0,1,576.516,72.38C594.276,124.682,651.193,331.67,500,480ZM456,236H172a32,32,0,0,0,0,64H456A32,32,0,0,0,456,236Zm0,104H172a32,32,0,0,0,0,64H456A32,32,0,0,0,456,340ZM564,504c101.048-137.763,87.982-313.7,81.9-362.757a359.955,359.955,0,0,1-24.222,465.966L664,688l-94.3-35.364A358.341,358.341,0,0,1,360,720a362.772,362.772,0,0,1-54.959-4.17C340.3,698.95,471.256,630.442,564,504Z\"/>\n
        \         </svg>\n          <span class=\"logo-text\">subtitulamos.tv</span>\n
        \       </div>\n      </a>\n      <nav id=\"top-links\">\n        <button
        class=\"text tiny spaced\" id=\"shows-index\"><a href=\"/shows\">\xCDNDICE
        DE SERIES</a></button>\n        <button class=\"text tiny spaced\" id=\"register\">REGISTRO</button>\n
        \       <button class=\"text tiny spaced\" id=\"login\">INICIAR SESI\xD3N</button>\n
        \     </nav>\n    </header>\n        <div id=\"page-container\" class=\"\">\n
        \     <button class=\"overlaying-button control-panel-minimize-toggle\">\n
        \       <i class=\"fas fa-bars\" aria-hidden=\"true\"></i>\n      </button>\n
        \     <div class=\"content limited-width\">\n    \n  <div id=\"show-info-header\">\n
        \   <div id=\"show-name\" class=\"\">\n            <h1 class=\"blue-a\">Charmed
        (2018)</h1>\n    </div>\n    <div id=\"episode-header\">\n      <div id=\"episode-name\"
        class=\"\">\n                <h3 class=\"blue-a\">I Dreamed a Dream\u2026</h3>\n
        \       <div class=\"blue-b text small\" id=\"episode-numbers\">(3x18)</div>\n
        \     </div>\n      <div id=\"episode-buttons\" class=\"text tiny\">\n        <a
        class=\"thin-button episode-button\" href='/episodes/8216/resync' class=\"text
        tiny blue-a\">\n          Subir resincronizaci\xF3n\n        </a>\n        <button
        class=\"thin-button episode-button translate-subtitle\">\n          + Nueva
        traducci\xF3n\n        </button>\n      </div>\n    </div>\n    <div id=\"season-line\">\n
        \     <span class=\"text bold spaced-wide choices-title\">TEMPORADA</span>\n
        \     <div id=\"season-choices\" class=\"choices no-scroll-bar\">\n                  <a
        href=\"/episodes/3250/charmed-2018-1x01-pilot\" class=\"choice \">1</a>\n
        \                 <a href=\"/episodes/5537/charmed-2018-2x02-things-to-do-in-seattle-when-you-re-dead\"
        class=\"choice \">2</a>\n                  <a href=\"/episodes/8216/charmed-2018-3x18-i-dreamed-a-dream\"
        class=\"choice selected\">3</a>\n              </div>\n    </div>\n    <div
        id=\"episode-line\">\n      <span class=\"text bold spaced-wide choices-title\">EPISODIO</span>\n
        \     <div id=\"episode-choices\" class=\"choices no-scroll-bar\">\n                  <a
        href=\"/episodes/8216/charmed-2018-3x18-i-dreamed-a-dream\" class=\"choice
        selected\">18</a>\n              </div>\n    </div>\n  </div>\n\n  <div id=\"languages\">\n
        \   <div id=\"languages-header\">\n    <h4>Versiones</h4>\n                                                      <div
        id=\"download-count\" class=\"text tiny hint--left\" data-hint='English -
        96' >\n      <i class=\"fas fa-arrow-alt-circle-down\"></i>\n      <span id=\"count\"
        class=\"text bold\">96</span>\n      <span >descargas</span>\n    </div>\n
        \   </div>\n          <div class=\"language-container w-box-shadow\">\n        <button
        class=\"collapser-button blue-a\">\n          <i class=\"fas fa-chevron-up\"></i>\n
        \       </button>\n\n        <div class=\"text small bold blue-a language-name\"
        \ data-lang-id=\"1\">English</div>\n\n        <div class=\"language-content\">\n
        \                     <template id=\"subtitle-properties-20896\">\n  <div
        class=\"form-wrap\">\n    <form action=\"subtitles/20896/properties\" method=\"POST\">\n
        \     <h3>Propiedades del subt\xEDtulo</h2>\n      <div class='form-field
        validated' fieldname=\"Nombre de versi\xF3n\">\n        <input id=\"vname\"
        type=\"text\" class=\"form_input\"\n          name=\"vname\" value=\"CAKES\"
        required>\n        <i class=\"fas fa-code-branch\"></i>\n      </div>\n\n
        \     <div class='form-field validated' fieldname=\"Comentario de versi\xF3n\">\n
        \       <input id=\"vcomment\" type=\"text\" class=\"form_input\"\n          name=\"vcomment\"
        value=\"Son los de Addicted sin acotaciones. El final de la temporada.\" required>\n
        \       <i class=\"fas fa-comment\"></i>\n      </div>\n\n      <div class='form-field
        validated' fieldname=\"Idioma\">\n        <select name=\"lang\" id=\"lang\"
        class=\"form_input\" required>\n          <option value=\"\" disabled>Selecciona
        un idioma</option>\n                      <option value=\"en-en\" selected>English</option>\n
        \                     <option value=\"es-es\" >Espa\xF1ol (Espa\xF1a)</option>\n
        \                     <option value=\"es-lat\" >Espa\xF1ol (Latinoam\xE9rica)</option>\n
        \                     <option value=\"fr-fr\" >Fran\xE7ais</option>\n                      <option
        value=\"ca-es\" >Catal\xE0</option>\n                      <option value=\"gl-es\"
        >Galego</option>\n                  </select>\n        <i class=\"fas fa-globe\"></i>\n
        \     </div>\n\n      <button id=\"save-edit\" type=\"submit\" class='button
        button-fat'>Guardar</button>\n    </form>\n  </div>\n</template>\n                                      \n
        \                       \n            <div class=\"version-container \">\n
        \             <p class=\"text mini\">versi\xF3n</p>\n              <p class=\"text
        tiny spaced bold\">CAKES</p>\n              <div class=\"version-info\">\n
        \               <div class=\"version-buttons\">\n                                    <a
        rel=\"nofollow\" href=\"/subtitles/20896/download\">\n                                      <div
        class=\"download-button \">\n                      <i class=\"far fa-arrow-alt-circle-down\"></i>\n
        \                   </div>\n                                    </a>\n                                    <a
        rel=\"nofollow\" href=\"/subtitles/20896/translate\">\n                    <div
        class=\"edit-button-wrap\">\n                      <div class=\"edit-button\">\n
        \                       <i class=\"fas fa-pencil-alt\"></i>\n                      </div>\n
        \                   </div>\n                  </a>\n                </div>\n
        \               <div class=\"progress-bar-container\">\n                                      <div
        class=\"subtitle-uploader\">\n                      <span class=\"text mini\">\n
        \                                               ORIGINAL\n                        \n
        \                                             </span>\n                      <a
        rel=\"nofollow\" href=\"/users/1440\" class=\"uploader_name text tiny bold
        blue-a\">\n                        <i class=\"fas fa-file-import\"></i>\n
        \                       seriofilo\n                      </a>\n                    </div>\n
        \                                   <div class=\"more-info\">\n                                        <span
        class=\"text small\">\n                      <i class=\"fa fa-comment\" aria-hidden=\"true\"></i>
        Son los de Addicted sin acotaciones. El final de la temporada.\n                    </span>\n
        \                                     </div>\n                </div>\n                              </div>\n
        \           </div>\n                  </div>\n      </div>\n      </div>\n\n
        \ <div id=\"comments-container\" class=\"comments-container\">\n    \n    <h4
        class=\"comment-header\">Comentarios ({{comments.length}})</h4>\n    \n\n
        \   <comment v-for=\"comment in comments\"\n        :key=\"comment.id\"\n
        \       :id=\"comment.id\"\n        :user=\"comment.user\"\n        :base-text=\"comment.text\"\n
        \       :published-at=\"comment.published_at\"\n        :edited-at=\"comment.edited_at\"\n
        \       :pinned=\"comment.pinned\"\n        @remove=\"remove\"\n        @pin=\"pin\"\n
        \       @save=\"save\"\n      >\n    </comment>\n    <div class=\"no-comments\"
        v-if=\"comments.length == 0\">Nadie ha dejado su comentario a\xFAn.</div>\n\n
        \         <div class='newcomment-box'>\n                  <div class=\"open-comment
        disabled\">\n            <textarea id=\"new-comment\" rows=\"2\" class=\"textarea\"
        disabled>Debes estar identificado para poder dejar comentarios</textarea>\n
        \         </div>\n              </div>\n      </div>\n</div>\n\n<template
        id=\"new-translation\">\n  <div class=\"form-wrap\">\n    <h3>Nueva traducci\xF3n</h3>\n
        \   <form action=\"/subtitles/translate\" method=\"POST\">\n      <input type=\"hidden\"
        name=\"episode\" value=\"8216\" />\n      <div class=\"form-field validated
        dropdown-field\" fieldname=\"Idioma\">\n        <i class=\"fas fa-chevron-down
        dropdown\"></i>\n        <select name=\"lang\" id=\"translate-to-lang\" required>\n
        \         <option value=\"\" disabled selected>Selecciona un idioma</option>\n
        \                                   <option value=\"en-en\">English</option>\n
        \                                               <option value=\"es-es\">Espa\xF1ol
        (Espa\xF1a)</option>\n                                                <option
        value=\"es-lat\">Espa\xF1ol (Latinoam\xE9rica)</option>\n                                                <option
        value=\"fr-fr\">Fran\xE7ais</option>\n                                                <option
        value=\"ca-es\">Catal\xE0</option>\n                                                <option
        value=\"gl-es\">Galego</option>\n                              </select>\n
        \       <i class=\"fas fa-globe\"></i>\n      </div>\n      <button type=\"submit\"
        id=\"open-translation\">Abrir traducci\xF3n</button>\n    </form>\n  </div>\n</template>\n\n\n\n
        \     <footer id=\"footer\">\n        <div id=\"footer-content\">\n          <div
        id=\"in-memory-of\">\n            <div id=\"in-memory-of-content\">\n              <p>en
        memoria de</p>\n              <p>SUBTITULOS.ES</p>\n              <p>(2008-2015)</p>\n
        \             <p class='disclaimer-row'><a href='/disclaimer'>Disclaimer</a></p>\n
        \           </div>\n          </div>\n          <div id=\"page-navigation\">\n
        \           <p class=\"text light small logo-text\">&#169; subtitulamos.tv</p>\n
        \           <nav id=\"page-links\" class=\"text thin tiny\">\n              <a
        class=\"text light\" href=\"https://github.com/subtitulamos/subtitulamos\"
        target=\"_blank\">GitHub</a>\n              <a class=\"text light\" href=\"/rules\">Normas
        de traducci\xF3n</a>\n              <a class=\"text light\" href=\"https://foro.subtitulamos.tv/\"
        target=\"_blank\">Foro</a>\n              <a class=\"text light\" href=\"/shows\">\xCDndice
        de series</a>\n            </nav>\n            <nav class=\"social-networks\">\n
        \             <a class=\"text light\" href=\"https://foro.subtitulamos.tv/\"
        title=\"Foro\" target=\"_blank\"><i class=\"fab fa-forumbee\" aria-hidden=\"true\"></i></a>\n
        \             <a class=\"text light\" href=\"https://www.facebook.com/subtitulamos.tv\"
        title=\"Facebook\" target=\"_blank\"><i class=\"fab fa-facebook-f\" aria-hidden=\"true\"></i></a>\n
        \             <a class=\"text light\" href=\"https://twitter.com/subtitulamostv\"
        title=\"Twitter\" target=\"_blank\"><i class=\"fab fa-twitter\" aria-hidden=\"true\"></i></a>\n
        \             <a class=\"text light\" href=\"https://t.me/subtitulamostv\"
        title=\"Telegram\" target=\"_blank\"><i class=\"fab fa-telegram-plane\" aria-hidden=\"true\"></i></a>\n
        \             <a class=\"text light\" href=\"https://github.com/subtitulamos/subtitulamos\"
        title=\"GitHub\" target=\"_blank\"><i class=\"fab fa-github\" aria-hidden=\"true\"></i></a>\n
        \             <a class=\"text light\" href=\"/rss\" title=\"RSS\" target=\"_blank\"><i
        class=\"fas fa-rss\" aria-hidden=\"true\"></i></a>\n            </nav>\n          </div>\n
        \       </div>\n      </footer>\n    </div>\n  </div>\n\n      <script type=\"text/javascript\"
        src=\"js/vendor.b749971c14518ffbfafc.bundle.js\" ></script>\n\n    <script
        type=\"text/javascript\" src=\"js/app.06fc2580f3864eeace40.bundle.js\" ></script>\n\n
        \  \n  <script src=\"https://cdn.jsdelivr.net/npm/sweetalert2@9\"></script>\n
        \ <script>\n    const Toast = Swal.mixin({\n      toast: true,\n      position:
        'bottom-end',\n      showConfirmButton: false,\n      timer: 4000\n    });\n
        \   const Toasts = {\n      error: Toast.mixin({icon: 'error', timer: 8000}),\n
        \     success: Toast.mixin({icon: 'success', timer: 5000}),\n      info: Toast.mixin({icon:
        'info', timer: 5000})\n    };\n  </script>\n  <template id='tpl-login'>\n
        \   <h3>Inicio de sesi\xF3n</h3>\n    <div class=\"form-wrap\">\n      <form
        id=\"login-form\">\n        <div class=\"form-field text small\" fieldname=\"Nombre
        de usuario\">\n          <input type=\"text\" id=\"username\" required autocomplete=\"username\">\n
        \         <i class=\"fas fa-user\" aria-hidden=\"true\"></i>\n        </div>\n
        \       <div class=\"form-field text small\" fieldname=\"Contrase\xF1a\">\n
        \         <input type=\"password\" id=\"password\" required autocomplete=\"current-password\">\n
        \         <i class=\"fas fa-key\" aria-hidden=\"true\"></i>\n        </div>\n
        \       <div class=\"form-error\" id='login-error'></div>\n        <button
        id='login-button' type=\"submit\" class=\"text light\">Iniciar sesi\xF3n</button>\n
        \     </form>\n    </div>\n  </template>\n  <template id='tpl-register'>\n
        \   <h3>Registro</h3>\n    <div class=\"form-wrap\">\n      <form id=\"register-form\"
        action=\"/register\" method=\"POST\">\n        <div class=\"form-field text
        small validated\" fieldname=\"Nombre de usuario\">\n          <input type=\"text\"
        name=\"username\" required autocomplete=\"off\">\n          <i class=\"fas
        fa-user\" aria-hidden=\"true\"></i>\n        </div>\n        <div class=\"form-field
        text small validated\" fieldname=\"Contrase\xF1a\">\n          <input type=\"password\"
        name=\"password\" required autocomplete=\"off\">\n          <i class=\"fas
        fa-key\" aria-hidden=\"true\"></i>\n        </div>\n        <div class=\"form-field
        text small validated\" fieldname=\"Confirmar contrase\xF1a\">\n          <input
        type=\"password\" name=\"password-confirmation\" required autocomplete=\"off\">\n
        \         <i class=\"fas fa-key\" aria-hidden=\"true\"></i>\n        </div>\n
        \       <div class=\"form-field text small validated\" fieldname=\"Correo
        electr\xF3nico\">\n          <input type=\"email\" name=\"email\" required>\n
        \         <i class=\"fas fa-envelope\" aria-hidden=\"true\"></i>\n        </div>\n
        \       <div id=\"register-checkbox\">\n          <input type='checkbox' name=\"terms\"
        required>\n          Acepto las reglas y las condiciones generales de uso
        del sitio web\n        </div>\n        <div class=\"form-error\" id='register-error'></div>\n
        \       <button id='register-button' type=\"submit\" class=\"text light\">Registrarme</button>\n
        \     </form>\n    </div>\n  </template>\n    <script type=\"text/javascript\">\n
        \   var userId = 0;\n    var epId = 8216;\n    var MAX_USER_EDIT_SECONDS =
        60;\n    var canDeleteComments = false;\n    var canEditComments = false;\n
        \   var canPinComments = false;\n    var canEditProperties = false;\n    var
        isBanned = false;\n  </script>\n    <script type=\"text/javascript\" src=\"js/episode.6090abffe69f45e739c2.bundle.js\"
        ></script>\n\n</body>\n"
    headers:
      CF-RAY:
      - 91189a931b335be2-LIS
      Cache-Control:
      - no-store, no-cache, must-revalidate
      Connection:
      - keep-alive
      Content-Type:
      - text/html; charset=UTF-8
      Date:
      - Thu, 13 Feb 2025 23:30:00 GMT
      Expires:
      - Thu, 19 Nov 1981 08:52:00 GMT
      NEL:
      - '{"success_fraction":0,"report_to":"cf-nel","max_age":604800}'
      Pragma:
      - no-cache
      Report-To:
      - '{"endpoints":[{"url":"https:\/\/a.nel.cloudflare.com\/report\/v4?s=j0DfpV2Rl1wRRdv4TzmazV2%2BKBAkg8m1kQfLbsbUwQWdvYz5TXGqNa6cUE33c1cHFWotDuYtXFdVjT2clkboMa4Lk7wrRExgnN99z8vLO6CQvoOclbapqiPzns6lBQ3kB5Uwg%2FCs"}],"group":"cf-nel","max_age":604800}'
      Server:
      - cloudflare
      Transfer-Encoding:
      - chunked
      X-Powered-By:
      - PHP/7.4.14
      alt-svc:
      - h3=":443"; ma=86400
      cf-cache-status:
      - DYNAMIC
      content-length:
      - '18744'
      server-timing:
      - cfL4;desc="?proto=TCP&rtt=2998&min_rtt=2951&rtt_var=1201&sent=4&recv=6&lost=0&retrans=0&sent_bytes=2848&recv_bytes=894&delivery_rate=869669&cwnd=183&unsent_bytes=0&cid=2abd2e6e1b401751&ts=182&x=0"
    status:
      code: 200
      message: OK
- request:
    body: null
    headers:
      Accept:
      - '*/*'
      Accept-Encoding:
      - gzip, deflate
      Connection:
      - keep-alive
      Cookie:
      - PHPSESSID=a4893qp8kbilnv3f2cacu5lebd
      Referer:
      - https://www.subtitulamos.tv
      User-Agent:
      - Subliminal/2.2
    method: GET
    uri: https://www.subtitulamos.tv/episodes/3250/charmed-2018-1x01-pilot
  response:
    body:
      string: "<!DOCTYPE html>\n<html>\n<head>\n  <base href=\"https://www.subtitulamos.tv/\">\n\n
        \ <meta http-equiv=\"content-type\" content=\"text/html; charset=utf-8\"/>\n
        \ <meta name=\"viewport\" content=\"width=device-width, initial-scale=1, maximum-scale=1\">\n
        \       <link rel=\"apple-touch-icon\" sizes=\"180x180\" href=\"/apple-touch-icon.png?v=lkvlWOG2Qx\">\n<link
        rel=\"icon\" type=\"image/png\" sizes=\"32x32\" href=\"/favicon-32x32.png?v=lkvlWOG2Qx\">\n<link
        rel=\"icon\" type=\"image/png\" sizes=\"16x16\" href=\"/favicon-16x16.png?v=lkvlWOG2Qx\">\n<link
        rel=\"manifest\" href=\"/site.webmanifest?v=lkvlWOG2Qx\">\n<link rel=\"mask-icon\"
        href=\"/safari-pinned-tab.svg?v=lkvlWOG2Qx\" color=\"#607dcd\">\n<link rel=\"shortcut
        icon\" href=\"/favicon.ico?v=lkvlWOG2Qx\">\n<meta name=\"msapplication-TileColor\"
        content=\"#607dcd\">\n<meta name=\"theme-color\" content=\"#607dcd\">\n  \n
        \ <script type=\"text/javascript\" src=\"js/hotload.js?202502132330\"></script>\n\n
        \ <link rel=\"stylesheet\" href=\"https://cdnjs.cloudflare.com/ajax/libs/font-awesome/5.15.1/css/all.min.css\">\n
        \ <link href=\"https://fonts.googleapis.com/css2?family=Rubik:wght@300;400;500&display=swap\"
        rel=\"stylesheet\">\n  <link href=\"https://fonts.googleapis.com/css2?family=Open+Sans:wght@700\"
        rel=\"stylesheet\">\n      <link href=\"css/episode.33948c0e9a7ae54a4c20.css\"
        rel=\"stylesheet\" type=\"text/css\"/>\n\n\n  <title>\n        Charmed (2018)
        1x01 - Pilot - Subtitulamos.tv - Subt\xEDtulos de series\n  </title>\n</head>\n<body>\n
        \ <div id=\"base\" class=\"w-header color-swatch-normal font-thickness-normal\">\n
        \       <div id=\"overlay\" class=\"overlay-wrap hidden\">\n      <div class=\"overlay-container
        w-box-shadow bounce-in\">\n        <i id=\"overlay-close\"class=\"fas fa-times
        close-button\" aria-hidden=\"true\"></i>\n        <div id=\"overlay-content\">\n\n
        \       </div>\n      </div>\n      <div id=\"overlay-fade\" class=\"fade-pan\"></div>\n
        \   </div>\n      <nav id=\"control-panel\" class=\"no-scroll-bar \">\n        <div
        id=\"control-panel-top-section\" class=\"control-panel-section\">\n          <a
        href=\"/\">\n            <div id=\"control-panel-logo-wrap\">\n              <svg
        id=\"logo-miniature\" height=\"30\" viewBox=\"0 0 720 720\">\n                <path
        d=\"M500,480C373.919,603.693,144.292,621.974,115.091,623.822A359,359,0,0,1,0,360C0,161.178,161.178,0,360,0A358.39,358.39,0,0,1,576.516,72.38C594.276,124.682,651.193,331.67,500,480ZM456,236H172a32,32,0,0,0,0,64H456A32,32,0,0,0,456,236Zm0,104H172a32,32,0,0,0,0,64H456A32,32,0,0,0,456,340ZM564,504c101.048-137.763,87.982-313.7,81.9-362.757a359.955,359.955,0,0,1-24.222,465.966L664,688l-94.3-35.364A358.341,358.341,0,0,1,360,720a362.772,362.772,0,0,1-54.959-4.17C340.3,698.95,471.256,630.442,564,504Z\"/>\n
        \             </svg>\n              <span class=\"logo-text\">subtitulamos.tv</span>\n
        \           </div>\n          </a>\n          <div id=\"control-panel-search\"
        class=\"search-bar-container\">\n            <button id=\"search-subtitles\"
        title=\"Buscar\"  class=\"text small\"><i id=\"search_subtitles\" class=\"fa
        fa-search\" aria-hidden=\"true\" aria-hidden=\"true\"></i></button>\n            <input
        id=\"search-input\" data-search-bar-target='panel-search-results' type=\"text\"
        class=\"text tiny\" placeholder=\"Busca una serie... Ej.: Westworld\" autocomplete=\"off\"
        />\n            <ul class=\"search-results w-box-shadow hidden\" id='panel-search-results'></ul>\n
        \         </div>\n          <button class=\"control-panel-button search\"
        id='search-icon'>\n            <i class=\"fa fa-search\" aria-hidden=\"true\"></i>\n
        \         </button>\n\n                    <button id=\"login-cp\" class=\"control-panel-button\">\n
        \           <i class=\"fas fa-sign-in-alt\" aria-hidden=\"true\"></i>\n            <span>Iniciar
        sesi\xF3n</span>\n          </button>\n          <button id=\"register-cp\"
        class=\"control-panel-button\">\n            <i class=\"fas fa-user-plus\"
        aria-hidden=\"true\"></i>\n            <span>Registro</span>\n          </button>\n
        \                   <a class=\"control-panel-button\" page=\"/shows\" href='/shows'>\n
        \           <i class=\"fas fa-list-ul\" aria-hidden=\"true\"></i>\n            <span>\xCDndice
        de series</span>\n          </a>\n        </div>\n        <div id=\"control-panel-bottom-section\"
        class=\"control-panel-section\">\n          <button class=\"control-panel-button
        control-panel-minimize-toggle\">\n            <i class=\"fas fa-chevron-circle-left\"
        aria-hidden=\"true\"></i>\n            <i class=\"fas fa-chevron-circle-right\"
        aria-hidden=\"true\"></i>\n            <span>Minimizar</span>\n          </button>\n
        \                 </div>\n\n        <div id=\"control-panel-fade-pan\"></div>\n
        \     </nav>\n        <header>\n      <a href='/'>\n        <div id=\"header-logo-wrap\">\n
        \         <svg id=\"logo-miniature\" height=\"40\" viewBox=\"0 0 720 720\">\n
        \           <path d=\"M500,480C373.919,603.693,144.292,621.974,115.091,623.822A359,359,0,0,1,0,360C0,161.178,161.178,0,360,0A358.39,358.39,0,0,1,576.516,72.38C594.276,124.682,651.193,331.67,500,480ZM456,236H172a32,32,0,0,0,0,64H456A32,32,0,0,0,456,236Zm0,104H172a32,32,0,0,0,0,64H456A32,32,0,0,0,456,340ZM564,504c101.048-137.763,87.982-313.7,81.9-362.757a359.955,359.955,0,0,1-24.222,465.966L664,688l-94.3-35.364A358.341,358.341,0,0,1,360,720a362.772,362.772,0,0,1-54.959-4.17C340.3,698.95,471.256,630.442,564,504Z\"/>\n
        \         </svg>\n          <span class=\"logo-text\">subtitulamos.tv</span>\n
        \       </div>\n      </a>\n      <nav id=\"top-links\">\n        <button
        class=\"text tiny spaced\" id=\"shows-index\"><a href=\"/shows\">\xCDNDICE
        DE SERIES</a></button>\n        <button class=\"text tiny spaced\" id=\"register\">REGISTRO</button>\n
        \       <button class=\"text tiny spaced\" id=\"login\">INICIAR SESI\xD3N</button>\n
        \     </nav>\n    </header>\n        <div id=\"page-container\" class=\"\">\n
        \     <button class=\"overlaying-button control-panel-minimize-toggle\">\n
        \       <i class=\"fas fa-bars\" aria-hidden=\"true\"></i>\n      </button>\n
        \     <div class=\"content limited-width\">\n    \n  <div id=\"show-info-header\">\n
        \   <div id=\"show-name\" class=\"\">\n            <h1 class=\"blue-a\">Charmed
        (2018)</h1>\n    </div>\n    <div id=\"episode-header\">\n      <div id=\"episode-name\"
        class=\"\">\n                <h3 class=\"blue-a\">Pilot</h3>\n        <div
        class=\"blue-b text small\" id=\"episode-numbers\">(1x01)</div>\n      </div>\n
        \     <div id=\"episode-buttons\" class=\"text tiny\">\n        <a class=\"thin-button
        episode-button\" href='/episodes/3250/resync' class=\"text tiny blue-a\">\n
        \         Subir resincronizaci\xF3n\n        </a>\n        <button class=\"thin-button
        episode-button translate-subtitle\">\n          + Nueva traducci\xF3n\n        </button>\n
        \     </div>\n    </div>\n    <div id=\"season-line\">\n      <span class=\"text
        bold spaced-wide choices-title\">TEMPORADA</span>\n      <div id=\"season-choices\"
        class=\"choices no-scroll-bar\">\n                  <a href=\"/episodes/3250/charmed-2018-1x01-pilot\"
        class=\"choice selected\">1</a>\n                  <a href=\"/episodes/5537/charmed-2018-2x02-things-to-do-in-seattle-when-you-re-dead\"
        class=\"choice \">2</a>\n                  <a href=\"/episodes/8216/charmed-2018-3x18-i-dreamed-a-dream\"
        class=\"choice \">3</a>\n              </div>\n    </div>\n    <div id=\"episode-line\">\n
        \     <span class=\"text bold spaced-wide choices-title\">EPISODIO</span>\n
        \     <div id=\"episode-choices\" class=\"choices no-scroll-bar\">\n                  <a
        href=\"/episodes/3250/charmed-2018-1x01-pilot\" class=\"choice selected\">1</a>\n
        \                 <a href=\"/episodes/3317/charmed-2018-1x02-let-this-mother-out\"
        class=\"choice \">2</a>\n                  <a href=\"/episodes/3387/charmed-2018-1x03-sweet-tooth\"
        class=\"choice \">3</a>\n                  <a href=\"/episodes/3451/charmed-2018-1x04-exorcise-your-demons\"
        class=\"choice \">4</a>\n                  <a href=\"/episodes/3508/charmed-2018-1x05-other-women\"
        class=\"choice \">5</a>\n                  <a href=\"/episodes/3558/charmed-2018-1x06-kappa-spirit\"
        class=\"choice \">6</a>\n                  <a href=\"/episodes/3603/charmed-2018-1x07-out-of-scythe\"
        class=\"choice \">7</a>\n                  <a href=\"/episodes/3641/charmed-2018-1x08-bug-a-boo\"
        class=\"choice \">8</a>\n                  <a href=\"/episodes/3687/charmed-2018-1x09-jingle-hell\"
        class=\"choice \">9</a>\n                  <a href=\"/episodes/3934/charmed-2018-1x10-keep-calm-and-harry-on\"
        class=\"choice \">10</a>\n                  <a href=\"/episodes/3997/charmed-2018-1x11-witch-perfect\"
        class=\"choice \">11</a>\n                  <a href=\"/episodes/4125/charmed-2018-1x12-you-re-dead-to-me\"
        class=\"choice \">12</a>\n                  <a href=\"/episodes/4213/charmed-2018-1x13-manic-pixie-nightmare\"
        class=\"choice \">13</a>\n                  <a href=\"/episodes/4268/charmed-2018-1x14-touched-by-a-demon\"
        class=\"choice \">14</a>\n                  <a href=\"/episodes/4325/charmed-2018-1x15-switches-stones\"
        class=\"choice \">15</a>\n                  <a href=\"/episodes/4396/charmed-2018-1x16-memento-mori\"
        class=\"choice \">16</a>\n                  <a href=\"/episodes/4433/charmed-2018-1x17-surrender\"
        class=\"choice \">17</a>\n                  <a href=\"/episodes/4577/charmed-2018-1x18-the-replacement\"
        class=\"choice \">18</a>\n                  <a href=\"/episodes/4616/charmed-2018-1x19-source-material\"
        class=\"choice \">19</a>\n                  <a href=\"/episodes/4664/charmed-2018-1x20-ambush\"
        class=\"choice \">20</a>\n                  <a href=\"/episodes/4727/charmed-2018-1x21-red-rain\"
        class=\"choice \">21</a>\n                  <a href=\"/episodes/4771/charmed-2018-1x22-the-source-awakens\"
        class=\"choice \">22</a>\n              </div>\n    </div>\n  </div>\n\n  <div
        id=\"languages\">\n    <div id=\"languages-header\">\n    <h4>Versiones</h4>\n
        \                                                                                                                                                                     <div
        id=\"download-count\" class=\"text tiny hint--left\" data-hint='English -
        355&#10;&#10;Espa\xF1ol (Espa\xF1a) - 0&#10;&#10;Espa\xF1ol (Latinoam\xE9rica)
        - 0' >\n      <i class=\"fas fa-arrow-alt-circle-down\"></i>\n      <span
        id=\"count\" class=\"text bold\">355</span>\n      <span >descargas</span>\n
        \   </div>\n    </div>\n          <div class=\"language-container w-box-shadow\">\n
        \       <button class=\"collapser-button blue-a\">\n          <i class=\"fas
        fa-chevron-up\"></i>\n        </button>\n\n        <div class=\"text small
        bold blue-a language-name\"  data-lang-id=\"1\">English</div>\n\n        <div
        class=\"language-content\">\n                      <template id=\"subtitle-properties-8099\">\n
        \ <div class=\"form-wrap\">\n    <form action=\"subtitles/8099/properties\"
        method=\"POST\">\n      <h3>Propiedades del subt\xEDtulo</h2>\n      <div
        class='form-field validated' fieldname=\"Nombre de versi\xF3n\">\n        <input
        id=\"vname\" type=\"text\" class=\"form_input\"\n          name=\"vname\"
        value=\"PLUTONiUM\" required>\n        <i class=\"fas fa-code-branch\"></i>\n
        \     </div>\n\n      <div class='form-field validated' fieldname=\"Comentario
        de versi\xF3n\">\n        <input id=\"vcomment\" type=\"text\" class=\"form_input\"\n
        \         name=\"vcomment\" value=\"De addic7ed. Sin acotaciones.\" required>\n
        \       <i class=\"fas fa-comment\"></i>\n      </div>\n\n      <div class='form-field
        validated' fieldname=\"Idioma\">\n        <select name=\"lang\" id=\"lang\"
        class=\"form_input\" required>\n          <option value=\"\" disabled>Selecciona
        un idioma</option>\n                      <option value=\"en-en\" selected>English</option>\n
        \                     <option value=\"es-es\" >Espa\xF1ol (Espa\xF1a)</option>\n
        \                     <option value=\"es-lat\" >Espa\xF1ol (Latinoam\xE9rica)</option>\n
        \                     <option value=\"fr-fr\" >Fran\xE7ais</option>\n                      <option
        value=\"ca-es\" >Catal\xE0</option>\n                      <option value=\"gl-es\"
        >Galego</option>\n                  </select>\n        <i class=\"fas fa-globe\"></i>\n
        \     </div>\n\n      <button id=\"save-edit\" type=\"submit\" class='button
        button-fat'>Guardar</button>\n    </form>\n  </div>\n</template>\n                                      \n
        \                       \n            <div class=\"version-container \">\n
        \             <p class=\"text mini\">versi\xF3n</p>\n              <p class=\"text
        tiny spaced bold\">PLUTONiUM</p>\n              <div class=\"version-info\">\n
        \               <div class=\"version-buttons\">\n                                    <a
        rel=\"nofollow\" href=\"/subtitles/8099/download\">\n                                      <div
        class=\"download-button \">\n                      <i class=\"far fa-arrow-alt-circle-down\"></i>\n
        \                   </div>\n                                    </a>\n                                    <a
        rel=\"nofollow\" href=\"/subtitles/8099/translate\">\n                    <div
        class=\"edit-button-wrap\">\n                      <div class=\"edit-button\">\n
        \                       <i class=\"fas fa-pencil-alt\"></i>\n                      </div>\n
        \                   </div>\n                  </a>\n                </div>\n
        \               <div class=\"progress-bar-container\">\n                                      <div
        class=\"subtitle-uploader\">\n                      <span class=\"text mini\">\n
        \                                               ORIGINAL\n                        \n
        \                                             </span>\n                      <a
        rel=\"nofollow\" href=\"/users/671\" class=\"uploader_name text tiny bold
        blue-a\">\n                        <i class=\"fas fa-file-import\"></i>\n
        \                       angeline\n                      </a>\n                    </div>\n
        \                                   <div class=\"more-info\">\n                                        <span
        class=\"text small\">\n                      <i class=\"fa fa-comment\" aria-hidden=\"true\"></i>
        De addic7ed. Sin acotaciones.\n                    </span>\n                                      </div>\n
        \               </div>\n                              </div>\n            </div>\n
        \                 </div>\n      </div>\n          <div class=\"language-container
        w-box-shadow\">\n        <button class=\"collapser-button blue-a\">\n          <i
        class=\"fas fa-chevron-up\"></i>\n        </button>\n\n        <div class=\"text
        small bold blue-a language-name\"  data-lang-id=\"5\">Espa\xF1ol (Espa\xF1a)</div>\n\n
        \       <div class=\"language-content\">\n                      <template
        id=\"subtitle-properties-8102\">\n  <div class=\"form-wrap\">\n    <form action=\"subtitles/8102/properties\"
        method=\"POST\">\n      <h3>Propiedades del subt\xEDtulo</h2>\n      <div
        class='form-field validated' fieldname=\"Nombre de versi\xF3n\">\n        <input
        id=\"vname\" type=\"text\" class=\"form_input\"\n          name=\"vname\"
        value=\"PLUTONiUM\" required>\n        <i class=\"fas fa-code-branch\"></i>\n
        \     </div>\n\n      <div class='form-field validated' fieldname=\"Comentario
        de versi\xF3n\">\n        <input id=\"vcomment\" type=\"text\" class=\"form_input\"\n
        \         name=\"vcomment\" value=\"De addic7ed. Sin acotaciones.\" required>\n
        \       <i class=\"fas fa-comment\"></i>\n      </div>\n\n      <div class='form-field
        validated' fieldname=\"Idioma\">\n        <select name=\"lang\" id=\"lang\"
        class=\"form_input\" required>\n          <option value=\"\" disabled>Selecciona
        un idioma</option>\n                      <option value=\"en-en\" >English</option>\n
        \                     <option value=\"es-es\" selected>Espa\xF1ol (Espa\xF1a)</option>\n
        \                     <option value=\"es-lat\" >Espa\xF1ol (Latinoam\xE9rica)</option>\n
        \                     <option value=\"fr-fr\" >Fran\xE7ais</option>\n                      <option
        value=\"ca-es\" >Catal\xE0</option>\n                      <option value=\"gl-es\"
        >Galego</option>\n                  </select>\n        <i class=\"fas fa-globe\"></i>\n
        \     </div>\n\n      <button id=\"save-edit\" type=\"submit\" class='button
        button-fat'>Guardar</button>\n    </form>\n  </div>\n</template>\n                                      \n
        \                       \n            <div class=\"version-container \">\n
        \             <p class=\"text mini\">versi\xF3n</p>\n              <p class=\"text
        tiny spaced bold\">PLUTONiUM</p>\n              <div class=\"version-info\">\n
        \               <div class=\"version-buttons\">\n                                      <div
        class=\"download-button unavailable\">\n                      <i class=\"far
        fa-arrow-alt-circle-down\"></i>\n                    </div>\n                                    <a
        rel=\"nofollow\" href=\"/subtitles/8102/translate\">\n                    <div
        class=\"edit-button-wrap\">\n                      <div class=\"edit-button\">\n
        \                       <i class=\"fas fa-pencil-alt\"></i>\n                      </div>\n
        \                   </div>\n                  </a>\n                </div>\n
        \               <div class=\"progress-bar-container\">\n                                      <div
        class=\"progress-bar \">\n                                            <div
        class=\"progress progress_2049\"\n                        style=\"width: 25%\">\n
        \                     </div>\n                    </div>\n                                    <div
        class=\"more-info\">\n                                          <span class=\"text
        small bold percentage-value\">\n                        25%\n                      </span>\n
        \                                                           </div>\n                </div>\n
        \                             </div>\n            </div>\n                  </div>\n
        \     </div>\n          <div class=\"language-container w-box-shadow\">\n
        \       <button class=\"collapser-button blue-a\">\n          <i class=\"fas
        fa-chevron-up\"></i>\n        </button>\n\n        <div class=\"text small
        bold blue-a language-name\"  data-lang-id=\"6\">Espa\xF1ol (Latinoam\xE9rica)</div>\n\n
        \       <div class=\"language-content\">\n                      <template
        id=\"subtitle-properties-8315\">\n  <div class=\"form-wrap\">\n    <form action=\"subtitles/8315/properties\"
        method=\"POST\">\n      <h3>Propiedades del subt\xEDtulo</h2>\n      <div
        class='form-field validated' fieldname=\"Nombre de versi\xF3n\">\n        <input
        id=\"vname\" type=\"text\" class=\"form_input\"\n          name=\"vname\"
        value=\"PLUTONiUM\" required>\n        <i class=\"fas fa-code-branch\"></i>\n
        \     </div>\n\n      <div class='form-field validated' fieldname=\"Comentario
        de versi\xF3n\">\n        <input id=\"vcomment\" type=\"text\" class=\"form_input\"\n
        \         name=\"vcomment\" value=\"De addic7ed. Sin acotaciones.\" required>\n
        \       <i class=\"fas fa-comment\"></i>\n      </div>\n\n      <div class='form-field
        validated' fieldname=\"Idioma\">\n        <select name=\"lang\" id=\"lang\"
        class=\"form_input\" required>\n          <option value=\"\" disabled>Selecciona
        un idioma</option>\n                      <option value=\"en-en\" >English</option>\n
        \                     <option value=\"es-es\" >Espa\xF1ol (Espa\xF1a)</option>\n
        \                     <option value=\"es-lat\" selected>Espa\xF1ol (Latinoam\xE9rica)</option>\n
        \                     <option value=\"fr-fr\" >Fran\xE7ais</option>\n                      <option
        value=\"ca-es\" >Catal\xE0</option>\n                      <option value=\"gl-es\"
        >Galego</option>\n                  </select>\n        <i class=\"fas fa-globe\"></i>\n
        \     </div>\n\n      <button id=\"save-edit\" type=\"submit\" class='button
        button-fat'>Guardar</button>\n    </form>\n  </div>\n</template>\n                                      \n
        \                       \n            <div class=\"version-container \">\n
        \             <p class=\"text mini\">versi\xF3n</p>\n              <p class=\"text
        tiny spaced bold\">PLUTONiUM</p>\n              <div class=\"version-info\">\n
        \               <div class=\"version-buttons\">\n                                      <div
        class=\"download-button unavailable\">\n                      <i class=\"far
        fa-arrow-alt-circle-down\"></i>\n                    </div>\n                                    <a
        rel=\"nofollow\" href=\"/subtitles/8315/translate\">\n                    <div
        class=\"edit-button-wrap\">\n                      <div class=\"edit-button\">\n
        \                       <i class=\"fas fa-pencil-alt\"></i>\n                      </div>\n
        \                   </div>\n                  </a>\n                </div>\n
        \               <div class=\"progress-bar-container\">\n                                      <div
        class=\"progress-bar \">\n                                            <div
        class=\"progress progress_019\"\n                        style=\"width: 7%\">\n
        \                     </div>\n                    </div>\n                                    <div
        class=\"more-info\">\n                                          <span class=\"text
        small bold percentage-value\">\n                        7%\n                      </span>\n
        \                                                           </div>\n                </div>\n
        \                             </div>\n            </div>\n                  </div>\n
        \     </div>\n      </div>\n\n  <div id=\"comments-container\" class=\"comments-container\">\n
        \   \n    <h4 class=\"comment-header\">Comentarios ({{comments.length}})</h4>\n
        \   \n\n    <comment v-for=\"comment in comments\"\n        :key=\"comment.id\"\n
        \       :id=\"comment.id\"\n        :user=\"comment.user\"\n        :base-text=\"comment.text\"\n
        \       :published-at=\"comment.published_at\"\n        :edited-at=\"comment.edited_at\"\n
        \       :pinned=\"comment.pinned\"\n        @remove=\"remove\"\n        @pin=\"pin\"\n
        \       @save=\"save\"\n      >\n    </comment>\n    <div class=\"no-comments\"
        v-if=\"comments.length == 0\">Nadie ha dejado su comentario a\xFAn.</div>\n\n
        \         <div class='newcomment-box'>\n                  <div class=\"open-comment
        disabled\">\n            <textarea id=\"new-comment\" rows=\"2\" class=\"textarea\"
        disabled>Debes estar identificado para poder dejar comentarios</textarea>\n
        \         </div>\n              </div>\n      </div>\n</div>\n\n<template
        id=\"new-translation\">\n  <div class=\"form-wrap\">\n    <h3>Nueva traducci\xF3n</h3>\n
        \   <form action=\"/subtitles/translate\" method=\"POST\">\n      <input type=\"hidden\"
        name=\"episode\" value=\"3250\" />\n      <div class=\"form-field validated
        dropdown-field\" fieldname=\"Idioma\">\n        <i class=\"fas fa-chevron-down
        dropdown\"></i>\n        <select name=\"lang\" id=\"translate-to-lang\" required>\n
        \         <option value=\"\" disabled selected>Selecciona un idioma</option>\n
        \                                   <option value=\"en-en\">English</option>\n
        \                                               <option value=\"es-es\">Espa\xF1ol
        (Espa\xF1a)</option>\n                                                <option
        value=\"es-lat\">Espa\xF1ol (Latinoam\xE9rica)</option>\n                                                <option
        value=\"fr-fr\">Fran\xE7ais</option>\n                                                <option
        value=\"ca-es\">Catal\xE0</option>\n                                                <option
        value=\"gl-es\">Galego</option>\n                              </select>\n
        \       <i class=\"fas fa-globe\"></i>\n      </div>\n      <button type=\"submit\"
        id=\"open-translation\">Abrir traducci\xF3n</button>\n    </form>\n  </div>\n</template>\n\n\n\n
        \     <footer id=\"footer\">\n        <div id=\"footer-content\">\n          <div
        id=\"in-memory-of\">\n            <div id=\"in-memory-of-content\">\n              <p>en
        memoria de</p>\n              <p>SUBTITULOS.ES</p>\n              <p>(2008-2015)</p>\n
        \             <p class='disclaimer-row'><a href='/disclaimer'>Disclaimer</a></p>\n
        \           </div>\n          </div>\n          <div id=\"page-navigation\">\n
        \           <p class=\"text light small logo-text\">&#169; subtitulamos.tv</p>\n
        \           <nav id=\"page-links\" class=\"text thin tiny\">\n              <a
        class=\"text light\" href=\"https://github.com/subtitulamos/subtitulamos\"
        target=\"_blank\">GitHub</a>\n              <a class=\"text light\" href=\"/rules\">Normas
        de traducci\xF3n</a>\n              <a class=\"text light\" href=\"https://foro.subtitulamos.tv/\"
        target=\"_blank\">Foro</a>\n              <a class=\"text light\" href=\"/shows\">\xCDndice
        de series</a>\n            </nav>\n            <nav class=\"social-networks\">\n
        \             <a class=\"text light\" href=\"https://foro.subtitulamos.tv/\"
        title=\"Foro\" target=\"_blank\"><i class=\"fab fa-forumbee\" aria-hidden=\"true\"></i></a>\n
        \             <a class=\"text light\" href=\"https://www.facebook.com/subtitulamos.tv\"
        title=\"Facebook\" target=\"_blank\"><i class=\"fab fa-facebook-f\" aria-hidden=\"true\"></i></a>\n
        \             <a class=\"text light\" href=\"https://twitter.com/subtitulamostv\"
        title=\"Twitter\" target=\"_blank\"><i class=\"fab fa-twitter\" aria-hidden=\"true\"></i></a>\n
        \             <a class=\"text light\" href=\"https://t.me/subtitulamostv\"
        title=\"Telegram\" target=\"_blank\"><i class=\"fab fa-telegram-plane\" aria-hidden=\"true\"></i></a>\n
        \             <a class=\"text light\" href=\"https://github.com/subtitulamos/subtitulamos\"
        title=\"GitHub\" target=\"_blank\"><i class=\"fab fa-github\" aria-hidden=\"true\"></i></a>\n
        \             <a class=\"text light\" href=\"/rss\" title=\"RSS\" target=\"_blank\"><i
        class=\"fas fa-rss\" aria-hidden=\"true\"></i></a>\n            </nav>\n          </div>\n
        \       </div>\n      </footer>\n    </div>\n  </div>\n\n      <script type=\"text/javascript\"
        src=\"js/vendor.b749971c14518ffbfafc.bundle.js\" ></script>\n\n    <script
        type=\"text/javascript\" src=\"js/app.06fc2580f3864eeace40.bundle.js\" ></script>\n\n
        \  \n  <script src=\"https://cdn.jsdelivr.net/npm/sweetalert2@9\"></script>\n
        \ <script>\n    const Toast = Swal.mixin({\n      toast: true,\n      position:
        'bottom-end',\n      showConfirmButton: false,\n      timer: 4000\n    });\n
        \   const Toasts = {\n      error: Toast.mixin({icon: 'error', timer: 8000}),\n
        \     success: Toast.mixin({icon: 'success', timer: 5000}),\n      info: Toast.mixin({icon:
        'info', timer: 5000})\n    };\n  </script>\n  <template id='tpl-login'>\n
        \   <h3>Inicio de sesi\xF3n</h3>\n    <div class=\"form-wrap\">\n      <form
        id=\"login-form\">\n        <div class=\"form-field text small\" fieldname=\"Nombre
        de usuario\">\n          <input type=\"text\" id=\"username\" required autocomplete=\"username\">\n
        \         <i class=\"fas fa-user\" aria-hidden=\"true\"></i>\n        </div>\n
        \       <div class=\"form-field text small\" fieldname=\"Contrase\xF1a\">\n
        \         <input type=\"password\" id=\"password\" required autocomplete=\"current-password\">\n
        \         <i class=\"fas fa-key\" aria-hidden=\"true\"></i>\n        </div>\n
        \       <div class=\"form-error\" id='login-error'></div>\n        <button
        id='login-button' type=\"submit\" class=\"text light\">Iniciar sesi\xF3n</button>\n
        \     </form>\n    </div>\n  </template>\n  <template id='tpl-register'>\n
        \   <h3>Registro</h3>\n    <div class=\"form-wrap\">\n      <form id=\"register-form\"
        action=\"/register\" method=\"POST\">\n        <div class=\"form-field text
        small validated\" fieldname=\"Nombre de usuario\">\n          <input type=\"text\"
        name=\"username\" required autocomplete=\"off\">\n          <i class=\"fas
        fa-user\" aria-hidden=\"true\"></i>\n        </div>\n        <div class=\"form-field
        text small validated\" fieldname=\"Contrase\xF1a\">\n          <input type=\"password\"
        name=\"password\" required autocomplete=\"off\">\n          <i class=\"fas
        fa-key\" aria-hidden=\"true\"></i>\n        </div>\n        <div class=\"form-field
        text small validated\" fieldname=\"Confirmar contrase\xF1a\">\n          <input
        type=\"password\" name=\"password-confirmation\" required autocomplete=\"off\">\n
        \         <i class=\"fas fa-key\" aria-hidden=\"true\"></i>\n        </div>\n
        \       <div class=\"form-field text small validated\" fieldname=\"Correo
        electr\xF3nico\">\n          <input type=\"email\" name=\"email\" required>\n
        \         <i class=\"fas fa-envelope\" aria-hidden=\"true\"></i>\n        </div>\n
        \       <div id=\"register-checkbox\">\n          <input type='checkbox' name=\"terms\"
        required>\n          Acepto las reglas y las condiciones generales de uso
        del sitio web\n        </div>\n        <div class=\"form-error\" id='register-error'></div>\n
        \       <button id='register-button' type=\"submit\" class=\"text light\">Registrarme</button>\n
        \     </form>\n    </div>\n  </template>\n    <script type=\"text/javascript\">\n
        \   var userId = 0;\n    var epId = 3250;\n    var MAX_USER_EDIT_SECONDS =
        60;\n    var canDeleteComments = false;\n    var canEditComments = false;\n
        \   var canPinComments = false;\n    var canEditProperties = false;\n    var
        isBanned = false;\n  </script>\n    <script type=\"text/javascript\" src=\"js/episode.6090abffe69f45e739c2.bundle.js\"
        ></script>\n\n</body>\n"
    headers:
      CF-RAY:
      - 91189a9548465bec-LIS
      Cache-Control:
      - no-store, no-cache, must-revalidate
      Connection:
      - keep-alive
      Content-Type:
      - text/html; charset=UTF-8
      Date:
      - Thu, 13 Feb 2025 23:30:01 GMT
      Expires:
      - Thu, 19 Nov 1981 08:52:00 GMT
      NEL:
      - '{"success_fraction":0,"report_to":"cf-nel","max_age":604800}'
      Pragma:
      - no-cache
      Report-To:
      - '{"endpoints":[{"url":"https:\/\/a.nel.cloudflare.com\/report\/v4?s=OMH1L6rQXSEGHvATna5qSvK1uJf0S%2BlpvMWaQV70rD8oG%2BuDC3qFfCBenAi8ixg7a1Ymmt0gHin96XloRGNBgddySJjsrr97I2e6tF40qMTsmXh%2FAoayJAqkB6hunWpfYJR0BFb%2F"}],"group":"cf-nel","max_age":604800}'
      Server:
      - cloudflare
      Transfer-Encoding:
      - chunked
      X-Powered-By:
      - PHP/7.4.14
      alt-svc:
      - h3=":443"; ma=86400
      cf-cache-status:
      - DYNAMIC
      content-length:
      - '27536'
      server-timing:
      - cfL4;desc="?proto=TCP&rtt=4067&min_rtt=3969&rtt_var=1558&sent=4&recv=6&lost=0&retrans=0&sent_bytes=2850&recv_bytes=882&delivery_rate=729654&cwnd=241&unsent_bytes=0&cid=10282701a6c10c3b&ts=180&x=0"
    status:
      code: 200
      message: OK
- request:
    body: null
    headers:
      Accept:
      - '*/*'
      Accept-Encoding:
      - gzip, deflate
      Connection:
      - keep-alive
      Cookie:
      - PHPSESSID=a4893qp8kbilnv3f2cacu5lebd
      Referer:
      - https://www.subtitulamos.tv/episodes/3250/charmed-2018-1x01-pilot
      User-Agent:
      - Subliminal/2.2
    method: GET
    uri: https://www.subtitulamos.tv/subtitles/8099/download
  response:
    body:
      string: !!binary |
        MQ0KMDA6MDA6MDAsMDk0IC0tPiAwMDowMDowMiwwMjgNClRoaXMgaXMgbm90IGEgd2l0Y2ggaHVu
        dC4NCg0KMg0KMDA6MDA6MjIsMTI2IC0tPiAwMDowMDoyNCwyNTkNCi0gVGFrZSBteSBib290cyBv
        ZmYuDQotIFBsZWFzZSENCg0KMw0KMDA6MDA6MjQsMjY1IC0tPiAwMDowMDoyNSw1MzINCkl0J3Mg
        YSBtaWxpdGFyeS10aGVtZWQgcGFydHksDQoNCjQNCjAwOjAwOjI1LDUzOCAtLT4gMDA6MDA6Mjcs
        ODMwDQotIGFuZCBJIGRvbid0IGhhdmUgYW55dGhpbmcgdGhpcyB1Z2x5Lg0KLSBJIHNhaWQgbm8u
        DQoNCjUNCjAwOjAwOjI3LDgzNiAtLT4gMDA6MDA6MjksNDU3DQpBbmQgd2h5IGFyZSB0aG9zZSBH
        cmVlaw0KcGFydGllcyBhbHdheXMgdGhlbWVkPw0KDQo2DQowMDowMDoyOSw0NjMgLS0+IDAwOjAw
        OjMxLDQwOQ0KSGF2ZSB5b3UgdGhvdWdodCBhYm91dA0KdGhhdCwgcHN5Y2hvbG9naWNhbGx5LA0K
        DQo3DQowMDowMDozMSw0MTUgLS0+IDAwOjAwOjMzLDMzNQ0KdGhhdCB0aGV5J3JlIGFsd2F5cyBw
        cmV0ZW5kaW5nDQp0byBiZSBvdGhlciBwZW9wbGU/DQoNCjgNCjAwOjAwOjMzLDM0MSAtLT4gMDA6
        MDA6MzQsOTMwDQpObywgYmVjYXVzZSBJIGFjdHVhbGx5IGxpa2UgdG8gaGF2ZSBmdW4uDQoNCjkN
        CjAwOjAwOjM0LDkzNiAtLT4gMDA6MDA6MzYsNzQ3DQpEb24ndCB5b3UgdGhyZWF0ZW4gbWUhDQoN
        CjEwDQowMDowMDozNiw3NTMgLS0+IDAwOjAwOjM4LDQ0MA0KVGhpcyBpcyBub3QgYSB3aXRjaCBo
        dW50Lg0KDQoxMQ0KMDA6MDA6MzgsNDQ2IC0tPiAwMDowMDo0MSwzNDcNCkl0J3MgYSByZWNrb25p
        bmcsIGFuZCBJIHdhbnQgaGltIG91dCENCg0KMTINCjAwOjAwOjQyLDIwOCAtLT4gMDA6MDA6NDMs
        OTEyDQpNb20/DQoNCjEzDQowMDowMDo0Myw5ODEgLS0+IDAwOjAwOjQ1LDc0OA0KV2hhdCB3YXMg
        dGhhdCBhYm91dD8NCg0KMTQNCjAwOjAwOjQ2LDAwMiAtLT4gMDA6MDA6NDgsNzAzDQpQcm9mZXNz
        b3IgVGhhaW5lIGlzDQpwcm90ZXN0aW5nIGhpcyBzdXNwZW5zaW9uLg0KDQoxNQ0KMDA6MDA6NDks
        MDE5IC0tPiAwMDowMDo1MiwwNzMNCkFuZCBzaW5jZSBBbmdlbGEgV3UgY2FuJ3QgdGVzdGlmeS4u
        Lg0KDQoxNg0KMDA6MDA6NTMsODgxIC0tPiAwMDowMDo1NSw2ODANCkFyZSB5b3Ugb2theSwgTW9t
        Pw0KDQoxNw0KMDA6MDA6NTUsODk3IC0tPiAwMDowMDo1NywyMTYNClllYWguDQoNCjE4DQowMDow
        MDo1OSw0NTMgLS0+IDAwOjAxOjAxLDM4Ng0KSSdtIGZpbmUsIGhvbmVzdGx5Lg0KDQoxOQ0KMDA6
        MDE6MDMsOTU3IC0tPiAwMDowMTowNSw5OTENCkxvb2sgYXQgYm90aCBvZiB5b3UuDQoNCjIwDQow
        MDowMTowNywwMzMgLS0+IDAwOjAxOjA5LDI2MQ0KTXkgYmVhdXRpZnVsIGdpcmxzLg0KDQoyMQ0K
        MDA6MDE6MDksMjY3IC0tPiAwMDowMToxMSw5MzUNCk9rYXkuIERpZCB5b3UgaGF2ZSBhIGdsYXNz
        DQpvZiB3aW5lIG9yIHNvbWV0aGluZywgTW9tPw0KDQoyMg0KMDA6MDE6MTEsOTQxIC0tPiAwMDow
        MToxMyw2NDENCk5vLg0KDQoyMw0KMDA6MDE6MTMsODM0IC0tPiAwMDowMToxNiwxMDENCk9uZS4g
        Q29tZSBoZXJlLg0KDQoyNA0KMDA6MDE6MjIsMjMxIC0tPiAwMDowMToyNCwzNDINCkkgZmVlbCBz
        byBsdWNreQ0KDQoyNQ0KMDA6MDE6MjQsNDExIC0tPiAwMDowMToyNywxMTINCnRvIGJlIHRoZSBt
        b3RoZXIgb2YgdHdvIHNwZWNpYWwNCg0KMjYNCjAwOjAxOjI3LDExOCAtLT4gMDA6MDE6MjgsNDg0
        DQp5b3VuZyB3b21lbi4NCg0KMjcNCjAwOjAxOjI4LDgwMiAtLT4gMDA6MDE6MzEsMDkwDQpTcGVj
        aWFsIGluIHN1Y2ggZGlmZmVyZW50IHdheXMuDQoNCjI4DQowMDowMTozMiw2NTMgLS0+IDAwOjAx
        OjM0LDIyMw0KQWx3YXlzIHJlbWVtYmVyIHRoYXQuDQoNCjI5DQowMDowMTozNSwzNzAgLS0+IDAw
        OjAxOjM3LDQwMw0KWW91J3JlIGJldHRlciB0b2dldGhlci4NCg0KMzANCjAwOjAxOjM3LDY5MSAt
        LT4gMDA6MDE6MzksODU4DQpZb3VyIGRpZmZlcmVuY2VzIGFyZSB5b3VyIHN0cmVuZ3Rocy4NCg0K
        MzENCjAwOjAxOjM5LDkyNyAtLT4gMDA6MDE6NDIsOTI4DQpBbmQgbm90aGluZyBpcyBzdHJvbmdl
        cg0KdGhhbiB5b3VyIHNpc3Rlcmhvb2QuDQoNCjMyDQowMDowMTo0NSwwOTggLS0+IDAwOjAxOjQ2
        LDk2NQ0KTnVydHVyZSB0aGF0Lg0KDQozMw0KMDA6MDE6NDcsMDM0IC0tPiAwMDowMTo0OCw4OTQN
        CkRvbid0IHdvcnJ5LCBNb20uIFdlIGFyZSBhbGwgb3ZlciBpdC4NCg0KMzQNCjAwOjAxOjQ4LDkw
        MCAtLT4gMDA6MDE6NTEsMTUyDQpZZWFoLCB3ZSdyZSBnb25uYSBudXJ0dXJlIGl0IHNvIGhhcmQu
        DQoNCjM1DQowMDowMTo1MSwxNTggLS0+IDAwOjAxOjUyLDg1Nw0KQnV0IGxhdGVyLiBDYW4gd2Ug
        Z28/DQoNCjM2DQowMDowMTo1Miw4NjMgLS0+IDAwOjAxOjU1LDIwNw0KSXQncyBiYWQgZW5vdWdo
        IEknbSB0aGUgb25seQ0KZnJlc2htYW4gd2l0aCBhIGN1cmZldy4NCg0KMzcNCjAwOjAxOjU1LDUx
        NSAtLT4gMDA6MDE6NTcsNjU1DQpZZXMuIEdvLg0KDQozOA0KMDA6MDI6MDAsOTE4IC0tPiAwMDow
        MjowMiwwODQNCi0gQnllLg0KLSBCeWUuDQoNCjM5DQowMDowMjowMyw5ODQgLS0+IDAwOjAyOjA2
        LDc1MQ0KXw0KDQo0MA0KMDA6MDI6MTcsNjczIC0tPiAwMDowMjoxOSw2NDANCkJyaWFuLCB3aHkg
        YXJlIHlvdSBmb2xsb3dpbmcgbWU/DQoNCjQxDQowMDowMjoxOSw2NDYgLS0+IDAwOjAyOjIxLDIw
        OQ0KSSB3YXMgb24gbXkgd2F5IG91dCwNCg0KNDINCjAwOjAyOjIxLDIxNSAtLT4gMDA6MDI6MjIs
        ODYzDQphbmQgeW91IHdlcmUgZ29ubmEgZ28gdGhyb3VnaCB0aGUgd29vZHMuDQoNCjQzDQowMDow
        MjoyMiw4NjkgLS0+IDAwOjAyOjI1LDI1OA0KLSBJdCdzIHNhZmUuDQotIENvbWUgb24uDQoNCjQ0
        DQowMDowMjoyNSw0MTQgLS0+IDAwOjAyOjI2LDk3Mg0KSSdtIGRyaXZpbmcgeW91Lg0KDQo0NQ0K
        MDA6MDI6MjYsOTc4IC0tPiAwMDowMjoyOCw0ODcNCldoYXQ/DQoNCjQ2DQowMDowMjoyOCw1NTgg
        LS0+IDAwOjAyOjMwLDM0Mg0KRnJpZW5kcyBnaXZlIGZyaWVuZHMgcmlkZXMuDQoNCjQ3DQowMDow
        MjozMCw1MTEgLS0+IDAwOjAyOjMyLDE3OA0KV2Ugd2VyZSBnb25uYSB0cnkgc29tZSBzcGFjZS4N
        Cg0KNDgNCjAwOjAyOjMzLDY0NyAtLT4gMDA6MDI6MzUsMzQ3DQpGb3IgYm90aCBvZiB1cy4NCg0K
        NDkNCjAwOjAyOjM1LDk0MSAtLT4gMDA6MDI6MzcsNjE2DQpKdXN0IGJlIGNhcmVmdWwuDQoNCjUw
        DQowMDowMjozOCwxNjcgLS0+IDAwOjAyOjM5LDY4NA0KT2theT8NCg0KNTENCjAwOjAzOjI5LDM3
        MyAtLT4gMDA6MDM6MzEsMTkwDQpfDQoNCjUyDQowMDowMzozMSwyMjEgLS0+IDAwOjAzOjMzLDM3
        MQ0KSGV5LCBJIGhhdmUgdG8gZ28uIFNvbWV0aGluZyBpcyB3cm9uZy4NCg0KNTMNCjAwOjA0OjIw
        LDQ4MSAtLT4gMDA6MDQ6MjMsMjE1DQpIZWFyIHRoaXMhIEkgaGF2ZSB0aHJlZSENCg0KNTQNCjAw
        OjA0OjM0LDQ3OSAtLT4gMDA6MDQ6MzYsMzI4DQpFc3NlIHF1YW0gdmlkZXJpLg0KDQo1NQ0KMDA6
        MDQ6MzYsNTIyIC0tPiAwMDowNDozOSw1NTYNCkl0IG1lYW5zLCB0byBiZSByYXRoZXIgdGhhbiBz
        ZWVtIHRvIGJlLg0KDQo1Ng0KMDA6MDQ6MzksNTYyIC0tPiAwMDowNDo0Miw0MzANClRoYXQgaXMg
        dGhlIEthcHBhIFRhdQ0KS2FwcGEgbW90dG8sIHdoaWNoIG1lYW5zDQoNCjU3DQowMDowNDo0Miw0
        MzYgLS0+IDAwOjA0OjQ0LDU3OQ0Kd2Ugc3RyaXZlIHRvIGJlIGF1dGhlbnRpYy4gU21pbGUuDQoN
        CjU4DQowMDowNDo0NSw2MzkgLS0+IDAwOjA0OjQ3LDU5Mw0KTG93ZXIgdGhlIHZvbHVtZSwgcGxl
        YXNlLg0KDQo1OQ0KMDA6MDQ6NDcsNjIyIC0tPiAwMDowNDo1MCw1OTANCk5lZWQgSSByZW1pbmQg
        eW91IHRoYXQgc2luY2UNCnRoZSBBbmdlbGEgV3UgY29tYSBzaXRjaCwNCg0KNjANCjAwOjA0OjUw
        LDY1OCAtLT4gMDA6MDQ6NTIsMzkxDQp3ZSBhcmUgImRyeSwiDQoNCjYxDQowMDowNDo1Miw0NjAg
        LS0+IDAwOjA0OjU0LDYyNw0KYW5kIG5vdCBsb29raW5nIHRvIGF0dHJhY3QgYXR0ZW50aW9uLg0K
        DQo2Mg0KMDA6MDQ6NTQsODEzIC0tPiAwMDowNDo1Niw5NDYNCllvdSdyZSBnb2luZyB0byBydXNo
        LCByaWdodD8NCg0KNjMNCjAwOjA0OjU2LDk1MiAtLT4gMDA6MDQ6NTksNTU2DQpPaCwgbm8uIFNo
        ZSdzIGRlZmluaXRlbHkgbm90Lg0KDQo2NA0KMDA6MDU6MDEsMzM2IC0tPiAwMDowNTowMywyMzYN
        Ck15IEdvZCwgd2hhdCBhcmUgeW91IGRvaW5nIGhlcmU/IQ0KDQo2NQ0KMDA6MDU6MDMsMzA0IC0t
        PiAwMDowNTowNSw0NDMNCk1vbSBoYXMgYmVlbiB0ZXh0aW5nLg0KU2hlIG5lZWRzIHVzIGJvdGgg
        YXQgaG9tZS4NCg0KNjYNCjAwOjA1OjA1LDQ0OSAtLT4gMDA6MDU6MDYsOTY3DQpXaGF0IGRvIHlv
        dSBtZWFuLCBzaGUgbmVlZHMgdXM/DQoNCjY3DQowMDowNTowNiw5NzMgLS0+IDAwOjA1OjA4LDEy
        NQ0KWW91IG9idmlvdXNseSBnb3QgdGhlIG1lc3NhZ2VzLg0KDQo2OA0KMDA6MDU6MDgsMTMxIC0t
        PiAwMDowNTowOSw5NTINCllvdSBjaGVjayB5b3VyIHBob25lIGV2ZXJ5IGZpdmUgc2Vjb25kcy4N
        Cg0KNjkNCjAwOjA1OjEwLDkwMCAtLT4gMDA6MDU6MTEsOTI3DQpGaW5lLg0KDQo3MA0KMDA6MDU6
        MTEsOTMzIC0tPiAwMDowNToxNCwzMDANCkknbGwganVzdCBoYW5nIG91dCBoZXJlLA0KZW5nYWdl
        IHRoZXNlIHlvdW5nIG1lbg0KDQo3MQ0KMDA6MDU6MTQsMzA2IC0tPiAwMDowNToxNiwwMDYNCmlu
        IGRpc2N1c3Npb25zIGFib3V0IHJhcGUgY3VsdHVyZS4NCg0KNzINCjAwOjA1OjE2LDAxMiAtLT4g
        MDA6MDU6MTcsNTgzDQpTdG9wIGl0ISBJJ20uLi4gSSdtIGNvbWluZy4NCg0KNzMNCjAwOjA1OjE3
        LDY1MiAtLT4gMDA6MDU6MTksMjUxDQpIZXksIHJlbWVtYmVyLCB3aGVuIGl0IGNvbWVzIHRvIGNv
        bnNlbnQsDQoNCjc0DQowMDowNToxOSwyNTcgLS0+IDAwOjA1OjIxLDQ1OA0KeW91IGNhbiBjaGFu
        Z2UgeW91ciBtaW5kcw0KYXQgYW55IHRpbWUsIG9rYXk/DQoNCjc1DQowMDowNToyMSw0NjQgLS0+
        IDAwOjA1OjIyLDk5Nw0KT2gsIG15IEdvZCwgeW91IGp1c3Qga2lsbGVkIG1lLg0KDQo3Ng0KMDA6
        MDU6MjMsMDAzIC0tPiAwMDowNToyNCw2MDMNCkknbSBsaXRlcmFsbHkgZGVhZCByaWdodCBub3cu
        DQoNCjc3DQowMDowNToyNSw0MTYgLS0+IDAwOjA1OjI3LDI0Ng0KSXMgdGhhdCB2b21pdCBvbiBt
        eSBib290cz8NCg0KNzgNCjAwOjA1OjI3LDI1MiAtLT4gMDA6MDU6MjksNTM4DQpOby4gTWF5YmUu
        DQoNCjc5DQowMDowNToyOSw3NTEgLS0+IDAwOjA1OjMxLDUzNA0KV2hhdD8gU28sIEknbGwgY2xl
        YW4gdGhlbS4NCg0KODANCjAwOjA1OjM1LDk0MSAtLT4gMDA6MDU6MzgsMzc1DQpIb3cgdGhlIGhl
        bGwgZGlkIGZyZWFraW5nDQpiaXJkcyBnZXQgaW4gaGVyZT8NCg0KODENCjAwOjA1OjM5LDgwMSAt
        LT4gMDA6MDU6NDIsMjM1DQpXaHkgaXMgaXQgc28gY29sZD8NCg0KODINCjAwOjA1OjQyLDc4MSAt
        LT4gMDA6MDU6NDQsNDgxDQpNb20/DQoNCjgzDQowMDowNTo0NSwzNjkgLS0+IDAwOjA1OjQ2LDgx
        Ng0KTW9tPw0KDQo4NA0KMDA6MDU6NTIsOTgyIC0tPiAwMDowNTo1NCw0MjkNCk1vbT8NCg0KODUN
        CjAwOjA2OjAyLDk2OCAtLT4gMDA6MDY6MDQsNDM2DQotIE5vIQ0KLSBNb20hDQoNCjg2DQowMDow
        NjowNCw0NDIgLS0+IDAwOjA2OjA1LDYwOA0KTW9tIQ0KDQo4Nw0KMDA6MDY6MTIsMDA1IC0tPiAw
        MDowNjoxNyw4NzkNCi0gU3luY2VkIGFuZCBjb3JyZWN0ZWQgYnkgbWVkdmlkZWNlazAwNyAtDQot
        IHd3dy5hZGRpYzdlZC5jb20gLQ0KDQo4OA0KMDA6MDY6MTksNTQ1IC0tPiAwMDowNjoyMSw0MTQN
        Cl8NCg0KODkNCjAwOjA2OjIxLDQyMCAtLT4gMDA6MDY6MjMsNTg2DQpBbm90aGVyIGhhcmQgcGFz
        cy4NCg0KOTANCjAwOjA2OjIzLDU5MiAtLT4gMDA6MDY6MjUsMDAxDQotIEhtbS4NCi0gV2hhdCBh
        bSBJIGdvbm5hIGRvPw0KDQo5MQ0KMDA6MDY6MjUsMDA3IC0tPiAwMDowNjoyNywzODYNCk15IEFp
        cmJuYiBzbWVsbHMgbGlrZSBvbGQgaG90IGRvZ3MuDQoNCjkyDQowMDowNjoyOCwzMTcgLS0+IDAw
        OjA2OjI5LDg4NA0KTG9vaywgZG9uJ3Qgd29ycnkuIFRoZSBwbGFjZXMgYXJlDQoNCjkzDQowMDow
        NjoyOSw4OTAgLS0+IDAwOjA2OjMxLDU5OQ0KbmljZXIgdGhlIGNsb3NlciB3ZSBnZXQgdG8gY2Ft
        cHVzLg0KDQo5NA0KMDA6MDY6MzEsNjYzIC0tPiAwMDowNjozNCw4NjQNCkl0J3MsIHVoLCBjbGFz
        cyB3YXJmYXJlDQpyaWdodCBoZXJlIGluIEhpbGx0b3duZS4NCg0KOTUNCjAwOjA2OjM1LDQ3NCAt
        LT4gMDA6MDY6MzcsODQxDQpPciAiSGVsbHRvd25lLCIgYXMNCnRoZSBjb29sIGtpZHMgY2FsbCBp
        dC4NCg0KOTYNCjAwOjA2OjM3LDg0NyAtLT4gMDA6MDY6MzksMjMxDQpCZSBzdXJlIHRvIHRocm93
        IHRoYXQgb3V0IGEgbG90Lg0KDQo5Nw0KMDA6MDY6MzksMjM3IC0tPiAwMDowNjo0MSwxMDQNCk9o
        LCB5ZWFoLCB5ZWFoLCB5ZWFoLA0Kbm90aGluZyBidXQgY29vbCBoZXJlLg0KDQo5OA0KMDA6MDY6
        NDIsNjA3IC0tPiAwMDowNjo0NCwwNDANClllYWgsIEkgc2VlLg0KDQo5OQ0KMDA6MDY6NDUsMzc3
        IC0tPiAwMDowNjo0Niw4NjENCkxldCdzIGdldCB5b3Ugb3V0IG9mIHRoZSByYWluLg0KDQoxMDAN
        CjAwOjA2OjQ2LDg2NyAtLT4gMDA6MDY6NDgsOTQ1DQpEb24ndCB3b3JyeS4gV2UncmUtd2UncmUN
        Cmdvbm5hIGZpbmQgeW91IGEgcGxhY2UsIG9rYXk/DQoNCjEwMQ0KMDA6MDY6NDgsOTUxIC0tPiAw
        MDowNjo1MCw2OTkNCllvdSBzdXJlIEknbSBub3QNCmxlYW5pbmcgb24geW91IHRvbyBtdWNoPw0K
        DQoxMDINCjAwOjA2OjUwLDcwNSAtLT4gMDA6MDY6NTIsMjcyDQotIE5haC4NCi0gSXQncyBqdXN0
        IHRoaXMgd2hvbGUgam9iDQoNCjEwMw0KMDA6MDY6NTIsMjc4IC0tPiAwMDowNjo1Myw1NDYNCmNh
        bWUgdXAgb3V0IG9mIHRoZSBibHVlLA0KDQoxMDQNCjAwOjA2OjUzLDU1MiAtLT4gMDA6MDY6NTUs
        ODI1DQotIGFuZCB5b3UncmUgdGhlIG9ubHkgcGVyc29uIEkga25vdy4NCi0gS2VlcCBsZWFuaW5n
        Lg0KDQoxMDUNCjAwOjA2OjU2LDcyMSAtLT4gMDA6MDY6NTgsNjU1DQpJIGxpa2UgbGVhbmluZy4N
        Cg0KMTA2DQowMDowNzowNCwzNDQgLS0+IDAwOjA3OjA1LDY5Nw0KTWFjZT8NCg0KMTA3DQowMDow
        NzowNyw3MjAgLS0+IDAwOjA3OjA5LDE2NQ0KSGV5LCBNYWN5LCB5b3Ugb2theT8NCg0KMTA4DQow
        MDowNzowOSwyMzQgLS0+IDAwOjA3OjEwLDg2Nw0KSS4uLg0KDQoxMDkNCjAwOjA3OjEwLDkzNiAt
        LT4gMDA6MDc6MTIsNzAyDQpUaGF0IGhvdXNlLg0KDQoxMTANCjAwOjA3OjE0LDc4OSAtLT4gMDA6
        MDc6MTcsNTkwDQpZZWFoLiBZb3UgcHJvYmFibHkgc2F3IHRoYXQgb24gdGhlIG5ld3MuDQoNCjEx
        MQ0KMDA6MDc6MTgsMDE5IC0tPiAwMDowNzoyMCw5NTYNCl8NCg0KMTEyDQowMDowNzozMCwyMjIg
        LS0+IDAwOjA3OjMxLDgyMQ0KRmlyc3Qtd2VlayBqaXR0ZXJzPw0KDQoxMTMNCjAwOjA3OjMyLDM0
        NSAtLT4gMDA6MDc6MzMsODIzDQpQcm9mZXNzb3IgVGhhaW5lLg0KDQoxMTQNCjAwOjA3OjMzLDk1
        NSAtLT4gMDA6MDc6MzUsMDU0DQpZZXMuIEhpLg0KDQoxMTUNCjAwOjA3OjM1LDA2MCAtLT4gMDA6
        MDc6MzcsMzYwDQotIE5pY2UgdG8gbWVldCB5b3UuDQotIFlvdSwgdG9vLg0KDQoxMTYNCjAwOjA3
        OjM3LDM2NiAtLT4gMDA6MDc6NDAsMTY3DQpTb3JyeSBmb3IgbXkgYWJzZW5jZQ0KaW4geW91ciBm
        aXJzdCBmZXcgZGF5cywNCg0KMTE3DQowMDowNzo0MCwxNzMgLS0+IDAwOjA3OjQyLDQ3NA0KYnV0
        IEknbSBiYWNrIG5vdywNCg0KMTE4DQowMDowNzo0Miw2NjcgLS0+IDAwOjA3OjQ1LDQwMQ0KcmVp
        bnN0YXRlZCBhbmQgYWJzb2x2ZWQuDQoNCjExOQ0KMDA6MDc6NDUsNDcwIC0tPiAwMDowNzo0Niw4
        MzYNCk5vIGhhcmFzc21lbnQuDQoNCjEyMA0KMDA6MDc6NDYsOTA1IC0tPiAwMDowNzo0OCw0MzgN
        Ckkgc2F5IHRoYXQganVzdCB0bw0KDQoxMjENCjAwOjA3OjQ4LDUwNyAtLT4gMDA6MDc6NTAsNzA3
        DQotIGdldCBpdCBvdXQgaW4gdGhlIG9wZW4uDQotIFllcy4NCg0KMTIyDQowMDowNzo1MCw3NzUg
        LS0+IDAwOjA3OjUyLDQ0Mg0KWWVzLCBvZiBjb3Vyc2UuIEkgdW5kZXJzdGFuZC4NCg0KMTIzDQow
        MDowNzo1Miw0NDggLS0+IDAwOjA3OjU1LDM0OA0KR29vZC4gSSBsb29rIGZvcndhcmQNCnRvIHdv
        cmtpbmcgd2l0aCB5b3UuDQoNCjEyNA0KMDA6MDc6NTgsNzE0IC0tPiAwMDowODowMCwyNTANCkxv
        dmVseSBibG91c2UuDQoNCjEyNQ0KMDA6MDg6MDQsNTAxIC0tPiAwMDowODowNiwyNzUNCk1zLiBW
        ZXJhLg0KDQoxMjYNCjAwOjA4OjA3LDMyNSAtLT4gMDA6MDg6MDgsOTU4DQpVaCwgcGxlYXNlLCB3
        YWl0Lg0KDQoxMjcNCjAwOjA4OjEwLDU2NiAtLT4gMDA6MDg6MTIsNTk1DQpJIHJlYWQgeW91ciBh
        cnRpY2xlIGluIENyaXRpY2FsIElucXVpcnkuDQoNCjEyOA0KMDA6MDg6MTIsNjAxIC0tPiAwMDow
        ODoxNCw3MDENClZlcnkgd2VsbC13cml0dGVuLCBpZiBhIGJpdCBob3N0aWxlLg0KDQoxMjkNCjAw
        OjA4OjE0LDcwNyAtLT4gMDA6MDg6MTYsMjk5DQpSZWFkaW5nIGl0IG1hZGUgbWUgZmVlbCBhcyBp
        ZiBteSBwZW5pcw0KDQoxMzANCjAwOjA4OjE2LDMzMyAtLT4gMDA6MDg6MTcsNjY1DQpoYWQgYmVl
        biB0b3JuIGZyb20gbXkgYm9keS4NCg0KMTMxDQowMDowODoxNyw2NzEgLS0+IDAwOjA4OjE5LDMw
        NA0KT2gsIGdvb2QuIFlvdSByZWFkIGl0IHJpZ2h0Lg0KDQoxMzINCjAwOjA4OjE5LDMxMCAtLT4g
        MDA6MDg6MjEsNjI1DQpQZXJmZWN0LiBTbywgbG9vaywgSQ0Ka25vdyB5b3UgZG9uJ3QgbGlrZSBt
        ZQ0KDQoxMzMNCjAwOjA4OjIxLDYzMSAtLT4gMDA6MDg6MjQsMjMyDQpiZWNhdXNlIEkgcmVwbGFj
        ZWQgeW91cg0KbW90aGVyIGluIHRoZSBkZXBhcnRtZW50Li4uDQoNCjEzNA0KMDA6MDg6MjQsMjM4
        IC0tPiAwMDowODoyNSw4MzYNCk9oLCB0aGF0J3MsIGxpa2UsIGZpZnRoIG9uIHRoZSBsaXN0DQoN
        CjEzNQ0KMDA6MDg6MjUsODQyIC0tPiAwMDowODoyNywzNzUNCm9mIHdoeSBJIGRvbid0IGxpa2Ug
        eW91Lg0KDQoxMzYNCjAwOjA4OjI3LDM4MSAtLT4gMDA6MDg6MzAsNDMzDQpGaWZ0aD8gT2theS4g
        V2VsbCwgeW91IGNhbg0KdGVsbCBtZSBvbmUgdG8gZm91ciBsYXRlci4NCg0KMTM3DQowMDowODoz
        MCw0MzkgLS0+IDAwOjA4OjMxLDg4Mw0KT25lLCB0aGV5IHNob3VsZCBoYXZlDQpuZXZlciBoaXJl
        ZCBhIGNpcyBtYWxlDQoNCjEzOA0KMDA6MDg6MzEsODg5IC0tPiAwMDowODozMywyODgNCnRvIGxl
        YWQgdGhlIFdvbWVuJ3MgU3R1ZGllcyBkZXBhcnRtZW50Lg0KDQoxMzkNCjAwOjA4OjMzLDI5NCAt
        LT4gMDA6MDg6MzUsMzIwDQpBbHRob3VnaCB0aGlzIGNpcyBtYWxlDQpoYXMgYmVlbiBwdWJsaXNo
        ZWQgMTIgdGltZXMNCg0KMTQwDQowMDowODozNSwzMjYgLS0+IDAwOjA4OjM3LDE2NQ0KYnkgcmVz
        cGVjdGVkIGZlbWluaXN0IGpvdXJuYWxzDQoNCjE0MQ0KMDA6MDg6MzcsMTcxIC0tPiAwMDowODoz
        OSwyOTENCmFuZCByZS10d2VldGVkIGJ5IFJveGFuZSBHYXkuDQoNCjE0Mg0KMDA6MDg6MzksMzU5
        IC0tPiAwMDowODo0MSw2OTMNCkNoZWNrIFR3aXR0ZXIuIFlvdSdsbCBoYXZlDQp0byBzY3JvbGwg
        YmFjayBhIGZldyBtb250aHMuDQoNCjE0Mw0KMDA6MDg6NDEsNzYyIC0tPiAwMDowODo0Myw4OTUN
        Ci0gU2hlJ3MgcXVpZXQgcHJvbGlmaWMuDQotIENvbmdyYXR1bGF0aW9ucy4NCg0KMTQ0DQowMDow
        ODo0Myw5MDEgLS0+IDAwOjA4OjQ1LDQ0Nw0KVGhhbmsgeW91Lg0KDQoxNDUNCjAwOjA4OjQ1LDQ1
        MyAtLT4gMDA6MDg6NDcsMzMyDQpObywgYnV0IHRoaXMtdGhpcyByZWFsbHkgaXNuJ3QgYWJvdXQg
        bWUuDQoNCjE0Ng0KMDA6MDg6NDcsMzM4IC0tPiAwMDowODo0OSw0NzENCkkgd2FudGVkIHRvIGNo
        ZWNrIGluIG9uIHlvdS4NCg0KMTQ3DQowMDowODo1MCwxNTggLS0+IDAwOjA4OjUyLDg3MQ0KTWFr
        ZSBzdXJlIHlvdSdyZSBkb2luZyBva2F5Lg0KDQoxNDgNCjAwOjA4OjUyLDk0MCAtLT4gMDA6MDg6
        NTUsNjQwDQpTZWUgaG93LCB5b3Uga25vdywgeW91J3JlIGZlZWxpbmcuDQoNCjE0OQ0KMDA6MDg6
        NTcsNjExIC0tPiAwMDowOTowMCw4NDYNCkkgd2lsbCBmZWVsIGJldHRlciBvbmNlDQp0aGlzIGNv
        bnZlcnNhdGlvbiBpcyBvdmVyLg0KDQoxNTANCjAwOjA5OjA5LDU5NyAtLT4gMDA6MDk6MTIsMDk3
        DQpZb3UgcmVhbGl6ZSB3aXRob3V0IGENCnBlcm1pdCwgdGhhdCdzIHZhbmRhbGlzbT8NCg0KMTUx
        DQowMDowOToxMiwyMjggLS0+IDAwOjA5OjE0LDQ2NQ0KUHJvZmVzc29yIFRoYWluZSBpcyBhIHNl
        eHVhbCBwcmVkYXRvci4NCg0KMTUyDQowMDowOToxNCw0NzEgLS0+IDAwOjA5OjE2LDczOA0KLSBI
        ZSBzaG91bGQgbm90IGJlIGJhY2sgdGVhY2hpbmcuDQotIEhlIGhhZCBhIGhlYXJpbmcsDQoNCjE1
        Mw0KMDA6MDk6MTYsNzQ0IC0tPiAwMDowOToxOCwwNDMNCmhlIHdhcyBleG9uZXJhdGVkLCBpdCdz
        IG92ZXIuDQoNCjE1NA0KMDA6MDk6MTgsMDQ5IC0tPiAwMDowOToxOSw1MjENClRoZSBtYWluIHdp
        dG5lc3MgYWdhaW5zdA0KaGltIGlzIGluIGEgY29tYS4NCg0KMTU1DQowMDowOToxOSw1MjcgLS0+
        IDAwOjA5OjIxLDM0MQ0KSXQgd2FzIGEgImhlIHNhaWQsIHNoZSBzYWlkIiBzaXR1YXRpb24uDQoN
        CjE1Ng0KMDA6MDk6MjEsMzQ3IC0tPiAwMDowOToyMiw3MTMNCi0gVGhyZWUgInNoZSBzYWlkcy4i
        DQotIEFuZCwNCg0KMTU3DQowMDowOToyMiw3MTkgLS0+IDAwOjA5OjI1LDE4Ng0KQW5nZWxhIFd1
        PyBDbGVhcmx5IHVuc3RhYmxlLg0KDQoxNTgNCjAwOjA5OjI1LDU5OCAtLT4gMDA6MDk6MjgsNDY1
        DQpJZiB5b3VyIG1vdGhlciBoYWRuJ3Qgc3RhcnRlZA0KdGhpcyB3aG9sZSB3aXRjaCBodW50Li4u
        DQoNCjE1OQ0KMDA6MDk6MzAsMDIzIC0tPiAwMDowOTozMiwzOTANClRoaXMgaXMgbm90IGEgd2l0
        Y2gNCmh1bnQsIGl0J3MgYSByZWNrb25pbmcuDQoNCjE2MA0KMDA6MDk6MzIsNDU4IC0tPiAwMDow
        OTozNSwwMjQNClNlZW1zIGxpa2UgeW91ciBtb20ncyB0aGUNCm9uZSB3aG8gaGFkIHRoZSByZWNr
        b25pbmcuDQoNCjE2MQ0KMDA6MDk6MzYsOTMwIC0tPiAwMDowOTozOCwxNjINCkRhbW4gaXQhDQoN
        CjE2Mg0KMDA6MDk6MzgsODEzIC0tPiAwMDowOTo0MCwzMTINCllvdS1Zb3UgY2FuJ3QganVzdC4u
        Lg0KDQoxNjMNCjAwOjA5OjQ1LDY4OSAtLT4gMDA6MDk6NDcsMjcxDQpZb3UgcHVuY2hlZCBhbiB1
        bmRlcmdyYWR1YXRlLg0KDQoxNjQNCjAwOjA5OjQ3LDM0MCAtLT4gMDA6MDk6NDksMTA2DQpJbiBi
        cm9hZCBkYXlsaWdodC4gV2hpY2ggaXMgYXNzYXVsdC4NCg0KMTY1DQowMDowOTo0OSwxNzUgLS0+
        IDAwOjA5OjUyLDQ3Ng0KQW5kIEkgcmVncmV0IHRoYXQuIENvbXBsZXRlbHkNCm15IGJhZCwgYnV0
        LCBOaWtvLi4uDQoNCjE2Ng0KMDA6MDk6NTIsNTQ1IC0tPiAwMDowOTo1NCw2NzkNCkRldGVjdGl2
        ZSBIYW1hZGEsIGlmIHlvdSBoZWFyZCBoaW0sDQoNCjE2Nw0KMDA6MDk6NTQsNzQ3IC0tPiAwMDow
        OTo1Niw2NDcNCnRoZSB0aGluZ3MgaGUgd2FzIHNheWluZyBhYm91dCBteSBtb20uLi4NCg0KMTY4
        DQowMDowOTo1Niw3MTYgLS0+IDAwOjA5OjU5LDI1MA0KSSBqdXN0IHRoaW5rIHRoYXQgaGUga25v
        d3MNCm1vcmUgdGhhbiBoZSdzIGxldHRpbmcgb24uDQoNCjE2OQ0KMDA6MDk6NTksNDkxIC0tPiAw
        MDoxMDowMiwxMTMNCi0gTm8sIGRvbid0IGRvIHRoYXQuDQotIFdoYXQ/DQoNCjE3MA0KMDA6MTA6
        MDIsMTE5IC0tPiAwMDoxMDowNCw5ODkNCkxvb2sgYXQgZWFjaCBvdGhlciBsaWtlDQp0aGlzIGlz
        IGNyYXp5LiBJdCdzIG5vdC4NCg0KMTcxDQowMDoxMDowNSwyNDMgLS0+IDAwOjEwOjA3LDgwNg0K
        V2FybmVyIFRoYWluZSB3YXMgYQ0Ka25vd24gc2V4dWFsIHByZWRhdG9yLg0KDQoxNzINCjAwOjEw
        OjA3LDgxNCAtLT4gMDA6MTA6MTAsNTczDQpNeSBtb20gc3VwcG9ydGVkIEFuZ2VsYQ0KV3Ugd2hl
        biBzaGUgY2FtZSBmb3J3YXJkLg0KDQoxNzMNCjAwOjEwOjEwLDU3OSAtLT4gMDA6MTA6MTEsODQ4
        DQpTdWRkZW5seSBBbmdlbGEgT0RzLA0KDQoxNzQNCjAwOjEwOjExLDg1NCAtLT4gMDA6MTA6MTMs
        OTU0DQpldmVuIHRob3VnaCBzaGUncyBhIHN0cmFpZ2h0LUENCnNjaG9sYXJzaGlwIHN0dWRlbnQ/
        DQoNCjE3NQ0KMDA6MTA6MTMsOTYwIC0tPiAwMDoxMDoxNiwyNzUNCi0gQW5kIHRoZW4gbXkgbW9t
        IGRpZXM/DQotIEluIGJvdGggY2FzZXMsDQoNCjE3Ng0KMDA6MTA6MTYsMjgxIC0tPiAwMDoxMDox
        Nyw2ODUNCnRoZXJlJ3Mgbm8gZXZpZGVuY2Ugb2YgZm91bCBwbGF5Lg0KDQoxNzcNCjAwOjEwOjE3
        LDY5MSAtLT4gMDA6MTA6MTgsODM5DQpCZWNhdXNlIHlvdSdyZSBub3QgbG9va2luZyENCg0KMTc4
        DQowMDoxMDoxOCw4NDUgLS0+IDAwOjEwOjIxLDgxOA0KTWVsLCB5b3VyIG1vdGhlcidzIGRlYXRo
        DQp3YXMgYSBob3JyaWJsZSBhY2NpZGVudC4NCg0KMTc5DQowMDoxMDoyMSw4MjQgLS0+IDAwOjEw
        OjIzLDY1OQ0KQnV0IHlvdXIgc2lzdGVyIHNhaWQgc2hlIGhhZCBhbHdheXMNCg0KMTgwDQowMDox
        MDoyMyw2NjUgLS0+IDAwOjEwOjI1LDQ5OA0KYmVlbiB0cnlpbmcgdG8gZml4IHRoYXQgd2luZG93
        Li4uDQoNCjE4MQ0KMDA6MTA6MjUsNzcxIC0tPiAwMDoxMDoyNywyNzcNCmFuZCBzaGUnZCBiZWVu
        IGRyaW5raW5nLg0KDQoxODINCjAwOjEwOjI3LDI4MyAtLT4gMDA6MTA6MjgsOTU5DQpZZWFoLCBJ
        IGtub3cgd2hhdCdzIG9uIHRoZSByZXBvcnQuDQoNCjE4Mw0KMDA6MTA6MzAsMDk5IC0tPiAwMDox
        MDozMiw1NjYNCldlJ3JlIGdvbm5hIHRyeSBhbmQgdGFsaw0KQ2FtIG91dCBvZiBwcmVzc2luZyBj
        aGFyZ2VzLg0KDQoxODQNCjAwOjEwOjMyLDYzNSAtLT4gMDA6MTA6MzQsOTM1DQpHaXZlbiBldmVy
        eXRoaW5nIHRoYXQncw0KaGFwcGVuZWQgaW4geW91ciBsaWZlLg0KDQoxODUNCjAwOjEwOjM1LDAw
        NCAtLT4gMDA6MTA6MzYsNDM2DQpPaCwgdGhhbmsgeW91Lg0KDQoxODYNCjAwOjEwOjM2LDUwNSAt
        LT4gMDA6MTA6MzgsNDM4DQpUaGF0J3MgZ3JlYXQuDQoNCjE4Nw0KMDA6MTA6NDAsMjY1IC0tPiAw
        MDoxMDo0MSw3NDINCllvdSBoaXQgc29tZW9uZT8NCg0KMTg4DQowMDoxMDo0Myw3NzkgLS0+IDAw
        OjEwOjQ1LDYxMg0KRG9uJ3Qgd29ycnkgYWJvdXQgaXQuDQoNCjE4OQ0KMDA6MTA6NDYsMDY3IC0t
        PiAwMDoxMDo0Nyw4MzANClNlcmlvdXNseT8NCg0KMTkwDQowMDoxMDo0OCwyNzEgLS0+IDAwOjEw
        OjUxLDE1MQ0KWW91J3JlIGEgZ3JhZHVhdGUgc3R1ZGVudCwNCmEgdGVhY2hpbmcgYXNzaXN0YW50
        Lg0KDQoxOTENCjAwOjEwOjUxLDE1NyAtLT4gMDA6MTA6NTIsNTI5DQpZb3UgY291bGQgbG9zZSB5
        b3VyIGpvYi4NCg0KMTkyDQowMDoxMDo1Miw3NTEgLS0+IDAwOjEwOjU0LDc0Mw0KU2VlLCB0aGlz
        IGlzIHdoeSBJIGRvbid0DQpjb21lIGhvbWUgYW55bW9yZS4NCg0KMTkzDQowMDoxMDo1NCw3NjAg
        LS0+IDAwOjEwOjU1LDc2MA0KWW91J3JlIGxvc2luZyBpdC4NCg0KMTk0DQowMDoxMDo1NSw3NjYg
        LS0+IDAwOjEwOjU3LDk1NA0KLSBUaGVuIHdoeSBhcmUgeW91IGhlcmU/DQotIEJlY2F1c2UgSSBu
        ZWVkZWQgY2xvdGhlcy4NCg0KMTk1DQowMDoxMDo1Nyw5NjAgLS0+IDAwOjEwOjU5LDE4NQ0KRm9y
        IHJ1c2guDQoNCjE5Ng0KMDA6MTE6MDAsMjk0IC0tPiAwMDoxMTowMiwxMjkNCllvdSdyZSBydXNo
        aW5nIHRoYXQgc29yb3JpdHk/DQoNCjE5Nw0KMDA6MTE6MDIsMTk3IC0tPiAwMDoxMTowMyw0OTIN
        ClllYWguIEkgaGF2ZSBiZWVuLg0KDQoxOTgNCjAwOjExOjAzLDQ5OCAtLT4gMDA6MTE6MDQsNDk4
        DQpBbGwgbW9udGguDQoNCjE5OQ0KMDA6MTE6MDUsMTkxIC0tPiAwMDoxMTowNiw1OTANCkFuZCBp
        ZiBJIGJlY29tZSBhIHNpc3Rlci4uLg0KDQoyMDANCjAwOjExOjA2LDU5NiAtLT4gMDA6MTE6MDcs
        OTY4DQpBIHNpc3Rlci4NCg0KMjAxDQowMDoxMTowOCwwMzcgLS0+IDAwOjExOjA5LDk4Nw0KVGhh
        dCdzIGp1c3Qgd2hhdCBpdCdzIGNhbGxlZC4gQW55d2F5Li4uDQoNCjIwMg0KMDA6MTE6MDksOTkz
        IC0tPiAwMDoxMToxMSwwNzQNCldvdy4NCg0KMjAzDQowMDoxMToxMiwwMjcgLS0+IDAwOjExOjEz
        LDgwNw0KSSdkIG1vdmUgaW50byB0aGUgS2FwcGEgaG91c2UuDQoNCjIwNA0KMDA6MTE6MTMsOTE0
        IC0tPiAwMDoxMToxNiwzNDgNCkkganVzdCBjYW4ndCBsaXZlIGhlcmUgYW55bW9yZSwgTWVsLg0K
        DQoyMDUNCjAwOjExOjE2LDM1NCAtLT4gMDA6MTE6MTgsNTM3DQpZb3UncmUgc28gYW5ncnkgYWxs
        IHRoZSB0aW1lLg0KDQoyMDYNCjAwOjExOjE4LDc4MSAtLT4gMDA6MTE6MjAsNzU3DQpBbmQgeW91
        J3JlIG9ic2Vzc2VkIHdpdGggTW9tJ3MgZGVhdGguDQoNCjIwNw0KMDA6MTE6MjAsNzYzIC0tPiAw
        MDoxMToyMiw0MzANCi0gT2JzZXNzZWQ/DQotIFllcywgeW91J3JlIG9ic2Vzc2VkLg0KDQoyMDgN
        CjAwOjExOjIyLDQzNiAtLT4gMDA6MTE6MjUsMjA0DQpCZWNhdXNlIEknbSBub3QganVzdCBtb3Zp
        bmcNCm9uIGxpa2Ugbm90aGluZyBoYXBwZW5lZD8NCg0KMjA5DQowMDoxMToyNSw5OTEgLS0+IDAw
        OjExOjI3LDIxNQ0KVGhhdCdzIG5vdCBmYWlyLg0KDQoyMTANCjAwOjExOjM5LDM5NyAtLT4gMDA6
        MTE6NDAsODMwDQpIaS4NCg0KMjExDQowMDoxMTo0MCw4OTkgLS0+IDAwOjExOjQzLDY2Ng0KVW0s
        IEknbSBNYWN5IFZhdWdobi4NCg0KMjEyDQowMDoxMTo0Myw3MzUgLS0+IDAwOjExOjQ1LDQ3OA0K
        LSBZZXM/DQotIFNvcnJ5LCB1bSwNCg0KMjEzDQowMDoxMTo0NSw0ODQgLS0+IDAwOjExOjQ3LDQx
        OA0KLSBJIGp1c3QgbW92ZWQgdG8gSGlsbHRvd25lLi4uDQotIFVtLi4uDQoNCjIxNA0KMDA6MTE6
        NDcsNjY2IC0tPiAwMDoxMTo0OSw2MzkNCi0gSSdtIHNvcnJ5LiBUaGlzIGlzbid0IGEgZ3JlYXQg
        dGltZS4NCi0gTm8sIHdhaXQuDQoNCjIxNQ0KMDA6MTE6NDksNjQ1IC0tPiAwMDoxMTo1MCw3NzcN
        ClBsZWFzZS4NCg0KMjE2DQowMDoxMTo1MSw4NzcgLS0+IDAwOjExOjUzLDYxMA0KSSB0aGluayBJ
        J20geW91ciBzaXN0ZXIuDQoNCjIxNw0KMDA6MTI6MDcsNTUzIC0tPiAwMDoxMjowOSwyNTINCkl0
        J3MgaGVyLCByaWdodD8NCg0KMjE4DQowMDoxMjowOSwyNTggLS0+IDAwOjEyOjEwLDM4Mw0KWW91
        ciBtb3RoZXIuDQoNCjIxOQ0KMDA6MTI6MTAsMzg5IC0tPiAwMDoxMjoxMiwyNTUNClllYWguIERl
        ZmluaXRlbHkuDQoNCjIyMA0KMDA6MTI6MTIsMzI0IC0tPiAwMDoxMjoxMyw4MDENCkFuZCBvdXIg
        aG91c2UuDQoNCjIyMQ0KMDA6MTI6MTMsODA5IC0tPiAwMDoxMjoxNSwwNzUNCldlbGwsIGl0J3Mg
        bm90IHRoZSBjaXJjdWl0Lg0KDQoyMjINCjAwOjEyOjE1LDA4MSAtLT4gMDA6MTI6MTYsNDU0DQot
        IE1lbCwgbG9vayBhdCB0aGlzLg0KLSBPaC4NCg0KMjIzDQowMDoxMjoxNiw0NjAgLS0+IDAwOjEy
        OjE3LDk1Mg0KSSBzYXcuIFdoZXJlJ2QgeW91IGdldCBpdD8NCg0KMjI0DQowMDoxMjoxNyw5NTgg
        LS0+IDAwOjEyOjE5LDg5MQ0KSSBmb3VuZCBpdCBhZnRlciBteSBkYWQgZGllZC4NCg0KMjI1DQow
        MDoxMjoxOSw4OTcgLS0+IDAwOjEyOjIyLDI4Mg0KSSBqdXN0IGdvdCBhIGpvYiBhdCB0aGUgdW5p
        dmVyc2l0eS4NCg0KMjI2DQowMDoxMjoyMiwyODggLS0+IDAwOjEyOjI0LDMzMw0KSSB3YXMgd2Fs
        a2luZyBieSBhbmQgc2F3IHlvdXIgaG91c2UuDQoNCjIyNw0KMDA6MTI6MjQsMzM5IC0tPiAwMDox
        MjoyNSw4NjkNClNvIG91ciBtb20gZ2V0cyBtdXJkZXJlZA0KYW5kLCB0aHJlZSBtb250aHMNCg0K
        MjI4DQowMDoxMjoyNSw4NzUgLS0+IDAwOjEyOjI3LDE1MQ0KbGF0ZXIsIHlvdSBqdXN0IGhhcHBl
        biB0byBkcml2ZSBieT8NCg0KMjI5DQowMDoxMjoyNywxNTcgLS0+IDAwOjEyOjI4LDMzMw0KLSBT
        aGUgd2Fzbid0IG11cmRlcmVkLg0KLSBTdG9wIGl0Lg0KDQoyMzANCjAwOjEyOjI4LDMzOSAtLT4g
        MDA6MTI6MzAsMDA1DQotIFdoYXQgZG8geW91IHdhbnQ/DQotIEkgZG9uJ3Qgd2FudCBhbnl0aGlu
        Zy4NCg0KMjMxDQowMDoxMjozMCwwMTEgLS0+IDAwOjEyOjMxLDIwMg0KQmVjYXVzZSB3ZSBkb24n
        dCBoYXZlIGFueSBtb25leS4NCg0KMjMyDQowMDoxMjozMSwyMDggLS0+IDAwOjEyOjMzLDE0Mg0K
        LSBNZWwuDQotIE1vbmV5PyBJIGRvbid0IHdhbnQgbW9uZXkuDQoNCjIzMw0KMDA6MTI6MzMsMTQ4
        IC0tPiAwMDoxMjozNCw2NDANCi0gVGhlbiB3aHkgYXJlIHlvdSBoZXJlPw0KLSBCZWNhdXNlIEkg
        anVzdA0KDQoyMzQNCjAwOjEyOjM0LDY0NiAtLT4gMDA6MTI6MzcsMDEzDQpmb3VuZCBvdXQsIGFu
        ZCBJIHRob3VnaHQNCm1heWJlIHlvdSB3b3VsZC4uLg0KDQoyMzUNCjAwOjEyOjM5LDM4MyAtLT4g
        MDA6MTI6NDAsODE2DQpXaGF0ZXZlci4NCg0KMjM2DQowMDoxMjo0MCw4ODUgLS0+IDAwOjEyOjQz
        LDE1Mg0KSXQgd2FzIGNsZWFybHkgYSBtaXN0YWtlLg0KDQoyMzcNCjAwOjEyOjQ4LDIwOCAtLT4g
        MDA6MTI6NTAsODI2DQotIEJ1dCB3aHkgbm90IHRyeSBhZ2Fpbj8NCi0gQmVjYXVzZSBJJ20gbm90
        IGJlZ2dpbmcuDQoNCjIzOA0KMDA6MTI6NTEsMTQ2IC0tPiAwMDoxMjo1Myw3NDYNCkkndmUgYmVl
        biBmaW5lIG9uIG15IG93bi4NCkkgbGlrZSBiZWluZyBvbiBteSBvd24uDQoNCjIzOQ0KMDA6MTI6
        NTMsNzUyIC0tPiAwMDoxMjo1NSwzMTgNClRoZW4gd2h5J2QgeW91IGdvIHRoZXJlPw0KDQoyNDAN
        CjAwOjEyOjU1LDMyNCAtLT4gMDA6MTI6NTYsODIzDQpDdXJpb3NpdHkuDQoNCjI0MQ0KMDA6MTI6
        NTYsODI5IC0tPiAwMDoxMjo1OCw0OTYNClRoYXQncyBhbiBJbnRlcm5ldCBzZWFyY2guDQoNCjI0
        Mg0KMDA6MTI6NTgsNzgyIC0tPiAwMDoxMzowMiw3NTENCkxvb2ssIEktSSBrbm93IHdlIGRvbid0
        DQprbm93IGVhY2ggb3RoZXIgdGhhdCB3ZWxsLg0KDQoyNDMNCjAwOjEzOjAyLDgyMCAtLT4gMDA6
        MTM6MDQsNTg2DQpZZXQuDQoNCjI0NA0KMDA6MTM6MDQsNjU1IC0tPiAwMDoxMzowNywyMjINCkJ1
        dCB5b3UgZGlkbid0IGUtbWFpbCwgeW91IGRpZG4ndCBjYWxsLg0KDQoyNDUNCjAwOjEzOjA3LDI5
        MSAtLT4gMDA6MTM6MDksMjkxDQpZb3UganVzdCB3ZW50IG92ZXIgdGhlcmUuIFdoeT8NCg0KMjQ2
        DQowMDoxMzowOSw3NzIgLS0+IDAwOjEzOjExLDg5NA0KSSBndWVzcyBJIHdhbnRlZCB0bw0KYXNr
        ICdlbSBhYm91dCBteSBtb20uDQoNCjI0Nw0KMDA6MTM6MTEsOTAwIC0tPiAwMDoxMzoxMyw2MjQN
        CldlbGwsIHdoYXQgZGlkIHlvdXIgZGFkDQpoYXZlIHRvIHNheSBhYm91dCBpdD8NCg0KMjQ4DQow
        MDoxMzoxMyw2MzAgLS0+IDAwOjEzOjE2LDc5OA0KVGhhdCBzaGUgZGllZCwgd2hlbiBJIHdhcyB0
        d28uDQoNCjI0OQ0KMDA6MTM6MTYsODA0IC0tPiAwMDoxMzoxOCw2MjQNCk9idmlvdXNseSwgaGUu
        Li4gaGUgbGllZC4NCg0KMjUwDQowMDoxMzoxOCw2MzAgLS0+IDAwOjEzOjIwLDM0Mg0KQWxsIHRo
        ZSBtb3JlIHJlYXNvbiB0bw0KZ28gYmFjayBvdmVyIHRoZXJlLg0KDQoyNTENCjAwOjEzOjIwLDM0
        OCAtLT4gMDA6MTM6MjEsNzQ4DQotIE5vLg0KLSBMb29rLCB0aGV5IHdlcmUgc2hvY2tlZC4NCg0K
        MjUyDQowMDoxMzoyMSw3NTQgLS0+IDAwOjEzOjIzLDUyMA0KLSBJIGJldCBpZiB5b3UgdHJ5IGl0
        IGFnYWluLi4uDQotIE5vLCBJJ20gZG9uZS4NCg0KMjUzDQowMDoxMzoyMyw1MjYgLS0+IDAwOjEz
        OjI1LDIyNg0KLSBDb21lIG9uLg0KLSBFbm91Z2gsIG9rYXk/DQoNCjI1NA0KMDA6MTM6MjcsMDc0
        IC0tPiAwMDoxMzoyOCw2NzMNCldoYXQgdGhlIGhlbGw/DQoNCjI1NQ0KMDA6MTM6MjgsNjc5IC0t
        PiAwMDoxMzozMCw2NzkNCkktSSBhbSBzbyBzb3JyeS4NCg0KMjU2DQowMDoxMzozMSw0NzYgLS0+
        IDAwOjEzOjM0LDYxMA0KSSBhbSBkcnVuayBhbmQgY2x1bXN5Lg0KSSBzaC4uLiBJIHNob3VsZCBn
        by4NCg0KMjU3DQowMDoxMzozOSw5MDQgLS0+IDAwOjEzOjQyLDMzOA0KV2hhdCBlbHNlIGNhbiBJ
        IHRlbGwgeW91Pw0KDQoyNTgNCjAwOjEzOjQyLDcyMCAtLT4gMDA6MTM6NDYsMjU1DQpPaCwgd2Ug
        aGF2ZSBtYWlkIHNlcnZpY2UNCmV2ZXJ5IHdlZWssICdjYXVzZSB0cnVzdCBtZSwNCg0KMjU5DQow
        MDoxMzo0NiwzMjQgLS0+IDAwOjEzOjQ5LDE1NA0KZ2lybHMgYXJlIGp1c3QgYXMgZ3Jvc3MgYXMg
        Ym95cy4NCg0KMjYwDQowMDoxMzo0OSwzODkgLS0+IDAwOjEzOjUxLDg1Ng0KQnV0IEthcHBhIGlz
        IG5vdCBqdXN0IGFib3V0IHRoZSBwZXJrcy4NCg0KMjYxDQowMDoxMzo1MSw5MjUgLS0+IDAwOjEz
        OjU1LDU5Mw0KV2UgYWxzbyBnaXZlIGJhY2suIFRoYXQncw0KcmlnaHQ6IEthcHBhIGlzIHdva2Uu
        DQoNCjI2Mg0KMDA6MTM6NTcsMTM4IC0tPiAwMDoxMzo1OCw4NjMNCldlIHZvbHVudGVlciBhdCBI
        aWxsdG93bmUgTWVtb3JpYWwuDQoNCjI2Mw0KMDA6MTM6NTgsOTMyIC0tPiAwMDoxNDowMCw4OTgN
        ClNvbWUgb2YgdGhlIHNpc3RlcnMNCmhhdmUgYmVlbiBzaXR0aW5nIHZpZ2lsDQoNCjI2NA0KMDA6
        MTQ6MDAsOTY3IC0tPiAwMDoxNDowNCwxNjgNCndpdGggcG9vciBBbmdlbGEgV3UsIGV2ZW4NCnRo
        b3VnaCBzaGUgaXMgbm90IEdyZWVrLg0KDQoyNjUNCjAwOjE0OjA0LDIzNyAtLT4gMDA6MTQ6MDUs
        NTcwDQpTbyBzYWQuDQoNCjI2Ng0KMDA6MTQ6MDUsNTc2IC0tPiAwMDoxNDowNywyOTMNCklzIHNo
        ZSBnb25uYSByZWdhaW4gYnJhaW4gZnVuY3Rpb24/DQoNCjI2Nw0KMDA6MTQ6MDcsMjk5IC0tPiAw
        MDoxNDoxMSw5NjgNCk5vLiBCdXQgbm90IGZvciBhIGxhY2sNCm9mIGVmZm9ydCBvbiBvdXIgcGFy
        dC4NCg0KMjY4DQowMDoxNDoxMiwyNDUgLS0+IDAwOjE0OjE0LDMxMg0KWWVhaC4NCg0KMjY5DQow
        MDoxNDoxNCwzODAgLS0+IDAwOjE0OjE3LDc0OA0KQW55d2F5LCB5b3Ugc2hvdWxkIGFsbA0KYmUg
        c28sIHNvLCBzbywgc28gcHJvdWQNCg0KMjcwDQowMDoxNDoxNyw4MTcgLS0+IDAwOjE0OjIwLDM4
        NA0KdG8gaGF2ZSBtYWRlIGl0IHRvIHRoaXMgZmluYWwgcm91bmQuDQoNCjI3MQ0KMDA6MTQ6MjAs
        ODg0IC0tPiAwMDoxNDoyNCwxMjENClNvIGdvIGFuZCBlbmpveSBzb21lDQphcHBzLCBhbmQgZ29v
        ZCBsdWNrLg0KDQoyNzINCjAwOjE0OjI0LDc5MCAtLT4gMDA6MTQ6MjcsNzExDQpJIGxpa2UgeW91
        ci4uLiB5b3VyIHRvcC4NCg0KMjczDQowMDoxNDoyOCwwMDggLS0+IDAwOjE0OjI5LDM0MQ0KTWFn
        Z2llPyBNYWdnaWUuDQoNCjI3NA0KMDA6MTQ6MjksMzQ3IC0tPiAwMDoxNDozMyw3MTcNClVtLCBi
        ZXR3ZWVuIHlvdSBhbmQNCm1lLCB5b3UncmUgYSBzaG9vLWluLg0KDQoyNzUNCjAwOjE0OjMzLDkz
        MyAtLT4gMDA6MTQ6MzUsMjY2DQpSZWFsbHk/DQoNCjI3Ng0KMDA6MTQ6MzUsMzM1IC0tPiAwMDox
        NDozNywyMzUNClVubGVzcyB5b3UsIGxpa2UsIHBvb3AgaW4gYSB2YXNlLA0KDQoyNzcNCjAwOjE0
        OjM3LDI0MSAtLT4gMDA6MTQ6MzksMTgxDQpvciBzcGFjZSBvdXQgb24geW91ciBwaG9uZSBhZ2Fp
        bi4NCg0KMjc4DQowMDoxNDozOSwyNTUgLS0+IDAwOjE0OjQwLDU4OA0KSSdtIGp1c3Qga2lkZGlu
        Zy4NCg0KMjc5DQowMDoxNDo0MCw1OTQgLS0+IDAwOjE0OjQyLDc0OA0KT2gsIFZpdiwgRHlsYW4u
        DQoNCjI4MA0KMDA6MTQ6NDIsNzU0IC0tPiAwMDoxNDo0NSw3NTQNCkkgZG9uJ3QgdGhpbmsgdGhh
        dCB5b3UndmUgbWV0IE1hZ2dpZS4NCg0KMjgxDQowMDoxNDo0NSw3NjAgLS0+IDAwOjE0OjQ2LDgw
        OQ0KSGkuDQoNCjI4Mg0KMDA6MTQ6NDYsODE1IC0tPiAwMDoxNDo0OCwwNDgNCk1hZ2dpZT8NCg0K
        MjgzDQowMDoxNDo0OCwwNTQgLS0+IDAwOjE0OjUwLDA0Nw0KRGlkbid0IHNoZSB1c2VkIHRvIHdv
        cmsNCmluIHRoZSBkaW5pbmcgaGFsbD8NCg0KMjg0DQowMDoxNDo1MSwzODQgLS0+IDAwOjE0OjUz
        LDMxNw0KT2gsIHVtLCB5ZWFoLCB5ZWFoLg0KDQoyODUNCjAwOjE0OjUzLDM4NiAtLT4gMDA6MTQ6
        NTUsNjkwDQpJLUkgd29ya2VkIGF0IHRoZSBkaW5pbmcNCmhhbGwgbGFzdCBzZW1lc3Rlci4NCg0K
        Mjg2DQowMDoxNDo1NSw2OTYgLS0+IDAwOjE0OjU3LDIwMQ0KSSdtIGF0IFNpbHZpbydzIFRyYXR0
        b3JpYSBub3c/DQoNCjI4Nw0KMDA6MTQ6NTcsMjA3IC0tPiAwMDoxNDo1OCw0NzMNCldlIGRvbid0
        IG5lZWQgeW91ciBy6XN1bekuDQoNCjI4OA0KMDA6MTQ6NTksMTE3IC0tPiAwMDoxNTowMSwyNTAN
        CkdyZWF0IHNraXJ0LiBXaGVyZSdkIHlvdSBnZXQgaXQ/DQoNCjI4OQ0KMDA6MTU6MDEsMjU2IC0t
        PiAwMDoxNTowMiw0NTYNCkhlciBtb20ganVzdCBkaWVkLg0KDQoyOTANCjAwOjE1OjAyLDQ2MiAt
        LT4gMDA6MTU6MDMsOTk1DQpJIHNob3VsZCBiZSBuaWNlLg0KDQoyOTENCjAwOjE1OjA0LDk2NCAt
        LT4gMDA6MTU6MDcsNzQ4DQpVaCwgaXMgdGhpcyBzb21lIGtpbmQgb2YgcnVzaCBwcmFuaz8NCg0K
        MjkyDQowMDoxNTowNyw3NTYgLS0+IDAwOjE1OjA5LDUxNQ0KTWFnZ2llLCB3aGF0IGlzIGdvaW5n
        IG9uPw0KDQoyOTMNCjAwOjE1OjA5LDUyMSAtLT4gMDA6MTU6MTAsNzU3DQpSdXNoIHByYW5rPw0K
        DQoyOTQNCjAwOjE1OjExLDI3NCAtLT4gMDA6MTU6MTIsMzkwDQpJJ20gc29ycnkuDQoNCjI5NQ0K
        MDA6MTU6MTIsNDIyIC0tPiAwMDoxNToxMyw2MjINCkkgaGF2ZSB0byBnby4NCg0KMjk2DQowMDox
        NToxMyw2OTAgLS0+IDAwOjE1OjE1LDAzMw0KTWFnZ2llPw0KDQoyOTcNCjAwOjE1OjE2LDg2OSAt
        LT4gMDA6MTU6MTgsOTM2DQpVZ2gsIEknbSBzbyBibG9hdGVkLg0KDQoyOTgNCjAwOjE1OjE4LDk0
        MiAtLT4gMDA6MTU6MjEsMDc1DQpJIGhhdGUgdGhlc2UgYml0Y2hlcy4NCg0KMjk5DQowMDoxNToy
        MSwwODEgLS0+IDAwOjE1OjIyLDY4MQ0KLSBXaGVyZSdzIHRoZSBtaW5pIHF1aWNoZXM/DQotIFdo
        ZXJlJ3MgdGhlIGd1eQ0KDQozMDANCjAwOjE1OjIyLDY4NyAtLT4gMDA6MTU6MjQsMDg3DQotIHdp
        dGggdGhlIG1pbmkgcXVpY2hlcz8NCi0gTWluaSBxdWljaGVzPw0KDQozMDENCjAwOjE1OjI0LDA5
        MyAtLT4gMDA6MTU6MjUsMzQzDQpBcmUgeW91IG9rYXk/DQoNCjMwMg0KMDA6MTU6MjUsMzQ5IC0t
        PiAwMDoxNToyNywzOTgNCldlIG1heSBoYXZlIHRvIGdldCByaWQgb2YgaGVyLg0KDQozMDMNCjAw
        OjE1OjI4LDc1NiAtLT4gMDA6MTU6MzAsNDIyDQpJIG1lYW4sIGlmIHNvbWVvbmUganVzdA0Kc2hv
        d2VkIHVwIGF0IHlvdXIgaG91c2UsDQoNCjMwNA0KMDA6MTU6MzAsNDkxIC0tPiAwMDoxNTozMiw3
        NTgNCmNsYWltaW5nIHRvIGJlIHlvdXIgc2lzdGVyLA0Kd291bGQgeW91IGJlbGlldmUgdGhlbT8N
        Cg0KMzA1DQowMDoxNTozMiw4MjYgLS0+IDAwOjE1OjM1LDE2NA0KTWVsLCB5b3UgbmVlZCB0byBi
        cmVhdGhlLg0KDQozMDYNCjAwOjE1OjM2LDIwMyAtLT4gMDA6MTU6MzksMDIzDQpPaC4gSXMgaXQg
        dGhhdCBraW5kIG9mIGNvZmZlZSBkYXRlPw0KDQozMDcNCjAwOjE1OjM5LDAyOSAtLT4gMDA6MTU6
        NDEsODk2DQpOby4gSXQncyBhbiAiSSdtIHdvcnJpZWQNCmFib3V0IHlvdSIgY29mZmVlIGRhdGUu
        DQoNCjMwOA0KMDA6MTU6NDIsMjM5IC0tPiAwMDoxNTo0Myw5NzkNCllvdSBzZWVtIGxpa2UgeW91
        J3JlIHVucmF2ZWxpbmcuDQoNCjMwOQ0KMDA6MTU6NDMsOTg1IC0tPiAwMDoxNTo0Niw3NzINCldl
        bGwsIGdvb2QgdGhpbmcgSSdtIG5vdA0KeW91ciBwcm9ibGVtIGFueW1vcmUuDQoNCjMxMA0KMDA6
        MTU6NDYsOTQ2IC0tPiAwMDoxNTo0OCw2NDYNCkkgc3RpbGwgY2FyZSBhYm91dCB5b3UuDQoNCjMx
        MQ0KMDA6MTU6NDgsNjUyIC0tPiAwMDoxNTo0OSw3NjkNClRoZW4gZHVtcGluZyBtZSBhZnRlciBt
        eSBtb20NCg0KMzEyDQowMDoxNTo0OSw3NzUgLS0+IDAwOjE1OjUxLDA5MQ0KZGllZCB3YXMgYW4g
        aW50ZXJlc3RpbmcgY2hvaWNlLg0KDQozMTMNCjAwOjE1OjUxLDMzNCAtLT4gMDA6MTU6NTIsNjY3
        DQpUaGF0J3Mgbm90IGZhaXIuDQoNCjMxNA0KMDA6MTU6NTgsMDA4IC0tPiAwMDoxNTo1OSw5NDEN
        CkkgYW0gc28sIHNvIHNvcnJ5IGFib3V0IHRoYXQuDQoNCjMxNQ0KMDA6MTY6MDAsMDEwIC0tPiAw
        MDoxNjowMSwyNzYNCkFsbCBnb29kLg0KDQozMTYNCjAwOjE2OjAxLDM0NCAtLT4gMDA6MTY6MDMs
        MTExDQpEaWQgeW91IHNlZSB0aGF0Pw0KDQozMTcNCjAwOjE2OjAzLDE3OSAtLT4gMDA6MTY6MDQs
        NzQzDQpUaGUgY29mZmVlPw0KDQozMTgNCjAwOjE2OjExLDEyNyAtLT4gMDA6MTY6MTMsMzAxDQpP
        aCwgbXkgR29kLg0KDQozMTkNCjAwOjE2OjEzLDM3MCAtLT4gMDA6MTY6MTYsMDQ2DQpXaGF0IGlz
        IGhhcHBlbmluZz8NCg0KMzIwDQowMDoxNjoxNiwwNTIgLS0+IDAwOjE2OjE3LDk1Mg0KV2hhdCBh
        Ym91dCB0aGUgY29mZmVlPw0KDQozMjENCjAwOjE2OjIzLDgxNCAtLT4gMDA6MTY6MjYsNDQ4DQpQ
        bGVhc2UuIFN0b3AuDQoNCjMyMg0KMDA6MTY6MjcsNzUxIC0tPiAwMDoxNjozMCw0NTINCldoYXQg
        aXMgZ29pbmcgb24/DQoNCjMyMw0KMDA6MTY6MzQsNTAyIC0tPiAwMDoxNjozNSw4MzUNCkkgaGF2
        ZSB0byBnby4NCg0KMzI0DQowMDoxNjozNSw5MDMgLS0+IDAwOjE2OjM4LDQ3MQ0KWW91IHdlcmUg
        cmlnaHQuIEkgYW0gbm90IG9rYXkuDQoNCjMyNQ0KMDA6MTY6MzgsNTM5IC0tPiAwMDoxNjo0MCwy
        MDANCkkgYW0gbm90Lg0KDQozMjYNCjAwOjE2OjUzLDU4NCAtLT4gMDA6MTY6NTUsNDA1DQpXaGF0
        IHRoZS4uLj8NCg0KMzI3DQowMDoxNjo1NSw5NTMgLS0+IDAwOjE2OjU3LDI4NQ0KSGVsbG8sIGxh
        ZGllcy4NCg0KMzI4DQowMDoxNzowMSw0MjkgLS0+IDAwOjE3OjAzLDM2Mg0KRG9uJ3QsIGRvbid0
        IHdvcnJ5Lg0KDQozMjkNCjAwOjE3OjA0LDk5OSAtLT4gMDA6MTc6MDcsODY3DQpUaGVyZSBpcyBh
        IHJlYXNvbmFibGUgZXhwbGFuYXRpb24uDQoNCjMzMA0KMDA6MTc6MDgsNjUwIC0tPiAwMDoxNzox
        MSwyMzcNCllvdSBhcmUgd2l0Y2hlcy4NCg0KMzMxDQowMDoxNzoxMSw5MTcgLS0+IDAwOjE3OjE0
        LDAzMA0KV2l0Y2hlcyB3aG8gYXJlIGRlc3RpbmVkIHRvIHNhdmUNCg0KMzMyDQowMDoxNzoxNCww
        MzYgLS0+IDAwOjE3OjE2LDE0Nw0KdGhlIHdvcmxkIGZyb20gaW1wZW5kaW5nIGRvb20uDQoNCjMz
        Mw0KMDA6MTc6MjAsODQzIC0tPiAwMDoxNzoyNCw4NjQNClRoYXQncyByaWdodC4gWW91IGFyZSB0
        aGUgQ2hhcm1lZCBPbmVzLg0KDQozMzQNCjAwOjE3OjI0LDg3MCAtLT4gMDA6MTc6MjgsMzQ0DQpU
        aGUgbW9zdCBwb3dlcmZ1bCB0cmlvDQoNCjMzNQ0KMDA6MTc6MjksNDY5IC0tPiAwMDoxNzozMSw5
        MDQNCi0gb2Ygd2l0Y2hlcy4NCi0gSGUncyB0aGUgbmV3IHdvbWVuJ3Mgc3R1ZGllcyBjaGFpci4N
        Cg0KMzM2DQowMDoxNzozMSw5MTAgLS0+IDAwOjE3OjMzLDMzNQ0KSSBrbmV3IHNvbWV0aGluZyB3
        YXMgb2ZmIGFib3V0IGhpbS4NCg0KMzM3DQowMDoxNzozMywzNDEgLS0+IDAwOjE3OjM1LDAwNw0K
        V2VsbCwgdGhhdCBpcyB1bm5lY2Vzc2FyaWx5IHJ1ZGUuDQoNCjMzOA0KMDA6MTc6MzUsMDEzIC0t
        PiAwMDoxNzozNiw4MDUNCkJ1dCBJJ2xsIGxldCBpdCBnbyBiZWNhdXNlDQpJIGtub3cgdGhpcyBp
        cyBhIGxvdC4NCg0KMzM5DQowMDoxNzozNiw4MTEgLS0+IDAwOjE3OjM5LDUxMg0KLSBVbnRpZSB1
        cyByaWdodCBub3csIG9yIGVsc2UuLi4NCi0gTm8gIm9yIGVsc2UiIG5lY2Vzc2FyeS4NCg0KMzQw
        DQowMDoxNzozOSw1MTggLS0+IDAwOjE3OjQxLDMwOQ0KTGV0IG1lIGdldCB0aG9zZSBmb3IgeW91
        Lg0KSSBrbm93LCBpdCdzIGFsbCBzbyBleHRyZW1lDQoNCjM0MQ0KMDA6MTc6NDEsMzE1IC0tPiAw
        MDoxNzo0Miw4MTENCndpdGggdGhlIGdyYWJiaW5nIGFuZCB0aGUgYmluZGluZy4NCg0KMzQyDQow
        MDoxNzo0Miw4MTcgLS0+IDAwOjE3OjQ1LDgwMg0KQmVsaWV2ZSBtZSwgSSdkIGxvdmUgdG8gaGF2
        ZQ0KanVzdCBzZW50IG91dCBhIGdyb3VwIHRleHQuDQoNCjM0Mw0KMDA6MTc6NDYsMTIzIC0tPiAw
        MDoxNzo0Nyw3ODkNClRoZXJlIHdlIGFyZS4NCg0KMzQ0DQowMDoxNzo0OSw5MjIgLS0+IDAwOjE3
        OjUxLDIwMQ0KVGhpcyBpc24ndCBoYXBwZW5pbmcuDQoNCjM0NQ0KMDA6MTc6NTEsMjA3IC0tPiAw
        MDoxNzo1MiwzNTQNCi0gR2lybHMuDQotIFNvIEknbSBub3QgY3JhenkuDQoNCjM0Ng0KMDA6MTc6
        NTIsMzYwIC0tPiAwMDoxNzo1Myw0MjYNCi0gSSB0aG91Z2h0IEkgd2FzIGdvaW5nIGNyYXp5Lg0K
        LSBHaXJscy4NCg0KMzQ3DQowMDoxNzo1Myw0MzIgLS0+IDAwOjE3OjU0LDc1Ng0KLSBBbGwgb2Yg
        dGhpcyBpcyBjcmF6eS4NCi0gR2lybHMuDQoNCjM0OA0KMDA6MTc6NTQsNzYyIC0tPiAwMDoxNzo1
        Niw0NjINCi0gSSBhbSBub3QgYSB3aXRjaC4NCi0gR2lybHMuDQoNCjM0OQ0KMDA6MTc6NTYsNDY4
        IC0tPiAwMDoxNzo1OCwyMzQNCkkgZG9uJ3QgZXZlbiBsaWtlIHdlYXJpbmcgd2l0Y2gNCmNvc3R1
        bWVzIG9uIEhhbGxvd2VlbiwgbGlrZS4uLg0KDQozNTANCjAwOjE3OjU4LDI0MCAtLT4gMDA6MTc6
        NTksODA2DQotIE5vdCBldmVuIHNsdXR0eSBvbmVzLg0KLSBHaXJscyENCg0KMzUxDQowMDoxODow
        MSw3NTIgLS0+IDAwOjE4OjAzLDI2OQ0KU29ycnkuIExhZGllcy4NCg0KMzUyDQowMDoxODowMywz
        MzggLS0+IDAwOjE4OjA1LDkzOA0KTm93LCB3ZSBhbGwgc2F3IHdoYXQNCk1hY3kgZGlkIHdpdGgg
        dGhlIGdsb2JlLg0KDQozNTMNCjAwOjE4OjA2LDAwNyAtLT4gMDA6MTg6MDcsNjA2DQpMb29rcyBs
        aWtlIHdlJ3ZlIGdvdCB0ZWxla2luZXNpcy4NCg0KMzU0DQowMDoxODowNyw2MTIgLS0+IDAwOjE4
        OjA4LDk3NQ0KVGVsZWtpbmVzaXMgaXMgbm90IGEgdGhpbmcuDQoNCjM1NQ0KMDA6MTg6MDgsOTgx
        IC0tPiAwMDoxODoxMCwzMDUNClRoZW4gYWdhaW4sIGl0IGRpZCBmbHkNCmFjcm9zcyB0aGUgcm9v
        bS4uLg0KDQozNTYNCjAwOjE4OjEwLDMxMSAtLT4gMDA6MTg6MTEsODczDQpBbmQgdGhlcmUgaGFz
        IHRvIGJlIGENCnNjaWVudGlmaWMgZXhwbGFuYXRpb24uDQoNCjM1Nw0KMDA6MTg6MTEsODc5IC0t
        PiAwMDoxODoxNSwwNDcNClVoLCB5ZXMsIHRoZXJlIGlzLCBpdCdzDQpjYWxsZWQgbW9sZWN1bGFy
        IHdpdGNoLWV0aWNzLg0KDQozNTgNCjAwOjE4OjE1LDA4MyAtLT4gMDA6MTg6MTcsMjMzDQotIFlv
        dSdyZSBub3QgZnVubnkuDQotIFBhcnRpY2xlIHdpdGNoLW9sb2d5Pw0KDQozNTkNCjAwOjE4OjE3
        LDc1NSAtLT4gMDA6MTg6MTksMzg1DQpBbGwgcmlnaHQsIHdoYXQuLi4gQWxsDQpyaWdodCwgd2hh
        dCBhcmUgeW91IGRvaW5nPw0KDQozNjANCjAwOjE4OjE5LDQ1NCAtLT4gMDA6MTg6MjEsMDUzDQot
        IFRyeWluZyB0byBmcmVlemUgdGltZS4NCi0gT2guDQoNCjM2MQ0KMDA6MTg6MjEsMDU5IC0tPiAw
        MDoxODoyMiw2NTkNCklzIHRoYXQgeW91ciBwb3dlcj8NCk9oLCB3ZWxsLCBtYWtlcyBzZW5zZS4N
        Cg0KMzYyDQowMDoxODoyMiw2NjUgLS0+IDAwOjE4OjI0LDE4Ng0KVmVyeSBjb21tb24gd2l0aCBj
        b250cm9sIGZyZWFrcy4NCg0KMzYzDQowMDoxODoyNCwxOTIgLS0+IDAwOjE4OjI2LDA4NA0KLSBT
        byB3aHkgaXNuJ3QgaXQgd29ya2luZz8NCi0gSXQncyBhIGNyYWZ0Lg0KDQozNjQNCjAwOjE4OjI2
        LDA5MCAtLT4gMDA6MTg6MjcsNjY0DQpXaXRjaGNyYWZ0Lg0KDQozNjUNCjAwOjE4OjI3LDY3MCAt
        LT4gMDA6MTg6MjgsOTMyDQpXaGljaCBtZWFucyB5b3UgaGF2ZSB0byBmaWd1cmUgb3V0DQoNCjM2
        Ng0KMDA6MTg6MjgsOTM4IC0tPiAwMDoxODozMCw2MzcNCmhvdyB0byBhY2Nlc3MgYW5kIGNvbnRy
        b2wgaXQuDQoNCjM2Nw0KMDA6MTg6MzIsNjc1IC0tPiAwMDoxODozNCw4MzUNCldlbGwsIGxvb2tz
        IGxpa2UgeW91J3ZlDQphbHJlYWR5IG1hc3RlcmVkIHlvdXJzLg0KDQozNjgNCjAwOjE4OjM0LDg0
        MSAtLT4gMDA6MTg6MzcsNTAwDQpCcmF2by4gTXVzdCBiZSB0aGF0DQppbXByZXNzaXZlbHkgaGln
        aCBJUS4NCg0KMzY5DQowMDoxODozNyw1NDAgLS0+IDAwOjE4OjM5LDYyMg0KU28gdGhpcyBtZWFu
        cyBJIHJlYWxseQ0Kd2FzIHJlYWRpbmcgbWluZHM/DQoNCjM3MA0KMDA6MTg6MzksNjI4IC0tPiAw
        MDoxODo0MSwyNTYNCkEgdGVzdGFtZW50IHRvIHlvdXIgaW5uYXRlDQoNCjM3MQ0KMDA6MTg6NDEs
        MjYyIC0tPiAwMDoxODo0MywyNjkNCnNlbnNpdGl2aXR5LCBvciBkZXNwZXJhdGUgaW5zZWN1cml0
        eS4NCg0KMzcyDQowMDoxODo0MywyNzUgLS0+IDAwOjE4OjQ1LDAwOA0KVGhleSdyZSB0d28gc2lk
        ZXMgb2YgdGhlIGNvaW4sDQpyZWFsbHkuIE5vdCB0byB3b3JyeS4NCg0KMzczDQowMDoxODo0NSww
        MTQgLS0+IDAwOjE4OjQ2LDgxNA0KSSB3aWxsIGhlbHAgeW91IHVuZGVyc3RhbmQgaXQgYWxsLg0K
        DQozNzQNCjAwOjE4OjQ2LDgyMCAtLT4gMDA6MTg6NDksNzYxDQpZb3Ugc2VlLCBJIGFtIGFuIGFk
        dmlzb3IgdG8gd2l0Y2hlcy4NCg0KMzc1DQowMDoxODo0OSw3NjcgLS0+IDAwOjE4OjUzLDQ2OQ0K
        VGhleSBjYWxsIG1lIGEgV2hpdGVsaWdodGVyLg0KDQozNzYNCjAwOjE4OjUzLDUwNSAtLT4gMDA6
        MTg6NTYsMTczDQpQaHlzaWNhbGx5LCBJIGRpZWQgaW4gMTk1Ny4NCg0KMzc3DQowMDoxODo1Niwx
        NzkgLS0+IDAwOjE4OjU4LDI3OQ0KV2FpdC4gV2FzIE1vbSBhIHdpdGNoPw0KDQozNzgNCjAwOjE4
        OjU4LDI4NSAtLT4gMDA6MTg6NTksNjA2DQpCaW5nby4NCg0KMzc5DQowMDoxOTowMCwwMTAgLS0+
        IDAwOjE5OjAyLDA0NA0KQW5kIHBhcnQgb2YgbXkgc3BlZWNoLg0KDQozODANCjAwOjE5OjAzLDc1
        OCAtLT4gMDA6MTk6MDUsMTkxDQpZb3VyIG1vdGhlciB3YXMgYSB3aXRjaC4NCg0KMzgxDQowMDox
        OTowNSwyNjAgLS0+IDAwOjE5OjA3LDQxNA0KQSB2ZXJ5IHBvd2VyZnVsIG9uZS4NCg0KMzgyDQow
        MDoxOTowNyw0MjAgLS0+IDAwOjE5OjA5LDgwOQ0KU2hlIGJvdW5kIHlvdXIgcG93ZXJzDQp3aGVu
        IHlvdSBlYWNoIHdlcmUgYm9ybg0KDQozODMNCjAwOjE5OjA5LDgxNSAtLT4gMDA6MTk6MTIsMjAz
        DQp0byBwcm90ZWN0IHlvdSBhbmQgbGV0DQp5b3UgbGl2ZSBub3JtYWwgbGl2ZXMuDQoNCjM4NA0K
        MDA6MTk6MTIsMjA5IC0tPiAwMDoxOToxNiwxNDUNCk5vdywgc2hlIHdhcyBpbiB0aGUgcHJvY2Vz
        cw0Kb2YgdW5iaW5kaW5nIHRob3NlIHBvd2Vycy4uLg0KDQozODUNCjAwOjE5OjE4LDQwMyAtLT4g
        MDA6MTk6MjAsMzA2DQpUaGUgbmlnaHQgc2hlIHdhcyBtdXJkZXJlZC4NCg0KMzg2DQowMDoxOToy
        MSw5NzMgLS0+IDAwOjE5OjIzLDgwNg0KSSBrbmV3IGl0Lg0KDQozODcNCjAwOjE5OjIzLDgxMiAt
        LT4gMDA6MTk6MjUsNjc4DQpJIGtuZXcgc2hlIGRpZG4ndCBmYWxsLg0KDQozODgNCjAwOjE5OjI2
        LDMzMSAtLT4gMDA6MTk6MjgsMDQ3DQpXaG8ga2lsbGVkIGhlcj8NCg0KMzg5DQowMDoxOToyOCwx
        MTYgLS0+IDAwOjE5OjMwLDIxNg0KV2UgZG9uJ3Qga25vdywgYXMgeWV0Lg0KDQozOTANCjAwOjE5
        OjMwLDI4NSAtLT4gMDA6MTk6MzIsOTUwDQpUaGVyZSB3YXMgaWNlIGF0IHRoZSBzY2VuZSwNCnNv
        IGNvbGQgaXMgYSBjaGFyYWN0ZXJpc3RpYywNCg0KMzkxDQowMDoxOTozMiw5NTYgLS0+IDAwOjE5
        OjM0LDQ0MA0KYnV0IHRoZXJlIGFyZSBsaXRlcmFsbHkgdGhvdXNhbmRzIG9mDQoNCjM5Mg0KMDA6
        MTk6MzQsNDQ2IC0tPiAwMDoxOTozNiwwODkNCmRpZmZlcmVudCBkZW1vbnMgYXNzb2NpYXRlZCB3
        aXRoIGNvbGQuDQoNCjM5Mw0KMDA6MTk6MzYsMDk1IC0tPiAwMDoxOTozNyw1OTUNCldoYXQgYXJl
        IHlvdSBldmVuIHRhbGtpbmcgYWJvdXQ/DQoNCjM5NA0KMDA6MTk6MzcsNjAxIC0tPiAwMDoxOToz
        OSwxNTQNCkl0J3MgYWxsIGhlcmUuDQoNCjM5NQ0KMDA6MTk6NDEsNjYyIC0tPiAwMDoxOTo0Myw1
        OTYNClRoZSBCb29rIG9mIFNoYWRvd3MuDQoNCjM5Ng0KMDA6MTk6NDMsNjAyIC0tPiAwMDoxOTo0
        NSw0MzUNClRoZSBBbmNpZW50IE9yYWNsZXMgcHJlZGljdGVkDQoNCjM5Nw0KMDA6MTk6NDUsNDQx
        IC0tPiAwMDoxOTo0NywxNDENCnRocmVlIHNpZ25zIG9mIGFwb2NhbHlwc2UuDQoNCjM5OA0KMDA6
        MTk6NDcsMTQ3IC0tPiAwMDoxOTo1MCwwMjENClRoZSBmaXJzdCwgIldoZW4gdGhlIHdlYWtlc3Qg
        b2YgbWVuDQoNCjM5OQ0KMDA6MTk6NTAsMjExIC0tPiAwMDoxOTo1Miw2NzINCiJyZWFjaGVzIGls
        bC1nb3R0ZW4gZ2xvcnkiLA0KDQo0MDANCjAwOjE5OjUyLDY3OCAtLT4gMDA6MTk6NTQsMzc4DQoi
        YW5kLCIgb2gsIEdvZCwgdGhpcyBnb2VzIG9uIGFuZCBvbi4NCg0KNDAxDQowMDoxOTo1NCwzODQg
        LS0+IDAwOjE5OjU2LDA1MQ0KVGhlIGxhbmd1YWdlIGlzIGZhciB0b28NCmZsb3dlcnkgZm9yIG15
        IHRhc3RlLg0KDQo0MDINCjAwOjE5OjU2LDA1NyAtLT4gMDA6MTk6NTgsMDYyDQpCdXQgc3VmZmlj
        ZSB0byBzYXksIGl0J3MNCnlvdXIgY3VycmVudCBwcmVzaWRlbnQuDQoNCjQwMw0KMDA6MTk6NTgs
        MDY4IC0tPiAwMDoyMDowMCwyMDENCkNhbiB3ZSBnbyBiYWNrIHRvIHRoZSBwYXJ0DQp3aGVyZSB5
        b3Ugc2FpZCAiYXBvY2FseXBzZSI/DQoNCjQwNA0KMDA6MjA6MDAsMjA3IC0tPiAwMDoyMDowMiwx
        NDANCk5vdCByZWFsbHksIEknbSBpbiBhIHJoeXRobSBoZXJlLg0KDQo0MDUNCjAwOjIwOjAyLDQy
        MSAtLT4gMDA6MjA6MDMsNzQwDQpUaGUgc2Vjb25kIHNpZ24sDQoNCjQwNg0KMDA6MjA6MDMsNzQ2
        IC0tPiAwMDoyMDowNiw2MzMNCiJUaGUgbW92ZW1lbnQncyBncmVhdCBzYWdlcyBmYWxsLCINCg0K
        NDA3DQowMDoyMDowNiw2MzkgLS0+IDAwOjIwOjA4LDMwNw0Kd2VsbCwgdGhhdCByZWZlcnMgdG8g
        eW91ciBtb3RoZXIncyBkZWF0aA0KDQo0MDgNCjAwOjIwOjA4LDMxMyAtLT4gMDA6MjA6MTAsMjU2
        DQphbmQgdGhlIHNlbmlvciB3aXRjaGVzIHdobw0KaGF2ZSBiZWVuIGtpbGxlZCBzaW5jZS4NCg0K
        NDA5DQowMDoyMDoxMCwyNjIgLS0+IDAwOjIwOjEyLDMyOQ0KT3RoZXIgd2l0Y2hlcz8gSG93IG1h
        bnkgYXJlIHRoZXJlPw0KDQo0MTANCjAwOjIwOjEyLDM5OCAtLT4gMDA6MjA6MTYsMDI1DQpSZWFs
        bHksIHRoaXMgd29ya3MgbXVjaA0KYmV0dGVyIGFzIGEgbW9ub2xvZ3VlLA0KDQo0MTENCjAwOjIw
        OjE2LDAzMSAtLT4gMDA6MjA6MTcsNjk3DQppZiB5b3UgZG9uJ3QgbWluZC4NCg0KNDEyDQowMDoy
        MDoxNyw4NDMgLS0+IDAwOjIwOjIwLDcxMQ0KVGhlIGZpbmFsIHNpZ24gaGFzbid0IGhhcHBlbmVk
        IHlldC4NCg0KNDEzDQowMDoyMDoyMSwyOTQgLS0+IDAwOjIwOjIyLDg2MQ0KIldpdGggdGhlIGJs
        b3Nzb21pbmcgb2YgZGVhdGgNCg0KNDE0DQowMDoyMDoyMiw4NjcgLS0+IDAwOjIwOjI1LDcyNg0K
        ImNvbWVzIHRoZSBhd2FrZW5pbmcgb2YNCnRoZSBTb3VyY2Ugb2YgQWxsIEV2aWwuDQoNCjQxNQ0K
        MDA6MjA6MjcsMTEyIC0tPiAwMDoyMDoyOSwzNzkNCkFuZCB0aGVuLCB3ZSBmYWxsLiINCg0KNDE2
        DQowMDoyMDoyOSw0NDggLS0+IDAwOjIwOjMxLDEzOQ0KV2VsbCwgc28sIHlvdSBjYW4gc2VlIHdo
        eQ0Kd2UgZmluaXNoZWQgd2hhdCB5b3VyDQoNCjQxNw0KMDA6MjA6MzEsMTQ1IC0tPiAwMDoyMDoz
        Myw2ODkNCm1vdGhlciBzdGFydGVkIHRoYXQgbmlnaHQsDQphbmQgYnJvdWdodCB5b3UgaGVyZS4N
        Cg0KNDE4DQowMDoyMDozNCwxNzYgLS0+IDAwOjIwOjM2LDA1Mw0KU2hlIHdhbnRlZCBtZSBoZXJl
        Pw0KDQo0MTkNCjAwOjIwOjM2LDEyMSAtLT4gMDA6MjA6MzgsMTM5DQpZZXMuIFZlcnkgbXVjaC4N
        Cg0KNDIwDQowMDoyMDozOCwxNDUgLS0+IDAwOjIwOjM5LDY5MA0KU2hlIHNlbnQgeW91IHRoZSBn
        cmFudCBhcHBsaWNhdGlvbiwNCg0KNDIxDQowMDoyMDozOSw2OTYgLS0+IDAwOjIwOjQxLDE3MA0K
        bWFkZSBzdXJlIGl0IHdhcyBjaG9zZW4uDQoNCjQyMg0KMDA6MjA6NDEsMTc2IC0tPiAwMDoyMDo0
        Miw0NDINClNlZT8NCg0KNDIzDQowMDoyMDo0Miw0NDggLS0+IDAwOjIwOjQ0LDA0OA0KU2hlIGlz
        IG91ciBzaXN0ZXIuDQoNCjQyNA0KMDA6MjA6NDQsMDU0IC0tPiAwMDoyMDo0NSw1NTMNClNvLA0K
        DQo0MjUNCjAwOjIwOjQ1LDg1NyAtLT4gMDA6MjA6NDcsNDIzDQp5b3VyIG1vdGhlcidzIHNwZWxs
        IGJvb2suDQoNCjQyNg0KMDA6MjA6NDgsODk1IC0tPiAwMDoyMDo1MCw1NjcNCktlZXAgaXQgc2Fm
        ZS4NCg0KNDI3DQowMDoyMDo1MSwzMDkgLS0+IDAwOjIwOjUzLDU3Mg0KWW91ciBndWlkZSB0byB1
        c2luZw0KdGhlIFBvd2VyIG9mIFRocmVlIHRvDQoNCjQyOA0KMDA6MjA6NTMsNTc4IC0tPiAwMDoy
        MDo1NiwxMDMNCnByb3RlY3QgdGhlIGlubm9jZW50DQphbmQgdmFucXVpc2ggZGVtb25zLg0KDQo0
        MjkNCjAwOjIwOjU2LDUwNSAtLT4gMDA6MjA6NTgsOTcyDQpZb3UgdGhyZWUgaGF2ZSA0OCBob3Vy
        cyB0byBkZWNpZGUNCg0KNDMwDQowMDoyMDo1OCw5NzggLS0+IDAwOjIxOjAwLDQxMA0Kd2hldGhl
        ciB5b3Ugd2lzaCB0bw0KYWNjZXB0IHlvdXIgd2l0Y2hseSBmYXRlLg0KDQo0MzENCjAwOjIxOjAw
        LDQ3OSAtLT4gMDA6MjE6MDIsNDkzDQotIFdlIGdldCB0byBkZWNpZGU/DQotIE9oLCB5ZXMuDQoN
        CjQzMg0KMDA6MjE6MDIsNDk5IC0tPiAwMDoyMTowNSwzMzMNCkJlaW5nIGEgd2l0Y2ggaXMgYSBm
        dWxseQ0KcHJvLWNob2ljZSBlbnRlcnByaXNlLg0KDQo0MzMNCjAwOjIxOjA1LDc1MSAtLT4gMDA6
        MjE6MDcsOTE4DQpBbmQgdGhlIGRlY2lzaW9uIG11c3QgYmUgdW5hbmltb3VzLg0KDQo0MzQNCjAw
        OjIxOjA3LDkyNCAtLT4gMDA6MjE6MDksNDg4DQpJZiB5b3UgcmVmdXNlLA0KDQo0MzUNCjAwOjIx
        OjA5LDQ5NCAtLT4gMDA6MjE6MTMsMTI5DQpldmVyeXRoaW5nIHNpbmNlIG1hZGUgcG9zc2libGUN
        CmJ5IG1hZ2ljYWwgaW50ZXJ2ZW50aW9uLi4uDQoNCjQzNg0KMDA6MjE6MTMsNDkyIC0tPiAwMDoy
        MToxNSwyMTgNCldpbGwgYmUgdW5kb25lLg0KDQo0MzcNCjAwOjIxOjE1LDc4MCAtLT4gMDA6MjE6
        MTgsMTQ1DQpZb3UgZ3V5cywgdGhpcyBkZW1vbiBoYXJ2ZXN0cyB3aXRjaGVzJw0KDQo0MzgNCjAw
        OjIxOjE4LDE1MSAtLT4gMDA6MjE6MjAsMTM3DQpvcmdhbnMgZm9yIGZyZWFraW5nIHNtb290aGll
        cyENCg0KNDM5DQowMDoyMToyMCwxNDMgLS0+IDAwOjIxOjIxLDg5Nw0KRG9uJ3Qgd29ycnksIHRo
        ZSB1bmRlcndvcmxkIGRvZXNuJ3Qga25vdw0KDQo0NDANCjAwOjIxOjIxLDkwMyAtLT4gMDA6MjE6
        MjMsMjY2DQp5b3VyIHBvd2VycyBoYXZlIGJlZW4gYXdha2VuZWQuDQoNCjQ0MQ0KMDA6MjE6Mjgs
        NzY0IC0tPiAwMDoyMTozMCw1MzANCk5vIHdheS4gSSdtIG5vdCBkb2luZyB0aGlzLg0KDQo0NDIN
        CjAwOjIxOjMwLDUzNiAtLT4gMDA6MjE6MzIsMzI3DQpJIGRvIG5vdCB3YW50IHRvIGVuZCB1cCBp
        biBhIHNtb290aGllLg0KDQo0NDMNCjAwOjIxOjMyLDMzMyAtLT4gMDA6MjE6MzMsNjM2DQpNYWdn
        aWUsIHRoaXMgaXMgb3VyIGxlZ2FjeS4NCg0KNDQ0DQowMDoyMTozMyw2NDIgLS0+IDAwOjIxOjM0
        LDk3NA0KTW9tIHdhbnRlZCB1cyB0byBkbyB0aGlzLA0KDQo0NDUNCjAwOjIxOjM0LDk4MCAtLT4g
        MDA6MjE6MzYsNTgyDQphbmQgbm93IHdlIGNhbiBmaWd1cmUNCm91dCB3aG8ga2lsbGVkIGhlci4N
        Cg0KNDQ2DQowMDoyMTozNiw1ODggLS0+IDAwOjIxOjM4LDgwOA0KSSdsbCwgdWgsIEknbGwgbGV0
        IHlvdQ0KdGhyZWUgaGFzaCBpdCBvdXQuDQoNCjQ0Nw0KMDA6MjE6MzgsODE0IC0tPiAwMDoyMTo0
        MCwxNDcNCklmIHlvdSBuZWVkIG1lLCBjYWxsLg0KDQo0NDgNCjAwOjIxOjQwLDI3OCAtLT4gMDA6
        MjE6NDQsMDEzDQpPciwgdWgsIHRleHQsIFNuYXAsIG9yIFR3aXR0ZXIgRE0uDQoNCjQ0OQ0KMDA6
        MjE6NDUsNDc1IC0tPiAwMDoyMTo0OSwwNzYNCldlbGwsIG9yIGp1c3QgY2FsbCBteSBuYW1lDQph
        bmQgSSdsbCBtYWdpY2FsbHkgYXBwZWFyLg0KDQo0NTANCjAwOjIxOjUyLDU3MiAtLT4gMDA6MjE6
        NTQsNjU3DQpJIGp1c3Qgd2FudGVkIHRvIHNob3cgeW91IHRoZSBlZmZlY3QuDQoNCjQ1MQ0KMDA6
        MjE6NTQsNzI2IC0tPiAwMDoyMTo1Niw5MjYNClRoZXkgcHJlZmVyIEkgZ2V0IGFyb3VuZA0KDQo0
        NTINCjAwOjIxOjU2LDk5NSAtLT4gMDA6MjE6NTgsNzA3DQpsaWtlIGEgcmVndWxhciBwZXJzb24g
        bm93Li4uDQoNCjQ1Mw0KMDA6MjE6NTgsODY5IC0tPiAwMDoyMjowMCwyMzkNClRvIGJsZW5kIGlu
        Lg0KDQo0NTQNCjAwOjIyOjA0LDA2OCAtLT4gMDA6MjI6MDUsOTAxDQpJdCdzIGEgZm9saWUgYSBk
        ZXV4LiBJdCBtdXN0IGJlLg0KDQo0NTUNCjAwOjIyOjA1LDk3MCAtLT4gMDA6MjI6MDcsMjU5DQpI
        ZSBpbmR1Y2VkIGl0IHNvbWVob3cuDQoNCjQ1Ng0KMDA6MjI6MDcsMjY1IC0tPiAwMDoyMjowOSw1
        NzINCllvdSBkaWQganVzdCBzZWUgdGhhdCBndXkNCmRpc2FwcGVhciBpbnRvIHRoaW4gYWlyLCBy
        aWdodD8NCg0KNDU3DQowMDoyMjowOSw2NDEgLS0+IDAwOjIyOjEyLDA0MQ0KWW91IHRoaW5rIHVz
        IGFjdHVhbGx5IGJlaW5nDQp3aXRjaGVzIG1ha2VzIG1vcmUgc2Vuc2U/DQoNCjQ1OA0KMDA6MjI6
        MTIsMTEwIC0tPiAwMDoyMjoxNSwwMjkNClllYWgsIEkgZG8uIEl0IGFsbC4uLg0KDQo0NTkNCjAw
        OjIyOjE1LDAzNSAtLT4gMDA6MjI6MTcsMTE4DQpNYWtlcyBzZW5zZS4NCg0KNDYwDQowMDoyMjox
        NywxODEgLS0+IDAwOjIyOjE4LDUwMg0KVGhyb3VnaG91dCBoaXN0b3J5LCBzdHJvbmcgd29tZW4N
        Cg0KNDYxDQowMDoyMjoxOCw1MDggLS0+IDAwOjIyOjIwLDA3MA0Kd2VyZSBjYWxsZWQgd2l0Y2hl
        cywgYW5kIHRoZXkgYXJlLi4uDQoNCjQ2Mg0KMDA6MjI6MjAsMDc2IC0tPiAwMDoyMjoyMiwwMjMN
        CldlIGFyZS4NCg0KNDYzDQowMDoyMjoyMiwwODYgLS0+IDAwOjIyOjI0LDA1Mw0KV2UgaGF2ZSB0
        byB1bml0ZSB0byBjaGFuZ2UNCnRoZSBwb3dlciBkeW5hbWljcywNCg0KNDY0DQowMDoyMjoyNCwx
        MjIgLS0+IDAwOjIyOjI2LDkyMg0KcmlnaHQgdGhlIHNoaXAsIGNoYW5nZQ0KdGhlIGNvdXJzZSBv
        ZiBodW1hbml0eS4NCg0KNDY1DQowMDoyMjozMSwyNTUgLS0+IDAwOjIyOjMzLDcyMg0KSXQncyBM
        dWN5LiBTaGUgd2FudHMgbWUNCnRvIGdvIHRvIHRoZSBLYXBwYSBob3VzZS4NCg0KNDY2DQowMDoy
        MjozMyw3MjggLS0+IDAwOjIyOjM2LDY2Mg0KU2VyaW91c2x5LCBubyBpbnRlcmVzdCBpbg0KY2hh
        bmdpbmcgdGhlIGNvdXJzZSBvZiBodW1hbml0eT8NCg0KNDY3DQowMDoyMjozNiw2NjggLS0+IDAw
        OjIyOjM4LDIzNA0KV2l0Y2hlcyBhcmVuJ3QgcmVhbC4NCg0KNDY4DQowMDoyMjozOCwzMDMgLS0+
        IDAwOjIyOjQwLDg2Ng0KVGhlcmUncyBhIHNjaWVudGlmaWMNCmV4cGxhbmF0aW9uIGZvciB0aGlz
        Lg0KDQo0NjkNCjAwOjIyOjQ2LDQ3NyAtLT4gMDA6MjI6NTEsMDczDQpfDQoNCjQ3MA0KMDA6MjI6
        NTIsMzkwIC0tPiAwMDoyMjo1NCwyNjkNCl8NCg0KNDcxDQowMDoyMjo1NCwzNjMgLS0+IDAwOjIy
        OjU2LDMyNA0KXw0KDQo0NzINCjAwOjIyOjU3LDEzNSAtLT4gMDA6MjI6NTgsODcwDQpfDQoNCjQ3
        Mw0KMDA6MjM6MDIsNDkwIC0tPiAwMDoyMzowNCw5NjANCk9mIGNvdXJzZSBJJ20gcmVsaWV2ZWQu
        DQoNCjQ3NA0KMDA6MjM6MDUsMDI5IC0tPiAwMDoyMzowNywwNjMNCkkgbWVhbiwganVzdGljZSB3
        YXMgc2VydmVkLg0KDQo0NzUNCjAwOjIzOjA3LDEzMSAtLT4gMDA6MjM6MDksMTYzDQpUaGlzIHdh
        cyBhIHdpdGNoIGh1bnQuDQoNCjQ3Ng0KMDA6MjM6MTQsODA2IC0tPiAwMDoyMzoxNiw5NzINCi0g
        V2hhdC1XaGF0IGFyZSB5b3UgZG9pbmcgaGVyZT8NCi0gSSB3YXMgd29ycmllZC4NCg0KNDc3DQow
        MDoyMzoxNywwNDEgLS0+IDAwOjIzOjE4LDQ3NA0KWW91IGp1c3QgcmFuIG91dC4NCg0KNDc4DQow
        MDoyMzoxOCw0ODAgLS0+IDAwOjIzOjIxLDA0Nw0KT2gsIHJpZ2h0LCB1bSwgSSdtLUknbSBzb3Jy
        eS4NCg0KNDc5DQowMDoyMzoyMSwxNzkgLS0+IDAwOjIzOjIyLDMyNw0KQXJlIHlvdSBva2F5Pw0K
        DQo0ODANCjAwOjIzOjIyLDMzMyAtLT4gMDA6MjM6MjMsNjEyDQpZb3Uga25vdyB3aGF0Pw0KDQo0
        ODENCjAwOjIzOjI0LDMxMCAtLT4gMDA6MjM6MjUsNDQ4DQpJIGZlZWwgYmV0dGVyLg0KDQo0ODIN
        CjAwOjIzOjI1LDUxNiAtLT4gMDA6MjM6MjcsNDgzDQpBbmQgSSBhbSBzb3JyeSBhYm91dCB3aGF0
        IEkgc2FpZC4NCg0KNDgzDQowMDoyMzoyNyw3NzAgLS0+IDAwOjIzOjMwLDAzNw0KQWJvdXQgeW91
        IGVuZGluZyB0aGluZ3MNCmFmdGVyIG15IG1vbSBkaWVkLg0KDQo0ODQNCjAwOjIzOjMwLDA0MyAt
        LT4gMDA6MjM6MzEsNzQzDQpJIGtub3cgSSBzaHV0IHlvdSBvdXQuDQoNCjQ4NQ0KMDA6MjM6MzMs
        ODI1IC0tPiAwMDoyMzozNiwxNTgNCi0gWW91IHdlcmUganVzdCBzbyBhbmdyeS4NCi0gWWVhaC4N
        Cg0KNDg2DQowMDoyMzozNyw4NTcgLS0+IDAwOjIzOjM5LDYzNA0KVGhhdCdzIHdoYXQgbXkgc2lz
        dGVyIHNheXMsIHRvby4NCg0KNDg3DQowMDoyMzo0MSwxNjUgLS0+IDAwOjIzOjQzLDY5OQ0KQXJl
        IHlvdSByZWFsbHkuLi4NCg0KNDg4DQowMDoyMzo0Nyw1MDUgLS0+IDAwOjIzOjQ5LDAzOA0KTmlr
        bz8NCg0KNDg5DQowMDoyMzo1NCwyNzggLS0+IDAwOjIzOjU1LDY0NA0KLi4uIG9rYXk/DQoNCjQ5
        MA0KMDA6MjM6NTUsNzEzIC0tPiAwMDoyMzo1Nyw5ODANClllcy4NCg0KNDkxDQowMDoyMzo1OCww
        NDkgLS0+IDAwOjI0OjAxLDIxNw0KWWVzLCBJJ20gb2theS4NCg0KNDkyDQowMDoyNDowMSwyMjMg
        LS0+IDAwOjI0OjAyLDc1Ng0KSSB3YW50ZWQuLi4NCg0KNDkzDQowMDoyNDowMiw4ODcgLS0+IDAw
        OjI0OjA0LDIyMA0KTmlrbz8NCg0KNDk0DQowMDoyNDowNywzOTIgLS0+IDAwOjI0OjA4LDg1OA0K
        T2gsIG15IEdvZCENCg0KNDk1DQowMDoyNDoxMCwxMjggLS0+IDAwOjI0OjEyLDQ2MQ0KT2theSwg
        SSBnb3QgdGhpcy4NCg0KNDk2DQowMDoyNDoxNCw5MzIgLS0+IDAwOjI0OjE2LDUzMg0KLi4uIHRv
        IGJlIHRoZXJlIGZvciB5b3UsDQoNCjQ5Nw0KMDA6MjQ6MTYsNjAxIC0tPiAwMDoyNDoxOCwzMzQN
        CmJ1dCB0aGUgYW5nZXIganVzdCBnb3QgaW4gdGhlIHdheS4NCg0KNDk4DQowMDoyNDoxOCw0MDMg
        LS0+IDAwOjI0OjIxLDQwNA0KRXhhY3RseSwgdGhlIGFuZ2VyIGdvdCBpbiB0aGUgd2F5Lg0KDQo0
        OTkNCjAwOjI0OjIyLDA5MiAtLT4gMDA6MjQ6MjYsMDI4DQpXb3csIHlvdSByZWFsbHkgZG8gc2Vl
        bSBiZXR0ZXIuDQoNCjUwMA0KMDA6MjQ6MjYsMDM0IC0tPiAwMDoyNDoyNyw3MDINCkkgZmVlbCBi
        ZXR0ZXIuDQoNCjUwMQ0KMDA6MjQ6MjgsNDEzIC0tPiAwMDoyNDozMCwxODMNCkxpa2UgSSd2ZSBj
        b21lIG91dCBvZiBhIGZvZy4NCg0KNTAyDQowMDoyNDozMCwxODkgLS0+IDAwOjI0OjMxLDU4OA0K
        SSd2ZSBtaXNzZWQgeW91Lg0KDQo1MDMNCjAwOjI0OjM2LDE1NCAtLT4gMDA6MjQ6MzgsMzg3DQot
        IElzIHlvdXIgc2lzdGVyIGhvbWU/DQotIE1tLW1tLg0KDQo1MDQNCjAwOjI0OjU5LDAxMCAtLT4g
        MDA6MjU6MDEsMDQzDQpIaSB0aGVyZS4NCg0KNTA1DQowMDoyNTowMSwxMTIgLS0+IDAwOjI1OjAy
        LDkxMg0KQXJlIHlvdSBsb3N0Pw0KDQo1MDYNCjAwOjI1OjEwLDk4MiAtLT4gMDA6MjU6MTMsNzgw
        DQpNZWw/ISBXaGVyZSBhcmUgeW91Pw0KQSBmcmlra2luZyBkZW1vbiBkb2cNCg0KNTA3DQowMDoy
        NToxMyw3ODYgLS0+IDAwOjI1OjE1LDI1Mg0KanVzdCB0cmllZCB0byBlYXQgbXkgaGFpciBleHRl
        bnNpb25zLg0KDQo1MDgNCjAwOjI1OjE1LDMyMSAtLT4gMDA6MjU6MTcsNzg4DQpBbmQgaGFkIGNy
        YXp5IGV5ZXMgYW5kLWFuZCBncmVlbiBnb28uDQoNCjUwOQ0KMDA6MjU6MTcsODU3IC0tPiAwMDoy
        NToxOSw1NTcNCkFuZCB0aGUgb25seSByZWFzb24gSQ0KZ290IGF3YXkgd2FzIGJlY2F1c2UNCg0K
        NTEwDQowMDoyNToxOSw2MjYgLS0+IDAwOjI1OjIxLDc4OA0KdGhpcyBncm91cCBvZiBkcnVuaw0K
        Z3V5cyBzaG93ZWQgdXAgYW5kLi4uDQoNCjUxMQ0KMDA6MjU6MjEsNzk0IC0tPiAwMDoyNToyMyw3
        MjgNClNoaCwgc2hoLCBzaGguLi4NCg0KNTEyDQowMDoyNToyMyw3OTYgLS0+IDAwOjI1OjI1LDUy
        OQ0KRG9uJ3Qgc2h1c2ggbWUuDQoNCjUxMw0KMDA6MjU6MjUsNTk4IC0tPiAwMDoyNToyNyw4OTgN
        CkRpZCB5b3Ugbm90IGhlYXIgbWUgc2F5IGEgZGVtb24gZG9nPw0KDQo1MTQNCjAwOjI1OjI5LDg2
        OSAtLT4gMDA6MjU6MzEsOTQ1DQpTb3Jvcml0eSBpbml0aWF0aW9uIHRoaW5nLg0KDQo1MTUNCjAw
        OjI1OjM1LDE3NCAtLT4gMDA6MjU6MzcsNDA4DQpTbyBqdXN0IGNsYXJpZnkuDQoNCjUxNg0KMDA6
        MjU6MzcsNDc3IC0tPiAwMDoyNTozOSw3MTANCkV4IHNleCwgb3IgYXJlIHlvdSBhbmQNCk5pa28g
        YmFjayB0b2dldGhlcj8NCg0KNTE3DQowMDoyNTozOSw3NzkgLS0+IDAwOjI1OjQxLDA0NQ0KUHJp
        b3JpdGllcy4gU2hoLg0KDQo1MTgNCjAwOjI1OjQxLDA1MSAtLT4gMDA6MjU6NDIsMjg0DQpTbywg
        d2hhdCBkbyB5b3UgdGhpbms/DQoNCjUxOQ0KMDA6MjU6NDIsMjkwIC0tPiAwMDoyNTo0NCw1OTEN
        CkkgdGhpbmsgSSd2ZSBuZXZlciBzZWVuDQphbnl0aGluZyBsaWtlIHRoaXMgYmVmb3JlLg0KDQo1
        MjANCjAwOjI1OjQ0LDU5NyAtLT4gMDA6MjU6NDYsNzEzDQpZZWFoLCBwcmV0dHkgc3VyZSB0aGF0
        J3MgYmVjYXVzZQ0KaXQncyBzdXBlcm5hdHVyYWwgb296ZS4NCg0KNTIxDQowMDoyNTo0Niw3MTkg
        LS0+IDAwOjI1OjQ5LDEyMA0KQnV0IGl0IHNlZW1zIHRvIGJlIHN1cnJvdW5kaW5nDQphIG5vbi1z
        dXBlcm5hdHVyYWwgY2VsbC4NCg0KNTIyDQowMDoyNTo0OSwxODggLS0+IDAwOjI1OjUwLDY4OA0K
        U29tZSBraW5kIG9mIGh5ZHJvY2hsb3JpYyBhY2lkLg0KDQo1MjMNCjAwOjI1OjUwLDc5MCAtLT4g
        MDA6MjU6NTMsMjU3DQpXZWxsLCB0aGVyZSBhcmUgYWJvdXQgMSwwMDANCmRlbW9uIGRvZ3MgaW4g
        dGhpcyBib29rLg0KDQo1MjQNCjAwOjI1OjUzLDI2MyAtLT4gMDA6MjU6NTQsNjIxDQpJdCBjb3Vs
        ZCB0YWtlIGhvdXJzIHRvIGZpbmQgdGhlIHNwZWxsLg0KDQo1MjUNCjAwOjI1OjU0LDYyNyAtLT4g
        MDA6MjU6NTcsMDYxDQpBcmUgeW91IHNlcmlvdXNseSBiZWluZyBzZXJpb3VzPw0KDQo1MjYNCjAw
        OjI1OjU3LDEzMCAtLT4gMDA6MjU6NTgsNzYzDQpJIGp1c3QgYmFyZWx5IGdvdCBhd2F5IGZyb20g
        dGhhdCB0aGluZy4NCg0KNTI3DQowMDoyNTo1OCw3NjkgLS0+IDAwOjI2OjAwLDQwMg0KSSdtIG5v
        dCBpbnRlcmVzdGVkIGluIGh1bnRpbmcgaXQgZG93bi4NCg0KNTI4DQowMDoyNjowMCw0MDggLS0+
        IDAwOjI2OjAyLDAwOA0KV2hhdCBvdGhlciBjaG9pY2UgZG8gd2UgaGF2ZT8NCg0KNTI5DQowMDoy
        NjowMiwyMDEgLS0+IDAwOjI2OjA0LDMwMQ0KVW0sIHdlIGNob29zZSBub3QgdG8gYmUgd2l0Y2hl
        cywNCg0KNTMwDQowMDoyNjowNCwzNzAgLS0+IDAwOjI2OjA2LDMzNw0Kd2UgYXZvaWQgZGVtb24g
        ZG9ncyB0aWxsIHRvbW9ycm93LA0KDQo1MzENCjAwOjI2OjA2LDQwNiAtLT4gMDA6MjY6MDgsMTcy
        DQotIGFuZCBldmVyeXRoaW5nIGdvZXMgYmFjayB0byBub3JtYWwuDQotIEJha2luZyBzb2RhLg0K
        DQo1MzINCjAwOjI2OjA4LDI0MSAtLT4gMDA6MjY6MTAsMzQxDQpJIG5lZWQgYmFraW5nIHNvZGEu
        DQoNCjUzMw0KMDA6MjY6MTEsNjExIC0tPiAwMDoyNjoxNCw0MDcNCldoeSBkaWRuJ3QgeW91IHN1
        bW1vbiBtZT8NCkkgdG9sZCB5b3UgaWYgeW91IG5lZWRlZCBtZSB0byB0ZXh0Lg0KDQo1MzQNCjAw
        OjI2OjE0LDQxMyAtLT4gMDA6MjY6MTUsODY4DQpTdG9wIHRhbGtpbmcsIEkgaGF2ZSBhIHF1ZXN0
        aW9uLg0KDQo1MzUNCjAwOjI2OjE1LDg3NCAtLT4gMDA6MjY6MTcsOTA4DQpJcyB0aGlzIGdvbm5h
        IHNjYXI/DQoNCjUzNg0KMDA6MjY6MjEsODA1IC0tPiAwMDoyNjoyMywwNzENCkdvb2QgbmV3cywN
        Cg0KNTM3DQowMDoyNjoyMywwNzcgLS0+IDAwOjI2OjI0LDYwOA0KSSdtIGEgaGVhbGVyLCBubyBz
        Y2FyLg0KDQo1MzgNCjAwOjI2OjI0LDYxNCAtLT4gMDA6MjY6MjYsNjQyDQpCYWQgbmV3cywgbG9v
        a3MgbGlrZQ0Kc29tZXRoaW5nIGluIHRoZSB1bmRlcndvcmxkDQoNCjUzOQ0KMDA6MjY6MjYsNjQ4
        IC0tPiAwMDoyNjoyOSwwMTUNCmtub3dzIHlvdSB0aHJlZSBoYWQNCnlvdXIgcG93ZXJzIGFjdGl2
        YXRlZC4NCg0KNTQwDQowMDoyNjoyOSwwMjEgLS0+IDAwOjI2OjMwLDE5OA0KSSB3YXMgd3Jvbmcu
        DQoNCjU0MQ0KMDA6MjY6MzAsMjIyIC0tPiAwMDoyNjozMiwwMjINCklmIHlvdSdyZSB3cm9uZywg
        d2hhdCdzDQp0aGUgcG9pbnQgb2YgY2FsbGluZyB5b3U/DQoNCjU0Mg0KMDA6MjY6MzIsMDI4IC0t
        PiAwMDoyNjozMywzMjANCkEgcGFyYWRveCBmb3IgYW5vdGhlciBkYXkuDQoNCjU0Mw0KMDA6MjY6
        MzMsMzI2IC0tPiAwMDoyNjozNSw3NTkNCkhlcmUncyB3aGF0IEkgY2FuIHRlbGwgeW91Lg0KDQo1
        NDQNCjAwOjI2OjM1LDgyOCAtLT4gMDA6MjY6MzgsMTYyDQpBIGRlbW9uIGRvZyBhbHdheXMgY29t
        ZXMNCndpdGggYSBkZW1vbiBvd25lci4NCg0KNTQ1DQowMDoyNjozOCwyMzAgLS0+IDAwOjI2OjQw
        LDAzMA0KVHlwaWNhbGx5LCBhIHBvc3Nlc3NlZCBodW1hbi4NCg0KNTQ2DQowMDoyNjo0MCwwOTkg
        LS0+IDAwOjI2OjQxLDg3Mw0KVGhhdCdzIHdobyB3ZSd2ZSBnb3QgdG8gZmluZC4NCg0KNTQ3DQow
        MDoyNjo0MSw4NzkgLS0+IDAwOjI2OjQ0LDQ2OQ0KTm93LCBkaWQgYW55b25lIGtub3cNCndoZXJl
        IHlvdSB3ZXJlIGdvaW5nDQoNCjU0OA0KMDA6MjY6NDQsNDc1IC0tPiAwMDoyNjo0NSw2MDgNCmJl
        Zm9yZSB5b3Ugd2VyZSBhdHRhY2tlZD8NCg0KNTQ5DQowMDoyNjo0NSw4NzEgLS0+IDAwOjI2OjQ4
        LDIzOA0KSnVzdCBMdWN5LCB0aGUgcHJlc2lkZW50IG9mIEthcHBhLg0KDQo1NTANCjAwOjI2OjUw
        LDQwOSAtLT4gMDA6MjY6NTIsNDA5DQpBbmQgSSBoZWFyZCBoZXIgdGhvdWdodHMgc2F5DQpzaGUg
        aGFkIHRvIGdldCByaWQgb2YgbWUuDQoNCjU1MQ0KMDA6MjY6NTIsNDc4IC0tPiAwMDoyNjo1NCwx
        MTENCkktSSB0aG91Z2h0IHNoZSBtZWFudCBjdXQgbWUgZnJvbSBydXNoLg0KDQo1NTINCjAwOjI2
        OjU0LDE4MCAtLT4gMDA6MjY6NTYsMjEzDQpPZiBjb3Vyc2UgaXQncyBoZXIuIFNvLCB3aGF0IG5v
        dz8NCg0KNTUzDQowMDoyNjo1NiwyMTkgLS0+IDAwOjI2OjU4LDYxMg0KLSBJcyB0aGVyZSwgbGlr
        ZSwgYSBzcGVsbCB0byBkZWZlYXQgaGVyPw0KLSBPaCwgeWVzLCBvZiBjb3Vyc2UuDQoNCjU1NA0K
        MDA6MjY6NTgsNjE4IC0tPiAwMDoyNzowMCwwMTMNClNvbWV3aGVyZSBpbiB0aGF0IDIsMDAwLXBh
        Z2UgYm9vaywNCg0KNTU1DQowMDoyNzowMCwwMTkgLS0+IDAwOjI3OjAyLDQxOQ0Kb3IsIHVoLCAi
        dG9tZSwiIEkgc2hvdWxkIHNheS4NCg0KNTU2DQowMDoyNzowMiw1NTEgLS0+IDAwOjI3OjA1LDAx
        OA0KU28sIGxldCdzIGdldCByZWFkaW5nLg0KDQo1NTcNCjAwOjI3OjA1LDAyNCAtLT4gMDA6Mjc6
        MDcsMzU4DQpPciwgdXNlIHNvZGl1bSBiaWNhcmJvbmF0ZS4NCg0KNTU4DQowMDoyNzowNyw0MjYg
        LS0+IDAwOjI3OjA4LDg1OQ0KTG9vay4NCg0KNTU5DQowMDoyNzoxMCw1NjEgLS0+IDAwOjI3OjEy
        LDczNQ0KLSBPaCENCi0gTGlrZSBJIHNhaWQsDQoNCjU2MA0KMDA6Mjc6MTIsNzQxIC0tPiAwMDoy
        NzoxNSwzMDkNCnNvbWUga2luZCBvZiBoeWRyb2NobG9yaWMgYWNpZCBjb21wb3VuZC4NCg0KNTYx
        DQowMDoyNzoxNSwzNzcgLS0+IDAwOjI3OjE3LDQ5MQ0KU28gc29kaXVtIGJpY2FyYm9uYXRlIG5l
        dXRyYWxpemVzIGl0Lg0KDQo1NjINCjAwOjI3OjE4LDQxNCAtLT4gMDA6Mjc6MjEsMjgxDQpPaCwg
        d2VsbCwgc2F2ZXMgYSBsb3Qgb2YgdGltZS4NCg0KNTYzDQowMDoyNzoyMSwzNTAgLS0+IDAwOjI3
        OjIyLDk1MA0KUmlnaHQgb24uIFNvIGxldCdzIGdvIGdldCByaWQgb2YgTHVjeS4NCg0KNTY0DQow
        MDoyNzoyMiw5NTYgLS0+IDAwOjI3OjI0LDY4OQ0KU3RvcC4gV2UgY2FuJ3QganVzdCBnZXQgcmlk
        DQpvZiB0aGUgcHJlc2lkZW50IG9mIEthcHBhLg0KDQo1NjUNCjAwOjI3OjI0LDY5NSAtLT4gMDA6
        Mjc6MjYsODYyDQpXZSBjYW4sIGlmIHNoZSdzIGEgZGVtb24NCndobyBraWxsZWQgb3VyIG1vdGhl
        ci4NCg0KNTY2DQowMDoyNzoyNiw4NjggLS0+IDAwOjI3OjI5LDA5OA0KV2VsbCwgd2hhdCBpZiBz
        aGUncyBub3QsIGFuZA0KeW91IG1ha2VzIHNvbWUgY3Jhenkgc2NlbmU/DQoNCjU2Nw0KMDA6Mjc6
        MjksMTA0IC0tPiAwMDoyNzozMSw3MDUNCkd1eXM/IEFyZSB5b3Ugc2VyaW91c2x5DQpzY2FyZWQg
        YWJvdXQgcnVpbmluZyBydXNoPw0KDQo1NjgNCjAwOjI3OjMxLDcxMSAtLT4gMDA6Mjc6MzMsNzcz
        DQotIFllYWgsIEkgYW0uDQotIEkgY2FuJ3QgYmVsaWV2ZSB0aGlzLg0KDQo1NjkNCjAwOjI3OjMz
        LDc3OSAtLT4gMDA6Mjc6MzUsNjgwDQpJJ20gc29ycnkgSSB3YW50IGEgbGlmZQ0Kd2hlbiB0aGlz
        IGlzIG92ZXIuDQoNCjU3MA0KMDA6Mjc6MzUsNjg2IC0tPiAwMDoyNzozNyw1NTUNCi0gV2l0aCB0
        aGVtPyBXaHk/DQotIFllYWgsIHdpdGggdGhlbS4NCg0KNTcxDQowMDoyNzozNyw1NjEgLS0+IDAw
        OjI3OjM5LDg5NA0KQmVjYXVzZSB0aGV5IGRvbid0IGJsYW1lDQptZSBmb3IgTW9tJ3MgZGVhdGgu
        DQoNCjU3Mg0KMDA6Mjc6NDIsNDQ5IC0tPiAwMDoyNzo0Myw5MzMNCkkgZ2V0IGl0Lg0KDQo1NzMN
        CjAwOjI3OjQ0LDM3NyAtLT4gMDA6Mjc6NDcsNzc4DQpZb3UgdGhpbmsgaWYgSSdkIGFuc3dlcmVk
        IG15IHBob25lLA0KDQo1NzQNCjAwOjI3OjQ3LDkxMCAtLT4gMDA6Mjc6NDksNDc2DQp5b3Ugd291
        bGQgaGF2ZSBnb3R0ZW4gaGVyZSBpbiB0aW1lLg0KDQo1NzUNCjAwOjI3OjQ5LDU0NSAtLT4gMDA6
        Mjc6NTEsMzExDQpXZWxsLCBJIGNhbiBhc3N1cmUgeW91DQoNCjU3Ng0KMDA6Mjc6NTEsMzgwIC0t
        PiAwMDoyNzo1NCwyMTQNCkkgYmxhbWUgbXlzZWxmIGV2ZXJ5IGRheS4NCg0KNTc3DQowMDoyODow
        NiwxMzUgLS0+IDAwOjI4OjA4LDAwNg0KV2hvJ3MgdGhlcmU/DQoNCjU3OA0KMDA6Mjg6MTMsODY5
        IC0tPiAwMDoyODoxNSwwMDINCk1hZ2dpZT8NCg0KNTc5DQowMDoyODoxNiwyMDIgLS0+IDAwOjI4
        OjE3LDYwOA0KTWFnZ2llPw0KDQo1ODANCjAwOjI4OjE4LDM0MiAtLT4gMDA6Mjg6MjAsMzY3DQpX
        ZWxjb21lIHRvIEthcHBhLg0KDQo1ODENCjAwOjI4OjIwLDM3MyAtLT4gMDA6Mjg6MjQsNDA5DQpZ
        b3UgYXJlIGFsbCBub3cgb2ZmaWNpYWxseQ0KYSBwYXJ0IG9mIG91ciBzaXN0ZXJob29kLg0KDQo1
        ODINCjAwOjI4OjI0LDU0NiAtLT4gMDA6Mjg6MjUsNjc5DQpDb25ncmF0dWxhdGlvbnMuDQoNCjU4
        Mw0KMDA6Mjg6MzAsNTE5IC0tPiAwMDoyODozMiw1MTkNCkNvbWUgdXBzdGFpcnMuDQoNCjU4NA0K
        MDA6Mjg6MzIsNTI1IC0tPiAwMDoyODozNCwzMjUNCkkgaGF2ZSBzb21ldGhpbmcgc3BlY2lhbCBm
        b3IgeW91Lg0KDQo1ODUNCjAwOjI4OjM0LDkyNiAtLT4gMDA6Mjg6MzcsNTI2DQpNYWdnaWU/DQoN
        CjU4Ng0KMDA6Mjg6MzcsNTMyIC0tPiAwMDoyODo0MCw0NTkNCi0gTWFnZ2llIQ0KLSBfDQoNCjU4
        Nw0KMDA6Mjg6NDgsMjY3IC0tPiAwMDoyODo1MSw4NjgNCk1hZ2dpZT8gV2hhdCB0b29rIHlvdSBz
        byBsb25nIGluIHRoZXJlPw0KDQo1ODgNCjAwOjI4OjUxLDk4NSAtLT4gMDA6Mjg6NTQsOTE5DQot
        IE1hZ2dpZS4NCi0gSGV5LiBIaS4NCg0KNTg5DQowMDoyODo1NCw5MjUgLS0+IDAwOjI4OjU3LDQ0
        NA0KVW0sIEknbGwgYmUgYmFrLg0KDQo1OTANCjAwOjI5OjAyLDA4NCAtLT4gMDA6Mjk6MDQsNjg1
        DQpUaGVyZSBzaGUgaXMuIEdvIGZpbmQgTWFnZ2llLg0KDQo1OTENCjAwOjI5OjA4LDAzOCAtLT4g
        MDA6Mjk6MTAsNDA1DQpPaCwgaGV5LCBNZWwuDQoNCjU5Mg0KMDA6Mjk6MTAsNDExIC0tPiAwMDoy
        OToxMywxMjINCkktSSdtIHdhaXRpbmcgZm9yIHlvdXIgc2lzdGVyLA0KYnV0IHNpbmNlIHlvdSdy
        ZSBoZXJlLi4uDQoNCjU5Mw0KMDA6Mjk6MTMsMTI4IC0tPiAwMDoyOToxNSwxNjcNCkJlIGdvbmUs
        IGRlbW9uIQ0KDQo1OTQNCjAwOjI5OjE2LDUxNyAtLT4gMDA6Mjk6MTgsNTMyDQpXaGF0IHRoZSBo
        ZWxsPw0KDQo1OTUNCjAwOjI5OjE4LDYwMCAtLT4gMDA6Mjk6MjAsODAxDQotIFlvdSdyZSBub3Qg
        YSBkZW1vbj8NCi0gRXhjdXNlIG1lPw0KDQo1OTYNCjAwOjI5OjIwLDg2OSAtLT4gMDA6Mjk6MjMs
        MTM2DQpVbSwgSSBqdXN0IG1lYW4gdGhlb3JldGljYWxseS4NCg0KNTk3DQowMDoyOToyMywxNDIg
        LS0+IDAwOjI5OjI0LDg3Ng0KSSB0aGluayB5b3UncmUga2luZCBvZiBiaXRjaHkuDQoNCjU5OA0K
        MDA6Mjk6MjYsODc3IC0tPiAwMDoyOTozMCw0NDUNCkkgd2FzIG9mZmVyaW5nIHlvdSBhIGRyYW5r
        DQpmcm9tIHRoZSBzZWNyZXQgc3Rhc2gNCg0KNTk5DQowMDoyOTozMCw0NTEgLS0+IDAwOjI5OjM0
        LDA5MQ0KYmVjYXVzZSBhbGwgR3JlZWsgcGFydGllcyBhcmUNCmRyeSBub3cgc2luY2UgY29tYSBn
        aXJsLg0KDQo2MDANCjAwOjI5OjM0LDExNiAtLT4gMDA6Mjk6MzUsNzE2DQpTb3JyeS4NCg0KNjAx
        DQowMDoyOTozNywyMjIgLS0+IDAwOjI5OjM4LDc4OA0KWW91IHNlZW0gc28gc3RyZXNzZWQuDQoN
        CjYwMg0KMDA6Mjk6NDEsNzI0IC0tPiAwMDoyOTo0Miw4MjMNCklzIGl0IHJ1c2g/DQoNCjYwMw0K
        MDA6Mjk6NDIsODkxIC0tPiAwMDoyOTo0NiwyMjYNClVtLCB5ZWFoLCB5b3Uga25vdy4gTW9zdGx5
        Lg0KDQo2MDQNCjAwOjI5OjQ2LDI5NSAtLT4gMDA6Mjk6NDgsNjI4DQpZb3UgY2FyZSBzbyBtdWNo
        IGFib3V0DQp3aGF0IHBlb3BsZSB0aGluay4NCg0KNjA1DQowMDoyOTo0OCw2OTcgLS0+IDAwOjI5
        OjUwLDc5Nw0KWW91IGtub3cgdGhhdCBJIHRoaW5rIHlvdSdyZSBwZXJmZWN0Lg0KDQo2MDYNCjAw
        OjI5OjUzLDIzNSAtLT4gMDA6Mjk6NTQsODM1DQpDYW4gSSBraXNzIHlvdT8NCg0KNjA3DQowMDoy
        OTo1NCw5MDMgLS0+IDAwOjI5OjU2LDgwMw0KT25lIGxhc3QgdGltZT8NCg0KNjA4DQowMDoyOTo1
        OCw2NDAgLS0+IDAwOjMwOjAxLDAwOA0KUHJlcGFyZSB5b3Vyc2VsZiBmb3IgdGhlIGVuZC4NCg0K
        NjA5DQowMDozMDowMSwwNzYgLS0+IDAwOjMwOjAzLDMxMA0KWW91IGtub3csIEknbGwgcGFzcyBv
        biB0aGUga2lzcy4NCg0KNjEwDQowMDozMDowMywzMTYgLS0+IDAwOjMwOjA1LDAxNQ0KVG9vIGJh
        ZCwgeW91IGFscmVhZHkgc2FpZCB5ZXMuDQoNCjYxMQ0KMDA6MzA6MDUsMTQ3IC0tPiAwMDozMDow
        OCwxNDgNCldoZW4gaXQgY29tZXMgdG8gY29uc2VudCwgSSBjYW4NCmNoYW5nZSBteSBtaW5kIGF0
        IGFueSB0aW1lLg0KDQo2MTINCjAwOjMwOjEwLDA4MCAtLT4gMDA6MzA6MTEsOTc5DQpPaCwgbXkg
        R29kLCBQaWxhdGVzLg0KDQo2MTMNCjAwOjMwOjE2LDAxMyAtLT4gMDA6MzA6MTgsMjI5DQpOb3Qg
        c28gZmFzdCwgTWFncy4NCg0KNjE0DQowMDozMDoxOCwyMzUgLS0+IDAwOjMwOjE5LDYwMw0KSGVs
        cCENCg0KNjE1DQowMDozMDoyNyw2MzAgLS0+IDAwOjMwOjMxLDQ5OQ0KT2gsIG15IEdvZC4gT2gs
        IG15IEdvZCwgaXMgaGUgZHlpbmc/DQoNCjYxNg0KMDA6MzA6MzEsNTA1IC0tPiAwMDozMDozMywz
        MzANCi0gSSBkb24ndCBrbm93Lg0KLSBJcyBoZSBkeWluZz8gSGUncyBub3QgZHlpbmcsIHJpZ2h0
        Pw0KDQo2MTcNCjAwOjMwOjMzLDMzNiAtLT4gMDA6MzA6MzUsNDI1DQotIEl0J3MganVzdCB0aGUg
        ZGVtb24/DQotIEkgZG9uJ3Qga25vdy4NCg0KNjE4DQowMDozMDo0NSw1ODIgLS0+IDAwOjMwOjQ3
        LDQ0OA0KT2gsIHRoYW5rIEdvZC4NCg0KNjE5DQowMDozMDo0OSw1MjEgLS0+IDAwOjMwOjUxLDE1
        Mg0KV2hhdCBoYXBwZW5lZD8NCg0KNjIwDQowMDozMDo1NSwwNTggLS0+IDAwOjMwOjU3LDU5NA0K
        SSdtIGp1c3Qgc2F5aW5nLCB0aGF0IHdhcyBhIGtpc3MuDQoNCjYyMQ0KMDA6MzA6NTgsMjYxIC0t
        PiAwMDozMTowMCwwMjcNCkl0IHdhcyBhbGwgdGhlIGFkcmVuYWxpbmUuDQoNCjYyMg0KMDA6MzE6
        MDAsMDk2IC0tPiAwMDozMTowMSw2NjINCkluIGZhY3QsIGFkcmVuYWxpbmUNCmRvZXNuJ3QgaGF2
        ZSBtdWNoIGVmZmVjdA0KDQo2MjMNCjAwOjMxOjAxLDY2OCAtLT4gMDA6MzE6MDMsMzY4DQpvbiBo
        dW1hbiBlbW90aW9ucyBiZXNpZGVzDQp0aGUgZmVhciByZXNwb25zZS4NCg0KNjI0DQowMDozMTow
        MywzNzQgLS0+IDAwOjMxOjA1LDE2Mg0KT2gsIG15IEdvZCwgaWYgeW91J2QNCmJlZW4gbXkgc2lz
        dGVyIGxvbmdlciwNCg0KNjI1DQowMDozMTowNSwxNjggLS0+IDAwOjMxOjA3LDQzNQ0KSSdkIHRl
        bGwgeW91IHRvIHNodXQgdXAuDQoNCjYyNg0KMDA6MzE6MDcsNTAzIC0tPiAwMDozMToxMCwzMzgN
        CkhlJ3MganVzdCBub3Qgd2hvIEkgc2VlDQpteXNlbGYgd2l0aCBsb25nLXRlcm0uDQoNCjYyNw0K
        MDA6MzE6MTIsMTQ5IC0tPiAwMDozMToxMyw2MDgNCk15IEdvZCwgYXJlIHlvdSBmb3IgcmVhbCBw
        b3V0aW5nDQoNCjYyOA0KMDA6MzE6MTMsNjE0IC0tPiAwMDozMToxNCw5MzgNCmJlY2F1c2UgeW91
        IG1pc3NlZCBvdXQgb24gdGhlIGZpZ2h0Pw0KDQo2MjkNCjAwOjMxOjE0LDk0NCAtLT4gMDA6MzE6
        MTcsMjc4DQpJJ20gbm90IHBvdXRpbmcuIEkgZG9uJ3QgcG91dC4NCg0KNjMwDQowMDozMToxNywz
        NDcgLS0+IDAwOjMxOjIwLDM4MQ0KLSBJbXBhcnRpYWwgb2JzZXJ2ZXIuIFlvdSBwb3V0Lg0KLSBZ
        ZWFoLg0KDQo2MzENCjAwOjMxOjIwLDQ1MCAtLT4gMDA6MzE6MjMsMzg0DQpJdCdzIGp1c3QgSSBm
        aW5hbGx5IGZpZ3VyZWQNCm91dCBob3cgdG8gZnJlZXplIHRoaW5ncywNCg0KNjMyDQowMDozMToy
        Myw0NTMgLS0+IDAwOjMxOjI1LDE1Mg0KYW5kIEkgd2FzIGV4Y2l0ZWQgdG8gdHJ5IGl0Lg0KDQo2
        MzMNCjAwOjMxOjI1LDE1OCAtLT4gMDA6MzE6MjYsMzkxDQpTbyBob3cnZCB5b3UgZG8gaXQ/DQoN
        CjYzNA0KMDA6MzE6MjYsMzk3IC0tPiAwMDozMToyNyw1MTcNCldoYXRldmVyLiBJdCdzIG5vdCBp
        bXBvcnRhbnQuDQoNCjYzNQ0KMDA6MzE6MjcsNTIzIC0tPiAwMDozMToyOSwwNTYNCkNvbWUgb24s
        IGFjdGlvbiwgcmVhY3Rpb24uDQoNCjYzNg0KMDA6MzE6MjksMDYyIC0tPiAwMDozMTozMCwyNTMN
        CldoYXQgd2FzIGl0PyBXaGF0IGNoYW5nZWQ/DQoNCjYzNw0KMDA6MzE6MzAsMjU5IC0tPiAwMDoz
        MTozNCwyMjgNCkhtbT8NCg0KNjM4DQowMDozMTozNSwwNjAgLS0+IDAwOjMxOjM4LDM2Ng0KSXQg
        d29ya3Mgd2hlbiBJIGFtIG5vdCBhbmdyeS4NCg0KNjM5DQowMDozMTo0MCw5NzAgLS0+IDAwOjMx
        OjQyLDcwMw0KT2gsIG15IEdvZC4NCg0KNjQwDQowMDozMTo0Miw3NzIgLS0+IDAwOjMxOjQ1LDAz
        OQ0KWW91ciBwb3dlcnMgYXJlIGp1ZGdpbmcgeW91Lg0KDQo2NDENCjAwOjMxOjQ1LDA0NSAtLT4g
        MDA6MzE6NDcsNDEyDQpIYS1oYS1oYSwgaXQncyBoaWxhcmlvdXMuDQoNCjY0Mg0KMDA6MzE6NDcs
        NTQzIC0tPiAwMDozMTo0OSwxNDMNCkl0IGlzLg0KDQo2NDMNCjAwOjMxOjQ5LDIxMiAtLT4gMDA6
        MzE6NTEsOTExDQpCdXQgSSwgdWgsIGRpZCB3YW50IHRvIHNheS4uLg0KDQo2NDQNCjAwOjMxOjUz
        LDUyMCAtLT4gMDA6MzE6NTYsOTE3DQpJJ20gc29ycnkgYW5kIEkgZG9uJ3QgYmxhbWUgeW91Lg0K
        DQo2NDUNCjAwOjMxOjU2LDk4NiAtLT4gMDA6MzE6NTksMjUzDQpJIGJsYW1lIG15c2VsZi4NCg0K
        NjQ2DQowMDozMTo1OSwzMjIgLS0+IDAwOjMyOjAxLDkyNA0KSSBrbmV3IHNvbWV0aGluZyB3YXNu
        J3QNCnJpZ2h0IHRoYXQgbmlnaHQuDQoNCjY0Nw0KMDA6MzI6MDIsNzI1IC0tPiAwMDozMjowNSw2
        OTMNCkkga25ldywgYnV0IEkgc3RpbGwgd2FudGVkDQp0byBsZWF2ZSB0aGUgaG91c2UgYW5kLi4u
        DQoNCjY0OA0KMDA6MzI6MDUsNjk5IC0tPiAwMDozMjowNywwNjkNClN0b3AuDQoNCjY0OQ0KMDA6
        MzI6MDgsMjY1IC0tPiAwMDozMjowOSw2NjkNCkl0J3Mgbm90IHlvdXIgZmF1bHQsIGVpdGhlci4N
        Cg0KNjUwDQowMDozMjowOSw3MzIgLS0+IDAwOjMyOjExLDIzMg0KSSBzaG91bGRuJ3QgaGF2ZSBz
        aHV0IHlvdSBvdXQuDQoNCjY1MQ0KMDA6MzI6MTEsMzAwIC0tPiAwMDozMjoxMywyMzQNCkkgYW0g
        eW91ciBiaWcgc2lzdGVyLg0KDQo2NTINCjAwOjMyOjEzLDY0NyAtLT4gMDA6MzI6MTYsMjMzDQpJ
        J20gc3VwcG9zZWQgdG8gbnVydHVyZQ0KeW91IHNvIGhhcmQsIHlvdSBrbm93Pw0KDQo2NTMNCjAw
        OjMyOjE5LDAwMCAtLT4gMDA6MzI6MjEsMzA1DQpIZXksIG5vdyBzZWU/DQoNCjY1NA0KMDA6MzI6
        MjEsNTc3IC0tPiAwMDozMjoyMyw0NDQNClRoaXMgaXMgZ29vZC4NCg0KNjU1DQowMDozMjoyMyw1
        MTMgLS0+IDAwOjMyOjI1LDUxMw0KWW91IHR3byBhcmUgc28gbXVjaCBiZXR0ZXIgdG9nZXRoZXIu
        DQoNCjY1Ng0KMDA6MzI6MjYsMjk2IC0tPiAwMDozMjoyOCw1ODENCk1vbSBzYWlkIHRoYXQuDQoN
        CjY1Nw0KMDA6MzI6MzIsMTU1IC0tPiAwMDozMjozMyw4ODgNClNvIHdoYXQgd2FzIHNoZSBsaWtl
        Pw0KDQo2NTgNCjAwOjMyOjM0LDc0MyAtLT4gMDA6MzI6MzcsNzI1DQpXZWxsLCBsdWNreSBmb3Ig
        eW91LA0KSSBhbSBhIGZpcm0gYmVsaWV2ZXINCg0KNjU5DQowMDozMjozNyw3MzEgLS0+IDAwOjMy
        OjM5LDY2NA0KdGhhdCBpZiBpdCdzIG5vdCBvbg0KY2FtZXJhIGl0IGRpZG4ndCBoYXBwZW4uDQoN
        CjY2MA0KMDA6MzI6NDQsMzY3IC0tPiAwMDozMjo0NiwzMDANCi0gQ2FrZSENCi0gTm8sIGhpZ2hl
        ciBhbmdsZS4NCg0KNjYxDQowMDozMjo0NiwzNjkgLS0+IDAwOjMyOjQ3LDgwMg0KUGxlYXNlLiBJ
        dCdzIGdvaW5nIG9uIEluc3RhZ3JhbS4NCg0KNjYyDQowMDozMjo0Nyw4NzAgLS0+IDAwOjMyOjQ5
        LDI3MA0KT2gsIGRvbid0IGJlIHNpbGx5LiBZb3UgbG9vayBiZWF1dGlmdWwuDQoNCjY2Mw0KMDA6
        MzI6NDksMjc2IC0tPiAwMDozMjo1MCw2NzYNCkkgYW0gc28gcHJvdWQgb2YgeW91Lg0KDQo2NjQN
        CjAwOjMyOjUyLDY0MCAtLT4gMDA6MzI6NTQsNDQyDQpJJ20gcHJvdWQgb2YgeW91IGJvdGguDQoN
        CjY2NQ0KMDA6MzM6MDAsNzgzIC0tPiAwMDozMzowNCwyNDYNCllvdSBrbm93LCB3aGVuIEkgd2Fz
        IG5pbmUsDQphdCBhIGJpcnRoZGF5IHBhcnR5LCBJIHdhcy4uLg0KDQo2NjYNCjAwOjMzOjA1LDA1
        NCAtLT4gMDA6MzM6MDksMDM1DQpJIHdhcyBzbyBzdXJlIHNoZSBjb250YWN0ZWQNCm1lIHRocm91
        Z2ggYSBPdWlqYSBib2FyZC4NCg0KNjY3DQowMDozMzowOSw4OTIgLS0+IDAwOjMzOjExLDY4OA0K
        SGV5LCBtYXliZSBzaGUgZGlkLg0KDQo2NjgNCjAwOjMzOjEyLDU2MiAtLT4gMDA6MzM6MTQsMTI4
        DQpZb3Uga25vdywgc2hlIHByb2JhYmx5IGNvdWxkLg0KDQo2NjkNCjAwOjMzOjE0LDE5NyAtLT4g
        MDA6MzM6MTYsNDA5DQpZZWFoLCBtYXliZS4NCg0KNjcwDQowMDozMzoxNywxMDggLS0+IDAwOjMz
        OjE4LDc2Ng0KWW91J3JlIHJpZ2h0LiBTaGUgc2VlbXMgZ3JlYXQuDQoNCjY3MQ0KMDA6MzM6MjEs
        NzgzIC0tPiAwMDozMzoyNCw1NzINCkJ1dCBzaGUgYWxzbyBsZWZ0IG1lLCBzby4uLg0KDQo2NzIN
        CjAwOjMzOjI2LDkzMCAtLT4gMDA6MzM6MjgsMzY2DQpPaCwgbm8uDQoNCjY3Mw0KMDA6MzM6Mjks
        MjM5IC0tPiAwMDozMzozMSw0MDYNCllvdSB3ZXJlIHJlYWxseSBsb25lbHkgZ3Jvd2luZyB1cC4N
        Cg0KNjc0DQowMDozMzozMiw5NDQgLS0+IDAwOjMzOjM1LDAxNQ0KSSdtIHNvcnJ5LiBJIHJlYWQg
        eW91ciB0aG91Z2h0cy4NCg0KNjc1DQowMDozMzozNSwwMjEgLS0+IDAwOjMzOjM2LDA3OQ0KWS1Z
        ZWFoLg0KDQo2NzYNCjAwOjMzOjM3LDU2MSAtLT4gMDA6MzM6MzksNzU0DQpZZWFoLCBJLUkgZ3Vl
        c3Mgc29tZXRpbWVzIEkgd2FzLg0KDQo2NzcNCjAwOjMzOjQyLDU5MiAtLT4gMDA6MzM6NDQsNzky
        DQpJIGRlZmluaXRlbHkgZGlkbid0IGhhdmUgdGhpcy4NCg0KNjc4DQowMDozMzo0NSwxMzggLS0+
        IDAwOjMzOjQ3LDU4NA0KU29ycnkuIFRoaXMgaXMgcmlkaWN1bG91cy4NCg0KNjc5DQowMDozMzo0
        Nyw1OTAgLS0+IDAwOjMzOjQ5LDk5MA0KSSd2ZSBjcmllZCB0d2ljZSBpbiBteSBsaWZlLg0KDQo2
        ODANCjAwOjMzOjUwLDMzMyAtLT4gMDA6MzM6NTIsNjMzDQpPaCwgaXQncyBva2F5LiBXZS4uLg0K
        DQo2ODENCjAwOjMzOjUyLDc2NCAtLT4gMDA6MzM6NTQsMTk3DQpXZSBjcnkgYWxsIHRoZSB0aW1l
        IGFyb3VuZCBoZXJlLg0KDQo2ODINCjAwOjMzOjU0LDIwMyAtLT4gMDA6MzM6NTUsODcwDQpUb3Rh
        bGx5Lg0KDQo2ODMNCjAwOjMzOjU1LDkzOCAtLT4gMDA6MzM6NTcsNTA1DQpPa2F5Lg0KDQo2ODQN
        CjAwOjMzOjU4LDYzNyAtLT4gMDA6MzQ6MDIsMzc2DQpBbnl3YXksIEknbSBsZWFuaW5nIHRvd2Fy
        ZHMgeWVzIHRvbW9ycm93DQoNCjY4NQ0KMDA6MzQ6MDIsNDQ1IC0tPiAwMDozNDowNCwyMzMNCm9u
        IHRoZSB3aG9sZSB3aXRjaCB0aGluZywNCg0KNjg2DQowMDozNDowNCwyMzkgLS0+IDAwOjM0OjA2
        LDc3Mw0KYnV0IHdoYXRldmVyIHlvdSBib3RoDQpjaG9vc2UgSSdsbCBiZSBjb29sIHdpdGguDQoN
        CjY4Nw0KMDA6MzQ6MDcsODUwIC0tPiAwMDozNDowOCw5ODMNClRoYW5rIHlvdS4NCg0KNjg4DQow
        MDozNDowOSwwNTEgLS0+IDAwOjM0OjEwLDE1MQ0KSSBtZWFuLCBjb21lIG9uLg0KDQo2ODkNCjAw
        OjM0OjEwLDIxOSAtLT4gMDA6MzQ6MTIsNDYxDQpZb3UgYm90aCBoYWQgbWFkDQplbmRvcnBoaW4g
        cnVzaGVzLCByaWdodD8NCg0KNjkwDQowMDozNDoxMiw0NjcgLS0+IDAwOjM0OjE0LDIzNA0KVGhh
        dCB3YXMgbmV4dCBsZXZlbC4NCg0KNjkxDQowMDozNDoxNCwyNDAgLS0+IDAwOjM0OjE3LDAzNw0K
        QW5kIGNsZWFybHkgaXQgd2FzIE1vbSdzIGR5aW5nIHdpc2guDQoNCjY5Mg0KMDA6MzQ6MTcsNTQy
        IC0tPiAwMDozNDoyMCw2NzQNClNvcnJ5LCB0aGlzIGlzIHdoYXQgc2hlIGRvZXMuDQoNCjY5Mw0K
        MDA6MzQ6MjAsNjgwIC0tPiAwMDozNDoyMywwNDcNCkNhbiB3ZSBnbyBiYWNrIHRvIHdoYXRldmVy
        DQp3ZSBkbywgeW91J3JlIGNvb2w/DQoNCjY5NA0KMDA6MzQ6MjQsMzkyIC0tPiAwMDozNDoyNSw2
        NTgNCkkgYW0gY29vbC4NCg0KNjk1DQowMDozNDoyNSw5NTEgLS0+IDAwOjM0OjI3LDc1MQ0KSSdt
        IHRyeWluZyB0byBiZSBjb29sLg0KDQo2OTYNCjAwOjM0OjI3LDgyMCAtLT4gMDA6MzQ6MzAsMDUz
        DQpJIHdhbnQgdG8gYmUgY29vbC4NCg0KNjk3DQowMDozNDozMywzMTcgLS0+IDAwOjM0OjM1LDg1
        MQ0KWW91IGFyZSB0aGUgQ2hhcm1lZCBPbmVzLA0KDQo2OTgNCjAwOjM0OjM1LDg1NyAtLT4gMDA6
        MzQ6MzcsNzAwDQp3aXRjaGVzIHdobyBhcmUgZGVzdGluZWQNCnRvIHNhdmUgdGhlIHdvcmxkLg0K
        DQo2OTkNCjAwOjM0OjM3LDcwNiAtLT4gMDA6MzQ6MzksMTA1DQpUaGUgZGVtb24gd2hvIGtpbGxl
        ZCBvdXIgbW90aGVyLg0KDQo3MDANCjAwOjM0OjM5LDExMSAtLT4gMDA6MzQ6NDAsNjQ0DQpXZSBj
        YW4gZmlndXJlIG91dCB3aG8ga2lsbGVkIGhlci4NCg0KNzAxDQowMDozNDo0MywwMDEgLS0+IDAw
        OjM0OjQ0LDczNQ0KVGhlcmUgd2FzIGljZSBhdCB0aGUgc2NlbmUuDQoNCjcwMg0KMDA6MzQ6NDQs
        ODAzIC0tPiAwMDozNDo0NywwMDMNCldlIGNhbiBmaWd1cmUgb3V0IHdobyBraWxsZWQgaGVyLg0K
        DQo3MDMNCjAwOjM0OjQ3LDA3MiAtLT4gMDA6MzQ6NDgsODM5DQpDb2xkIGlzIGEgY2hhcmFjdGVy
        aXN0aWMuIENvbGQuDQoNCjcwNA0KMDA6MzQ6NDgsODQ1IC0tPiAwMDozNDo1MCwxNDQNClRoZXJl
        IGFyZSBsaXRlcmFsbHkgdGhvdXNhbmRzIG9mDQoNCjcwNQ0KMDA6MzQ6NTAsMTUwIC0tPiAwMDoz
        NDo1MSw3NzQNCmRpZmZlcmVudCBkZW1vbnMgYXNzb2NpYXRlZCB3aXRoIGNvbGQuDQoNCjcwNg0K
        MDA6MzQ6NTUsMTQ3IC0tPiAwMDozNDo1OCwyMzQNCkRvIEkgbG9vayByaWdodGVvdXNseSBhbmdy
        eSwNCmxpa2UgSSdkIGZpdCBpbiBhdCBhIHJhbGx5Pw0KDQo3MDcNCjAwOjM0OjU4LDI0MCAtLT4g
        MDA6MzU6MDAsNjExDQpZb3UgbG9vayBnb29kLiBMaXN0ZW4sDQppdCB3YXNuJ3QgY29sZCwgcmln
        aHQ/DQoNCjcwOA0KMDA6MzU6MDAsNjE3IC0tPiAwMDozNTowMiwwODMNCldoYXQ/IFNvcnJ5Lg0K
        DQo3MDkNCjAwOjM1OjAyLDE1MiAtLT4gMDA6MzU6MDQsMDg1DQpJIGhhdmVuJ3Qgc2xlcHQuIEkn
        bSBhIHNjaWVudGlzdC4NCg0KNzEwDQowMDozNTowNCwxNTQgLS0+IDAwOjM1OjA2LDYyMQ0KRXZp
        ZGVuY2UgaXMgcmVwZWF0YWJsZSBhbmQgd2l0aA0KRGVtb24gQnJpYW4gaXQgd2Fzbid0IGNvbGQs
        DQoNCjcxMQ0KMDA6MzU6MDYsNjI3IC0tPiAwMDozNTowOCw1OTMNCndoaWNoIG1lYW5zIGhlIHdh
        c24ndCB0aGUNCmRlbW9uIHdobyBraWxsZWQgb3VyIG1vdGhlci4NCg0KNzEyDQowMDozNTowOCw1
        OTkgLS0+IDAwOjM1OjEwLDM2OA0KQW5kIGNyb3dzLiBZb3Ugc2FpZCB0aGVyZSB3ZXJlIGNyb3dz
        LA0KDQo3MTMNCjAwOjM1OjEwLDM3NCAtLT4gMDA6MzU6MTIsNzI1DQpzbyBJIHN0YXJ0ZWQgdGhp
        bmtpbmcgbWF5YmUNCnRoZXJlJ3MgYW4gb3JuaXRob2xvZ3kgYW5nbGUuDQoNCjcxNA0KMDA6MzU6
        MTIsNzMxIC0tPiAwMDozNToxNCw2OTcNClBsdXMgdGhlIGNvbGQgZmFjdG9yLi4uDQoNCjcxNQ0K
        MDA6MzU6MTQsOTk4IC0tPiAwMDozNToxNiw5OTgNCldhaXQuIE1lbC4gTGV0J3MgZ2V0IE1lbC4N
        Cg0KNzE2DQowMDozNToxNywwMDQgLS0+IDAwOjM1OjE4LDc3MA0KU2hlJ3MgYWxyZWFkeSBhdCB0
        aGUgcmFsbHkNCg0KNzE3DQowMDozNToxOSwxMjIgLS0+IDAwOjM1OjIxLDk2Mg0KdG8gcHJvdGVz
        dCBQcm9mZXNzb3INClRoYWluZSdzIHJlaW5zdGF0ZW1lbnQuDQoNCjcxOA0KMDA6MzU6MjMsMDgx
        IC0tPiAwMDozNToyNCw4MjINCk9oLCBuby4NCg0KNzE5DQowMDozNToyOSw4NDYgLS0+IDAwOjM1
        OjMyLDQ4MA0KV2UgYmVsaWV2ZSB0aGUgd29tZW4hDQpXZSBiZWxpZXZlIHRoZSB3b21lbiENCg0K
        NzIwDQowMDozNTozMiw1NDkgLS0+IDAwOjM1OjM0LDI4Mg0KV2UgYmVsaWV2ZSB0aGUgd29tZW4h
        DQoNCjcyMQ0KMDA6MzU6MzQsMzUxIC0tPiAwMDozNTozNiwyNTENCk5vdCBhbGwgbWVuISBOb3Qg
        YWxsIG1lbiEgTm90IGFsbCBtZW4hDQoNCjcyMg0KMDA6MzU6MzYsMzE5IC0tPiAwMDozNTozOSww
        NTQNCk5vdCBhbGwgbWVuISBOb3QgYWxsIG1lbiEgTm90IGFsbCBtZW4hDQoNCjcyMw0KMDA6MzU6
        NDYsNjYzIC0tPiAwMDozNTo0OSwyMzANCkl0J3MgYSBiZWF1dGlmdWwgZGF5Lg0KDQo3MjQNCjAw
        OjM2OjM3LDc5OCAtLT4gMDA6MzY6NDAsMzY2DQpNZWxhbmllIFZlcmEuDQoNCjcyNQ0KMDA6MzY6
        NDIsNTE0IC0tPiAwMDozNjo0NCw0MjcNCldlIG1lZXQgYXQgbGFzdC4NCg0KNzI2DQowMDozNjo0
        OCwzMjcgLS0+IDAwOjM2OjQ5LDk1Mw0KQWNjb3JkaW5nIHRvIFRoZSBCb29rIG9mIFNoYWRvd3Ms
        DQoNCjcyNw0KMDA6MzY6NDksOTU5IC0tPiAwMDozNjo1MSw3MjYNCmhpcyBkZW1vbiBuYW1lIGlz
        IFRheWRldXMuDQoNCjcyOA0KMDA6MzY6NTEsNzMyIC0tPiAwMDozNjo1Myw3ODgNCkhlJ3MgYW4g
        dXBwZXItbGV2ZWwgZGVtb24NCndobydzIGxpdmVkIGZvciBjZW50dXJpZXMNCg0KNzI5DQowMDoz
        Njo1Myw3OTQgLS0+IDAwOjM2OjU2LDA2Nw0KZmVlZGluZyBvZmYgb2Ygc3Ryb25nIHdvbWVuLA0K
        ZHJhaW5pbmcgdGhlaXIgc3RyZW5ndGguDQoNCjczMA0KMDA6MzY6NTksNDk4IC0tPiAwMDozNzow
        MiwwODQNCllvdSBjYW4ndCBnbyBpbiB0aGVyZS4gSSB0b2xkIHlvdS4NCg0KNzMxDQowMDozNzow
        MiwwOTAgLS0+IDAwOjM3OjAzLDc5MA0KWW91IGFyZW4ndCBhbGxvd2VkLi4uDQoNCjczMg0KMDA6
        Mzc6MDQsNDg2IC0tPiAwMDozNzowNiw0NTINCldlbGwsIGhlbGxvLg0KDQo3MzMNCjAwOjM3OjA2
        LDgzNSAtLT4gMDA6Mzc6MDgsODg5DQpTaXI/IEFyZSB5b3UuLi4NCg0KNzM0DQowMDozNzowOSwz
        MDggLS0+IDAwOjM3OjEwLDc3NA0KV2VhcmluZyBhIGNvc3R1bWU/DQoNCjczNQ0KMDA6Mzc6MTAs
        OTY4IC0tPiAwMDozNzoxNCwzMDMNCk5vLCBDYW1lcm9uLCBJJ20gbm90IHdlYXJpbmcgYSBjb3N0
        dW1lLg0KDQo3MzYNCjAwOjM3OjE3LDQ5NCAtLT4gMDA6Mzc6MjAsNDYxDQpPaCwgY29tZSBvbiwg
        Z2lybHMuIEhlJ3MgYXdmdWwuDQoNCjczNw0KMDA6Mzc6MjgsODM0IC0tPiAwMDozNzozMCw5MzQN
        Cldob2EuIFJpZ2h0Pw0KDQo3MzgNCjAwOjM3OjMxLDI2OCAtLT4gMDA6Mzc6MzMsMzAxDQpJIGNh
        bid0IGhvbGQgaGltLiBIZSdzIHRvbyBzdHJvbmcuDQoNCjczOQ0KMDA6Mzc6MzMsMzA3IC0tPiAw
        MDozNzozNCw1NzMNCkhvdyBkbyB3ZSBnZXQgcmlkIG9mIGhpbT8NCg0KNzQwDQowMDozNzozNCw2
        NDEgLS0+IDAwOjM3OjM2LDA3NA0KSS1JIGhhdmUgdGhlIHNwZWxsIGhlcmUuDQoNCjc0MQ0KMDA6
        Mzc6MzYsMDgwIC0tPiAwMDozNzozOCwyMDANCldlJ3JlLXdlJ3JlIHN1cHBvc2VkDQp0byBjYWxs
        IEhhcnJ5LiBIYXJyeSENCg0KNzQyDQowMDozNzozOSw0MDcgLS0+IDAwOjM3OjQwLDg0MA0KT2gs
        IGRlYXIuDQoNCjc0Mw0KMDA6Mzc6NDAsODQ2IC0tPiAwMDozNzo0MiwyNzkNCkdvLiBIZWFsIGhp
        bS4NCg0KNzQ0DQowMDozNzo0MiwzNDcgLS0+IDAwOjM3OjQzLDk4MA0KSHVycnkhDQoNCjc0NQ0K
        MDA6Mzc6NDcsMTI4IC0tPiAwMDozNzo0OSw3MjkNClRpbW9yIHR1dXMgZm9ydGl0dWRlDQoNCjc0
        Ng0KMDA6Mzc6NDksNzM1IC0tPiAwMDozNzo1MSw5MDINCnR1YSBmZW1pbmFlIHVsdGltdW0gZXhp
        dGl1bS4NCg0KNzQ3DQowMDozNzo1MSw5MDggLS0+IDAwOjM3OjU0LDA5Mw0KVGhlIHNwZWxsIHdv
        bid0IHdvcmsgdW5sZXNzDQp5b3UgdXNlIHRoZSBQb3dlciBvZiBUaHJlZS4NCg0KNzQ4DQowMDoz
        Nzo1NCwwOTkgLS0+IDAwOjM3OjU3LDYwMQ0KRWl0aGVyIGFjY2VwdCB5b3VyIGRlc3Rpbnkgb3IN
        CmdvIGJhY2sgdG8geW91ciBub3JtYWwgbGl2ZXMuDQoNCjc0OQ0KMDA6Mzc6NTcsNjcwIC0tPiAw
        MDozNzo1OSwwNzkNClJpZ2h0LCBidXQgeW91IHNhaWQgYWxsIG1hZ2ljYWwNCg0KNzUwDQowMDoz
        Nzo1OSwwODUgLS0+IDAwOjM4OjAwLDc2Ng0KaW50ZXJ2ZW50aW9uIHJldmVyc2VzIGlmIHdlIHJl
        ZnVzZS4NCg0KNzUxDQowMDozODowMCw3NzcgLS0+IDAwOjM4OjAzLDkwMw0KWW91IHdvbid0IHJl
        bWVtYmVyIGFueSBvZiB0aGlzLA0KaW5jbHVkaW5nIG1lZXRpbmcgZWFjaCBvdGhlci4NCg0KNzUy
        DQowMDozODowMyw5MDkgLS0+IDAwOjM4OjA2LDQxMA0KT2theS4gWW91IGtub3cgSSdtIGluLg0K
        DQo3NTMNCjAwOjM4OjA2LDQ3OSAtLT4gMDA6Mzg6MDgsNjEyDQpJIHdhbnQgdG8ga25vdyB5b3Ug
        Z3V5cw0KDQo3NTQNCjAwOjM4OjA4LDY4MSAtLT4gMDA6Mzg6MTEsNzkxDQphbmQgZmlndXJlIG91
        dCB0aGlzDQp3aG9sZSB3aXRjaGNyYWZ0IHRoaW5nDQoNCjc1NQ0KMDA6Mzg6MTEsNzk3IC0tPiAw
        MDozODoxMyw0MzcNCm9uIGEgbW9sZWN1bGFyIGxldmVsIGFuZCBnZXQgYSBmcmVha2luZw0KDQo3
        NTYNCjAwOjM4OjEzLDQ0MyAtLT4gMDA6Mzg6MTUsMjc0DQpOb2JlbCBQcml6ZSwgc28geWVhaCwg
        bWUsIHRvby4NCg0KNzU3DQowMDozODoxNSw3NTUgLS0+IDAwOjM4OjE3LDg1NQ0KT2guIE1hZ2dp
        ZSENCg0KNzU4DQowMDozODoxNyw5MjMgLS0+IDAwOjM4OjIwLDAwNA0KT2theSwgZmluZSEgSSdt
        IGluISBJJ20gaW4uDQoNCjc1OQ0KMDA6Mzg6MjAsMDEwIC0tPiAwMDozODoyMSw1NDYNCkh1cnJ5
        LiBZb3UgaGF2ZSB0byBqb2luIGhhbmRzLg0KDQo3NjANCjAwOjM4OjQ0LDA0MSAtLT4gMDA6Mzg6
        NDUsMzc0DQpJIGNhbid0IGJyZWF0aGUuDQoNCjc2MQ0KMDA6Mzg6NDUsMzgwIC0tPiAwMDozODo0
        NywxNDYNCk1hY3ksIHVzZSB5b3VyIHBvd2VyLg0KDQo3NjINCjAwOjM4OjQ3LDI3OCAtLT4gMDA6
        Mzg6NDgsNzc3DQpEcmF3IHlvdXIgc2lzdGVycyB0byB5b3UuDQoNCjc2Mw0KMDA6Mzg6NDgsODQ2
        IC0tPiAwMDozODo1MCw3NzkNCkktSS4uLg0KDQo3NjQNCjAwOjM4OjU3LDAyMSAtLT4gMDA6Mzk6
        MDEsNDE3DQpUaW1vciB0dXVzIGZvcnRpdHVkZSB0dWENCmZlbWluYWUgdWx0aW11bSBleGl0aXVt
        Lg0KDQo3NjUNCjAwOjM5OjAyLDEyNiAtLT4gMDA6Mzk6MDUsNzU3DQpUaW1vciB0dXVzIGZvcnRp
        dHVkZQ0KdHVhIGZlbWluYWUgdWx0aW11bSBleGl0aXVtLg0KDQo3NjYNCjAwOjM5OjA1LDg2MyAt
        LT4gMDA6Mzk6MDksNTk4DQpUaW1vciB0dXVzIGZvcnRpdHVkZSB0dWENCmZlbWluYWUgdWx0aW11
        bSBleGl0aXVtLg0KDQo3NjcNCjAwOjM5OjEwLDE4MiAtLT4gMDA6Mzk6MTQsNDAzDQpUaW1vciB0
        dXVzIGZvcnRpdHVkZSB0dWENCmZlbWluYWUgdWx0aW11bSBleGl0aXVtLg0KDQo3NjgNCjAwOjM5
        OjIyLDM4MCAtLT4gMDA6Mzk6MjQsNjM0DQpUaGF0J3MgZm9yIGtpbGxpbmcgb3VyIG1vdGhlci4N
        Cg0KNzY5DQowMDozOToyNCw3MTYgLS0+IDAwOjM5OjI2LDk4Mw0KWW91IHRoaW5rIEkga2lsbGVk
        IGhlcj8NCg0KNzcwDQowMDozOToyNyw2ODUgLS0+IDAwOjM5OjMwLDgxOQ0KWW91IHBvb3IsIHN0
        dXBpZCBnaXJsLg0KDQo3NzENCjAwOjM5OjMwLDg4OCAtLT4gMDA6Mzk6MzIsODU1DQpOb3cuLi4N
        Cg0KNzcyDQowMDozOTozMiw5MjMgLS0+IDAwOjM5OjM1LDA5MA0KSXQncyBiZWd1bi4NCg0KNzcz
        DQowMDozOTo0NCw5NzggLS0+IDAwOjM5OjQ3LDI2OQ0KLSBJcyBoZS4uLj8NCi0gRGVhZD8NCg0K
        Nzc0DQowMDozOTo0OCwxNDIgLS0+IDAwOjM5OjQ5LDY3MQ0KWWVzLg0KDQo3NzUNCjAwOjM5OjQ5
        LDc0MCAtLT4gMDA6Mzk6NTEsNjQwDQpXaHkgZGlkbid0IGhlIGRpc2FwcGVhciwgdGhlbj8NCg0K
        Nzc2DQowMDozOTo1MiwzMTUgLS0+IDAwOjM5OjUzLDU3MQ0KT2gsIG5vLg0KDQo3NzcNCjAwOjM5
        OjUzLDU3NyAtLT4gMDA6Mzk6NTUsNTQ0DQpUaGlzIG11c3QgYmUgdGhlIGtpbmQgb2YNCmRlbW9u
        IHdoZXJlIHlvdSBoYXZlIHRvIGRvDQoNCjc3OA0KMDA6Mzk6NTUsNTUwIC0tPiAwMDozOTo1OCwy
        MTcNCm9uZSBsYXN0IHRoaW5nIHRvIGdldCBoaW0gdG8gZGlzYXBwZWFyLg0KDQo3NzkNCjAwOjM5
        OjU4LDM0OSAtLT4gMDA6NDA6MDAsMTQ5DQpDcmFjayB0aGUgbmVjaywgcmVtb3ZlIHRoZSBleWVi
        YWxscywNCg0KNzgwDQowMDo0MDowMCwyMTcgLS0+IDAwOjQwOjAxLDg1MA0KZWF0IHRoZSBpbnRl
        c3RpbmUuDQoNCjc4MQ0KMDA6NDA6MDUsODkwIC0tPiAwMDo0MDowOCw0OTANCk9ubHkga2lkZGlu
        Zy4gU29tZXRpbWVzDQppdCBqdXN0IHRha2VzIGEgbWludXRlLg0KDQo3ODINCjAwOjQwOjA5LDA5
        MCAtLT4gMDA6NDA6MTAsNDkyDQpXaGF0IHdhcyB0aGF0Pw0KDQo3ODMNCjAwOjQwOjEzLDUyNyAt
        LT4gMDA6NDA6MTUsMzYwDQpEb24ndCB3b3JyeS4gSSdsbCB3aXBlIGhpcyBtZW1vcnkuDQoNCjc4
        NA0KMDA6NDA6MTUsMzY2IC0tPiAwMDo0MDoxNywyMzINCk5vLiBEb24ndC4NCg0KNzg1DQowMDo0
        MDoxNywzMDEgLS0+IDAwOjQwOjE4LDczNA0KV2UgaGF2ZSB0by4gVGhhdCdzIGhvdyBpdCdzIGRv
        bmUuDQoNCjc4Ng0KMDA6NDA6MTgsODAzIC0tPiAwMDo0MDoyMCwwNjgNCk1vcnRhbHMgbXVzdG4n
        dCBrbm93Lg0KDQo3ODcNCjAwOjQwOjIwLDEzNyAtLT4gMDA6NDA6MjIsNDcxDQpIYXZlbid0IHlv
        dSBldmVyIHNlZW4gYSBzdXBlcmhlcm8gbW92aWU/DQoNCjc4OA0KMDA6NDA6MjIsNTQwIC0tPiAw
        MDo0MDoyNCw0NzMNCkxldCBoaW0gdGVsbCBwZW9wbGUuDQoNCjc4OQ0KMDA6NDA6MjQsNTQyIC0t
        PiAwMDo0MDoyNiw5NzUNCk5vIG9uZSB3aWxsIGJlbGlldmUNCmFub3RoZXIgaHlzdGVyaWNhbCBt
        YW4uDQoNCjc5MA0KMDA6NDA6MjcsMDQ0IC0tPiAwMDo0MDoyOSw5OTINClRydWUuIEl0J3MgYSAi
        aGUgc2FpZCwNCnNoZSBzYWlkIiBzaXR1YXRpb24uDQoNCjc5MQ0KMDA6NDA6MjksOTk4IC0tPiAw
        MDo0MDozMSwzMTMNClRocmVlIHNoZXMsIGluIGZhY3QuDQoNCjc5Mg0KMDA6NDA6MzEsMzE5IC0t
        PiAwMDo0MDozMiw5NTINClNvIGRvbid0IG1lc3Mgd2l0aCB1cywgQ2FtLg0KDQo3OTMNCjAwOjQw
        OjMzLDA4MyAtLT4gMDA6NDA6MzUsMDE3DQpHbyBob21lIGFuZCBjaGFuZ2UgeW91ciBraGFraXMu
        DQoNCjc5NA0KMDA6NDA6NDYsOTY0IC0tPiAwMDo0MDo1MCwyNjUNCi0gQXJlIHlvdSBzdXJlIEkg
        Y2FuIHN0YXkgaGVyZT8NCi0gWWVhaC4NCg0KNzk1DQowMDo0MDo1MSw5NTYgLS0+IDAwOjQwOjU1
        LDE1MA0KQW5kIHdlJ3JlIHNpc3RlcnMsIHNvLi4uDQoNCjc5Ng0KMDA6NDA6NTYsMTczIC0tPiAw
        MDo0MDo1Nyw3MzkNCllvdSBkb24ndCBoYXZlIHRvIGJlIGFsb25lIGFueW1vcmUsDQoNCjc5Nw0K
        MDA6NDA6NTcsODA4IC0tPiAwMDo0MDo1OSwyNDENCmV2ZW4gd2hlbiB5b3Ugd2FudCB0byBiZQ0K
        DQo3OTgNCjAwOjQwOjU5LDI0NyAtLT4gMDA6NDE6MDIsMTE0DQpiZWNhdXNlIEknbSB3YXJuaW5n
        IHlvdQ0Kbm93LCBNZWwgYW5kIEkgYXJlIGEgbG90Lg0KDQo3OTkNCjAwOjQxOjAzLDIxOCAtLT4g
        MDA6NDE6MDQsNzE1DQpJIGZvdW5kIGl0Lg0KDQo4MDANCjAwOjQxOjA1LDYwNSAtLT4gMDA6NDE6
        MDcsOTM5DQpMZXQncyBzZWUgaWYgaXQgd29ya3MuDQoNCjgwMQ0KMDA6NDE6MTQsNDA0IC0tPiAw
        MDo0MToxNSw2NzINCk1vbT8NCg0KODAyDQowMDo0MToxNSw5MjggLS0+IDAwOjQxOjE3LDc5NA0K
        QXJlIHlvdSB0aGVyZT8NCg0KODAzDQowMDo0MToyOCw0MzkgLS0+IDAwOjQxOjMwLDQ3Mg0KIkRv
        bid0LiIgRG9uJ3Qgd2hhdD8NCg0KODA0DQowMDo0MTozNCwzNzggLS0+IDAwOjQxOjM1LDg3OA0K
        IkRvbid0IHRydXN0Li4uIg0KDQo4MDUNCjAwOjQxOjM1LDk0NiAtLT4gMDA6NDE6MzgsOTgxDQoi
        SC1BLVItUi4uLiINCg0KODA2DQowMDo0MTozOSwwNDkgLS0+IDAwOjQxOjQwLDYxNg0KSGFycnk/
        IQ0KDQo4MDcNCjAwOjQxOjQwLDYyMiAtLT4gMDA6NDE6NDIsMDAxDQpMYWRpZXMuDQoNCjgwOA0K
        MDA6NDE6NDYsNjI0IC0tPiAwMDo0MTo0OCw3OTANCkknbSByaWdodCBoZXJlLg0KDQo4MDkNCjAw
        OjQxOjUxLDU2MiAtLT4gMDA6NDE6NTUsMzM1DQotIFN5bmNlZCBhbmQgY29ycmVjdGVkIGJ5IG1l
        ZHZpZGVjZWswMDcgLQ0KLSB3d3cuYWRkaWM3ZWQuY29tIC0NCg0K
    headers:
      CF-RAY:
      - 91189a9758d05bd8-LIS
      Cache-Control:
      - no-store, no-cache, must-revalidate
      Connection:
      - keep-alive
      Content-Disposition:
      - attachment; filename="Charmed (2018) 1x01 - Pilot.PLUTONiUM.en-en.srt"
      Content-Type:
      - text/srt;charset=UTF-8
      Date:
      - Thu, 13 Feb 2025 23:30:01 GMT
      Expires:
      - Thu, 19 Nov 1981 08:52:00 GMT
      NEL:
      - '{"success_fraction":0,"report_to":"cf-nel","max_age":604800}'
      Pragma:
      - no-cache
      Report-To:
      - '{"endpoints":[{"url":"https:\/\/a.nel.cloudflare.com\/report\/v4?s=%2FFt1cu5pTvSjBSpnqzt3Z78Rt%2F0Y7erL1umteAep3jw623Jy3bfe0zN%2Bi6x110ZK5cPksN9TePwKu7LEbv3oOvjxiHxxX1wEGXlcpSxAfeh8ja6Ff8MrPvPZvoM5xthC%2Fy20yQWo"}],"group":"cf-nel","max_age":604800}'
      Server:
      - cloudflare
      Transfer-Encoding:
      - chunked
      X-Powered-By:
      - PHP/7.4.14
      X-Robots-Tag:
      - noindex
      alt-svc:
      - h3=":443"; ma=86400
      cf-cache-status:
      - DYNAMIC
      server-timing:
      - cfL4;desc="?proto=TCP&rtt=3038&min_rtt=2990&rtt_var=1217&sent=4&recv=6&lost=0&retrans=0&sent_bytes=2848&recv_bytes=906&delivery_rate=858328&cwnd=238&unsent_bytes=0&cid=ffee7c8c93dee8f3&ts=186&x=0"
    status:
      code: 200
      message: OK
version: 1
