interactions:
- request:
    body: null
    headers:
      Accept:
      - '*/*'
      Accept-Encoding:
      - gzip, deflate, br, zstd
      Accept-Language:
      - en
      Connection:
      - keep-alive
      Content-Type:
      - application/json
      User-Agent:
      - Subliminal/2.1
    method: GET
    uri: https://api.themoviedb.org/3/search/tv?api_key=3dac925d5d494853ea6ef9161011fbb3&query=Shameless&language=en-US&page=1
  response:
    body:
      string: "{\"page\":1,\"results\":[{\"adult\":false,\"backdrop_path\":\"/bFVx0ydejF6NE8SEAVz95ns0o6A.jpg\",\"genre_ids\":[18,35],\"id\":34307,\"origin_country\":[\"US\"],\"original_language\":\"en\",\"original_name\":\"Shameless\",\"overview\":\"Chicagoan
        Frank Gallagher is the proud single dad of six smart, industrious, independent
        kids, who without him would be... perhaps better off. When Frank's not at
        the bar spending what little money they have, he's passed out on the floor.
        But the kids have found ways to grow up in spite of him. They may not be like
        any family you know, but they make no apologies for being exactly who they
        are.\",\"popularity\":1387.543,\"poster_path\":\"/9akij7PqZ1g6zl42DQQTtL9CTSb.jpg\",\"first_air_date\":\"2011-01-09\",\"name\":\"Shameless\",\"vote_average\":8.153,\"vote_count\":2561},{\"adult\":false,\"backdrop_path\":\"/1FWw7Q5gn74tYVsyLdo3AcO3LNR.jpg\",\"genre_ids\":[35,18],\"id\":1906,\"origin_country\":[\"GB\"],\"original_language\":\"en\",\"original_name\":\"Shameless\",\"overview\":\"The
        story of a young group of siblings pretty much abandoned by their parents,
        surviving by their wits - and humor - on a rough Manchester council estate.
        Whilst they won't admit it, they need help and find it in Steve, a young middle
        class lad who falls for Fiona, the oldest sibling, and increasingly finds
        himself drawn to this unconventional and unique family. Anarchic family life
        seen through the eyes of an exceptionally bright fifteen year old, who struggles
        to come of age in the context of his belligerent father, closeted brother,
        psychotic sister and internet porn star neighbors.\",\"popularity\":323.974,\"poster_path\":\"/kE30UWJvJZ03KIIJMmL6m6YoG0l.jpg\",\"first_air_date\":\"2004-01-13\",\"name\":\"Shameless\",\"vote_average\":7.649,\"vote_count\":114},{\"adult\":false,\"backdrop_path\":\"/1pX22o8ivcMI09sZIORdaUX6f3h.jpg\",\"genre_ids\":[18,35],\"id\":86005,\"origin_country\":[\"RU\"],\"original_language\":\"ru\",\"original_name\":\"\u0411\u0435\u0441\u0441\u0442\u044B\u0434\u043D\u0438\u043A\u0438\",\"overview\":\"\",\"popularity\":39.087,\"poster_path\":\"/jkBLMwU7RKZBovtVMyhNOaIwtDW.jpg\",\"first_air_date\":\"2017-09-24\",\"name\":\"Shameless\",\"vote_average\":6.0,\"vote_count\":3},{\"adult\":false,\"backdrop_path\":\"/xY56FG5LaFQZVkCOdJkDxIXaMlO.jpg\",\"genre_ids\":[18],\"id\":208736,\"origin_country\":[\"US\"],\"original_language\":\"en\",\"original_name\":\"Shameless
        Hall of Shame\",\"overview\":\"Retrospective look at ten seasons of Gallagher
        trials and tribulations.\",\"popularity\":59.783,\"poster_path\":\"/ezSi7VR7247XbkwapsjCkF70ooB.jpg\",\"first_air_date\":\"2020-12-22\",\"name\":\"Shameless
        Hall of Shame\",\"vote_average\":8.7,\"vote_count\":7},{\"adult\":false,\"backdrop_path\":\"/6cgWun89mHPxIjXkIlrbJDhMU5z.jpg\",\"genre_ids\":[99],\"id\":120399,\"origin_country\":[\"DK\"],\"original_language\":\"da\",\"original_name\":\"Skaml\xF8s\",\"overview\":\"Is
        it SHAMELESS to feel like having a lot of sex when you are a young woman?
        In DR3\u2019s new reportage series, we follow three strong young women who
        defy prejudice and shame and set their sexual desires free. Here it is Inger,
        Asmita and Sofie who \\\"take and give\\\" as the most natural. They refuse
        to degrade female sexuality into something that should be overlooked, suppressed,
        or felt wrong. We open the door to the most intimate of their lives and experience
        all that is not normally said out loud. For Inger, Asmita and Sofie insist
        that it should be possible to have an open sex life as a woman in 2021 without
        being labeled \\\"cheap\\\".\",\"popularity\":3.156,\"poster_path\":\"/cFjwl6Uc7PSv7lHsP44PbeOEbx9.jpg\",\"first_air_date\":\"2021-03-07\",\"name\":\"Shameless\",\"vote_average\":2.0,\"vote_count\":1},{\"adult\":false,\"backdrop_path\":null,\"genre_ids\":[],\"id\":109353,\"origin_country\":[],\"original_language\":\"nb\",\"original_name\":\"Skaml\xF8s\",\"overview\":\"Sofia
        Srour and Nancy Herz about sex, virginity, faith, honour, and social control.\",\"popularity\":1.213,\"poster_path\":null,\"first_air_date\":\"2020-09-09\",\"name\":\"Shameless\",\"vote_average\":0.0,\"vote_count\":0},{\"adult\":false,\"backdrop_path\":\"/6QUYgDaET9VT73t7LDEjkyzXg9y.jpg\",\"genre_ids\":[99,10764],\"id\":157512,\"origin_country\":[\"US\"],\"original_language\":\"en\",\"original_name\":\"Rich
        \\u0026 Shameless\",\"overview\":\"The true stories of the successes, failures,
        thrills and miseries that accompany the kind of wealth that ordinary people
        can never understand. Using a combination of powerful interviews, unique archive
        and atmospheric visuals, Rich \\u0026 Shameless goes behind the public facade
        to reveal the dangers of great prosperity.\",\"popularity\":33.139,\"poster_path\":\"/6CnIuXJLCHX3NCa3BqtbjLjUcQt.jpg\",\"first_air_date\":\"2022-02-19\",\"name\":\"Rich
        \\u0026 Shameless\",\"vote_average\":7.0,\"vote_count\":1}],\"total_pages\":1,\"total_results\":7}"
    headers:
      Alt-Svc:
      - h3=":443"; ma=86400
      Cache-Control:
      - public, max-age=20500
      Connection:
      - keep-alive
      Content-Encoding:
      - br
      Content-Type:
      - application/json;charset=utf-8
      Date:
      - Wed, 22 May 2024 22:26:08 GMT
      ETag:
      - W/"cff20c4c76187dbb0d95899b4e567fd6"
      Server:
      - openresty
      Transfer-Encoding:
      - chunked
      Vary:
      - Accept-Encoding,accept-encoding
      - Origin
      Via:
      - 1.1 42c937f806e6e43029a719b83b9a8612.cloudfront.net (CloudFront)
      X-Amz-Cf-Id:
      - G6sQlW8MkSlXW8L2bm5I5BieA5c6dEjLzPKrm40XBpCmIZ_zy_CL7w==
      X-Amz-Cf-Pop:
      - LIS50-P1
      X-Cache:
      - Miss from cloudfront
      x-memc:
      - HIT
      x-memc-age:
      - '5080'
      x-memc-expires:
      - '20500'
      x-memc-key:
      - 09f24a346559febfe43ecd25ae0a1f9f
    status:
      code: 200
      message: OK
- request:
    body: null
    headers:
      Accept:
      - '*/*'
      Accept-Encoding:
      - gzip, deflate, br, zstd
      Accept-Language:
      - en
      Connection:
      - keep-alive
      Content-Type:
      - application/json
      User-Agent:
      - Subliminal/2.1
    method: GET
    uri: https://api.themoviedb.org/3/tv/34307?api_key=3dac925d5d494853ea6ef9161011fbb3&append_to_response=external_ids
  response:
    body:
      string: "{\"adult\":false,\"backdrop_path\":\"/bFVx0ydejF6NE8SEAVz95ns0o6A.jpg\",\"created_by\":[{\"id\":47333,\"credit_id\":\"60762d12c392660058efb809\",\"name\":\"John
        Wells\",\"original_name\":\"John Wells\",\"gender\":2,\"profile_path\":\"/j1cEQmFdSkew87UjO354qeppo1G.jpg\"},{\"id\":1212184,\"credit_id\":\"5b9b133dc3a3686c0200c416\",\"name\":\"Paul
        Abbott\",\"original_name\":\"Paul Abbott\",\"gender\":2,\"profile_path\":\"/nOSdxmbKRuoVnh29cG1x5fZlBLj.jpg\"}],\"episode_run_time\":[],\"first_air_date\":\"2011-01-09\",\"genres\":[{\"id\":18,\"name\":\"Drama\"},{\"id\":35,\"name\":\"Comedy\"}],\"homepage\":\"http://www.sho.com/shameless\",\"id\":34307,\"in_production\":false,\"languages\":[\"en\"],\"last_air_date\":\"2021-04-11\",\"last_episode_to_air\":{\"id\":2771080,\"overview\":\"Ian
        and Mickey shop for furniture for their new place and Kev and V look for a
        buyer for the Alibi. While Lip settles for a new job, Carl finally finds his
        calling in a new role on the police force. Debbie plunges into a treacherous
        world when she meets someone new. Frank comes to terms with his own mortality.\",\"name\":\"Father
        Frank, Full of Grace\",\"vote_average\":6.1,\"vote_count\":7,\"air_date\":\"2021-04-11\",\"episode_number\":12,\"episode_type\":\"finale\",\"production_code\":\"\",\"runtime\":57,\"season_number\":11,\"show_id\":34307,\"still_path\":\"/tGp0pGTCLcQI6IJPVWSf4AFvpId.jpg\"},\"name\":\"Shameless\",\"next_episode_to_air\":null,\"networks\":[{\"id\":67,\"logo_path\":\"/Allse9kbjiP6ExaQrnSpIhkurEi.png\",\"name\":\"Showtime\",\"origin_country\":\"US\"}],\"number_of_episodes\":134,\"number_of_seasons\":11,\"origin_country\":[\"US\"],\"original_language\":\"en\",\"original_name\":\"Shameless\",\"overview\":\"Chicagoan
        Frank Gallagher is the proud single dad of six smart, industrious, independent
        kids, who without him would be... perhaps better off. When Frank's not at
        the bar spending what little money they have, he's passed out on the floor.
        But the kids have found ways to grow up in spite of him. They may not be like
        any family you know, but they make no apologies for being exactly who they
        are.\",\"popularity\":1387.543,\"poster_path\":\"/9akij7PqZ1g6zl42DQQTtL9CTSb.jpg\",\"production_companies\":[{\"id\":37423,\"logo_path\":null,\"name\":\"Bonanza
        Productions\",\"origin_country\":\"US\"},{\"id\":1512,\"logo_path\":null,\"name\":\"John
        Wells Productions\",\"origin_country\":\"US\"},{\"id\":1957,\"logo_path\":\"/pJJw98MtNFC9cHn3o15G7vaUnnX.png\",\"name\":\"Warner
        Bros. Television\",\"origin_country\":\"US\"},{\"id\":4343,\"logo_path\":\"/rXq1B1Hnkdnw6soz1zoGcslK3wb.png\",\"name\":\"Showtime
        Networks\",\"origin_country\":\"US\"},{\"id\":168706,\"logo_path\":\"/gwVk8GKPghzEg2hg1GLzZpVQ9Ry.png\",\"name\":\"Anthony
        Hemingway Productions\",\"origin_country\":\"US\"},{\"id\":11842,\"logo_path\":\"/eNw316EUzXBLVOzlZPVwOcPKoDw.png\",\"name\":\"Company
        Pictures\",\"origin_country\":\"GB\"}],\"production_countries\":[{\"iso_3166_1\":\"US\",\"name\":\"United
        States of America\"}],\"seasons\":[{\"air_date\":\"2010-12-12\",\"episode_count\":39,\"id\":45139,\"name\":\"Specials\",\"overview\":\"\",\"poster_path\":\"/mEsacM6KmTf6z9kDVMisXw0EGmR.jpg\",\"season_number\":0,\"vote_average\":0.0},{\"air_date\":\"2011-01-09\",\"episode_count\":12,\"id\":45137,\"name\":\"Season
        1\",\"overview\":\"Frank goes missing and turns up in Toronto, tries without
        success to embrace sobriety, and bends the law to protect his disability checks.
        Fiona falls for Steve, a handsome player with a nice car, a fat wallet, and
        a big secret. Ian embraces his sexuality, much to the chagrin of his brainy
        brother Lip. Debbie goes too far at a child's birthday party. Monica shows
        up with an announcement about baby Liam.\",\"poster_path\":\"/3L0ewQDnvgWdfL8rYi4fdHeiell.jpg\",\"season_number\":1,\"vote_average\":7.8},{\"air_date\":\"2012-01-08\",\"episode_count\":12,\"id\":45138,\"name\":\"Season
        2\",\"overview\":\"Frank and Monica rekindle their self-destructive relationship
        after Frank's mother returns from prison to wreak havoc. Fiona is thrown for
        a loop when Steve returns from Rio with a surprise. Lip makes big changes
        in preparation for the arrival of his and Karen's baby. Karen and Sheila clash
        over Karen's new husband Jody, a good-hearted but weird guy she met in Sexaholics
        Anonymous. Ian tries to get into West Point. Debbie prepares for the onset
        of puberty. Kev and Veronica contemplate starting a family.\",\"poster_path\":\"/v7yEZZCMXgSMoGBr4DRcj4wwBGt.jpg\",\"season_number\":2,\"vote_average\":7.3},{\"air_date\":\"2013-01-13\",\"episode_count\":12,\"id\":45140,\"name\":\"Season
        3\",\"overview\":\"Season three finds each member of the Gallagher family
        seeking their individual version of the \u201CAmerican Dream.\u201D Jimmy
        has moved into the Gallagher home, and Fiona is beginning to realize that
        a long-term relationship isn\u2019t nearly as fulfilling as she expected\u2026
        and her GED will only get her so far. Meanwhile, Frank reappears south of
        the border, with no idea how he got there.\",\"poster_path\":\"/j4tFVJ926chUO9rWfHxCVw6WP18.jpg\",\"season_number\":3,\"vote_average\":7.5},{\"air_date\":\"2014-01-12\",\"episode_count\":12,\"id\":45141,\"name\":\"Season
        4\",\"overview\":\"The crazy Gallaghers returned. They have new issues. Lip
        went to college. Fiona\u2019s life is gradually improving. She has a stable
        job. The whole family is waiting for news about the health of Frank. Can the
        Gallaghers finally realize the middle class American dream? This ain\u2019t
        no tea party.\",\"poster_path\":\"/xunL4azPNRRVYqPqLhxgezwAUBr.jpg\",\"season_number\":4,\"vote_average\":7.8},{\"air_date\":\"2015-01-11\",\"episode_count\":12,\"id\":63466,\"name\":\"Season
        5\",\"overview\":\"Season five finds the Gallaghers dealing with both the
        upside and downside of personal and urban renewal. As their neighborhood begins
        a move towards gentrifying, the Gallagher clan begins to reconcile their chaotic
        past in the hopes of building a better future.\",\"poster_path\":\"/hq3BoH2LJfwInCTn3Vc3k8NGfBC.jpg\",\"season_number\":5,\"vote_average\":8.2},{\"air_date\":\"2016-01-10\",\"episode_count\":12,\"id\":70404,\"name\":\"Season
        6\",\"overview\":\"Season six picks up a few months after last season\u2019s
        finale, as the Gallaghers prepare for yet another long Chicago winter. Frank
        is still mourning his big loss, while his newfound appreciation for life is
        freaking the Gallaghers out. This season sees more than just the arctic Lake
        Michigan winds whipping through the Southside. Carl\u2019s out of juvie. While
        Fiona struggles with a still-unstable Ian to take his meds, she\u2019s also
        got another situation looming as Debbie faces a brand new baby-mama-drama.\",\"poster_path\":\"/AnA6suQeG9vBF0tx3IFKCLPdq3m.jpg\",\"season_number\":6,\"vote_average\":8.1},{\"air_date\":\"2016-10-02\",\"episode_count\":12,\"id\":77841,\"name\":\"Season
        7\",\"overview\":\"The Gallaghers have always scraped by, but season seven
        finds some of them finally getting a leg up, with more changes than the Chicago
        River. When Frank awakens from a coma to learn that his loved ones tossed
        him in the river, he declares war \u2013 Gallagher vs. Gallagher. But Fiona
        is too busy improving her own life to worry about Frank\u2019s. Gallagher
        Golden Boy Lip finishes up his time in rehab, and emerges with a new outlook
        on alcoholism and his future, whereas the once-unstable Ian is now thriving
        as an EMT and in a comfortable relationship. Debbie is still figuring out
        how to be a good mom to young Franny, while Carl has some big decisions to
        face as he enters manhood.\",\"poster_path\":\"/eOqXdkg0flz99a0OXpNKoQTSp7Z.jpg\",\"season_number\":7,\"vote_average\":7.1},{\"air_date\":\"2017-11-05\",\"episode_count\":12,\"id\":91214,\"name\":\"Season
        8\",\"overview\":\"In season 8 the Gallaghers are finally on an upswing! Frank
        tries to become a contributing member of society, Fiona finds success as a
        landlord, Lip struggles to stay sober, Ian takes up a cause, and Debbie tries
        life as a working single mom.\",\"poster_path\":\"/1E6asdJoCpoalo8mrFerAHFKANj.jpg\",\"season_number\":8,\"vote_average\":7.8},{\"air_date\":\"2018-09-09\",\"episode_count\":14,\"id\":104861,\"name\":\"Season
        9\",\"overview\":\"In season 9, political fervor hits the South Side, and
        the Gallaghers take justice into their own hands. Frank sees financial opportunity
        in campaigning and Fiona tries to build on the success of her apartment building.\",\"poster_path\":\"/von3HnQF4SokUopZV6FXt12NfXM.jpg\",\"season_number\":9,\"vote_average\":8.0},{\"air_date\":\"2019-11-10\",\"episode_count\":12,\"id\":128829,\"name\":\"Season
        10\",\"overview\":\"Season ten picks up six months after last season\u2019s
        finale: Frank uses his leg injury to collect as many prescription drugs as
        possible and his exploits lead him to an old friend. Debbie rules over the
        Gallagher household with an iron fist. Lip navigates his relationship with
        Tami. And Gallavich returns as Ian and Mickey rekindle their relationship
        in prison as both cellmates and lovers.\",\"poster_path\":\"/m2gf7SYOq9z30Q1dJFMF51DfrmF.jpg\",\"season_number\":10,\"vote_average\":7.3},{\"air_date\":\"2020-12-06\",\"episode_count\":12,\"id\":142132,\"name\":\"Season
        11\",\"overview\":\"As Frank confronts his own mortality and family ties in
        his alcoholic and drug induced twilight years, Lip struggles with the prospect
        of becoming the family\u2019s new patriarch. Newlyweds Ian and Mickey are
        figuring out the rules and responsibilities of being in a committed relationship
        while Deb embraces her individuality and single motherhood. Carl finds an
        unlikely new career in law enforcement and Kevin and V struggle to decide
        whether a hard life on the South Side is worth fighting for.\",\"poster_path\":\"/9akij7PqZ1g6zl42DQQTtL9CTSb.jpg\",\"season_number\":11,\"vote_average\":7.1}],\"spoken_languages\":[{\"english_name\":\"English\",\"iso_639_1\":\"en\",\"name\":\"English\"}],\"status\":\"Ended\",\"tagline\":\"The
        Gallaghers. Absolutely, Wildly, Unapologetically... Shameless\",\"type\":\"Scripted\",\"vote_average\":8.153,\"vote_count\":2560,\"external_ids\":{\"imdb_id\":\"tt1586680\",\"freebase_mid\":\"/m/0dll6_j\",\"freebase_id\":null,\"tvdb_id\":161511,\"tvrage_id\":25117,\"wikidata_id\":\"Q23599\",\"facebook_id\":\"ShamelessOnShowtime\",\"instagram_id\":\"shameless\",\"twitter_id\":\"SHO_Shameless\"}}"
    headers:
      Alt-Svc:
      - h3=":443"; ma=86400
      Cache-Control:
      - public, max-age=490
      Connection:
      - keep-alive
      Content-Encoding:
      - br
      Content-Type:
      - application/json;charset=utf-8
      Date:
      - Wed, 22 May 2024 22:26:08 GMT
      ETag:
      - W/"b38347a2c77c1bccb2e7a771568070de"
      Server:
      - openresty
      Transfer-Encoding:
      - chunked
      Vary:
      - Accept-Encoding,accept-encoding
      - Origin
      Via:
      - 1.1 735dd7fa3c296627cd805d04e3e3a3e8.cloudfront.net (CloudFront)
      X-Amz-Cf-Id:
      - rEXgXxGYj0wMFCjQKM-rb-O0dDy0uqURGhCceofPN_BcVtGlynCDuw==
      X-Amz-Cf-Pop:
      - LIS50-P1
      X-Cache:
      - Miss from cloudfront
    status:
      code: 200
      message: OK
- request:
    body: null
    headers:
      Accept:
      - '*/*'
      Accept-Encoding:
      - gzip, deflate, br, zstd
      Accept-Language:
      - en
      Connection:
      - keep-alive
      Content-Type:
      - application/json
      User-Agent:
      - Subliminal/2.1
    method: GET
    uri: https://api.themoviedb.org/3/tv/34307/season/8/episode/1?api_key=3dac925d5d494853ea6ef9161011fbb3&append_to_response=external_ids
  response:
    body:
      string: '{"air_date":"2017-11-05","crew":[{"job":"Director","department":"Directing","credit_id":"5fdbb24f7776f0003f3145e2","adult":false,"gender":2,"id":80161,"known_for_department":"Directing","name":"Iain
        B. MacDonald","original_name":"Iain B. MacDonald","popularity":5.57,"profile_path":"/cxCwbSjnomHNGgvW2EP6YSr4hXv.jpg"}],"episode_number":1,"guest_stars":[{"character":"Brad","credit_id":"5e69c30e357c0000163dd9e9","order":16,"adult":false,"gender":2,"id":65728,"known_for_department":"Acting","name":"Scott
        Michael Campbell","original_name":"Scott Michael Campbell","popularity":22.513,"profile_path":"/p1fKMI59U489Rys9xvqzdTLxPrL.jpg"},{"character":"Trevor","credit_id":"580dc46fc3a3682413018437","order":19,"adult":false,"gender":2,"id":1601960,"known_for_department":"Acting","name":"Elliot
        Fletcher","original_name":"Elliot Fletcher","popularity":17.845,"profile_path":"/5vv8EFHAhkaeaV82VXcfAIROro7.jpg"},{"character":"Eddie","credit_id":"5b30b9a19251413c580004ee","order":547,"adult":false,"gender":1,"id":1578220,"known_for_department":"Acting","name":"Levy
        Tran","original_name":"Levy Tran","popularity":28.276,"profile_path":"/ungYHOdC0DETelUD8I6FR1bFdn.jpg"},{"character":"Farhad","credit_id":"5b9b8470c3a3686c08012f1e","order":551,"adult":false,"gender":2,"id":1561485,"known_for_department":"Acting","name":"Peter
        Banifaz","original_name":"Peter Banifaz","popularity":8.366,"profile_path":"/fQXcGOpKU8mzkYNyzXrmtXP5In4.jpg"},{"character":"Charlie","credit_id":"5bf29986c3a368189f083e89","order":557,"adult":false,"gender":2,"id":1421688,"known_for_department":"Acting","name":"Chet
        Hanks","original_name":"Chet Hanks","popularity":11.676,"profile_path":"/rk4WtugPbBHtx9FtsC4spM89kMY.jpg"},{"character":"Clyde
        Youens","credit_id":"5e7bf40e109dec1ebb00eafa","order":661,"adult":false,"gender":2,"id":3008,"known_for_department":"Acting","name":"Alan
        Rosenberg","original_name":"Alan Rosenberg","popularity":24.291,"profile_path":"/fk5nR9aLZBjGA67J5SOK3FWjjWF.jpg"},{"character":"Carson","credit_id":"65d0ffcfc144dd017cbdef16","order":779,"adult":false,"gender":2,"id":2533916,"known_for_department":"Acting","name":"Ricardo
        Walker","original_name":"Ricardo Walker","popularity":7.878,"profile_path":"/r5jDeWnRJMiR8sCHPVbpe0z7cLd.jpg"}],"name":"We
        Become What We... Frank!","overview":"The Gallaghers find themselves with
        money to burn as Carl sells their inheritance from Monica. Fiona swears off
        random hookups to focus on her new apartment building. Lip deals with the
        sacrifice that comes with sobriety. Frank emerges out of a meth-induced haze
        to make amends for decades of depravity.","id":1347196,"production_code":"","runtime":57,"season_number":8,"still_path":"/7HGoqjNuUbjpLyhM2xJSt4JPTa3.jpg","vote_average":6.9,"vote_count":22,"external_ids":{"imdb_id":"tt6347410","freebase_mid":null,"freebase_id":null,"tvdb_id":6227949,"tvrage_id":null,"wikidata_id":"Q105671664"}}'
    headers:
      Alt-Svc:
      - h3=":443"; ma=86400
      Cache-Control:
      - public, max-age=4253
      Connection:
      - keep-alive
      Content-Encoding:
      - br
      Content-Type:
      - application/json;charset=utf-8
      Date:
      - Wed, 22 May 2024 22:26:09 GMT
      ETag:
      - W/"e7e0db58151a1c138400c63c91699a55"
      Server:
      - openresty
      Transfer-Encoding:
      - chunked
      Vary:
      - Accept-Encoding,accept-encoding
      - Origin
      Via:
      - 1.1 c6ccd07e1e50408d404ed1f9dd2506ce.cloudfront.net (CloudFront)
      X-Amz-Cf-Id:
      - QpisG34YUYTLecKmNWzlAsZbNMN7_767asMZbioSdqBkd2FfYFCOIQ==
      X-Amz-Cf-Pop:
      - LIS50-P1
      X-Cache:
      - Miss from cloudfront
    status:
      code: 200
      message: OK
version: 1
